16:19:17 **** Incremental Build of configuration Debug for project evkbimxrt1050_iled_blinky ****
make -r -j12 all 
make[1]: Nothing to be done for 'main-build'.
Performing post-build steps
arm-none-eabi-size "evkbimxrt1050_iled_blinky.axf"; # arm-none-eabi-objcopy -v -O binary "evkbimxrt1050_iled_blinky.axf" "evkbimxrt1050_iled_blinky.bin" ; # checksum -p MIMXRT1052xxxxB -d "evkbimxrt1050_iled_blinky.bin";
   text	   data	    bss	    dec	    hex	filename
  22752	      4	   8500	  31256	   7a18	evkbimxrt1050_iled_blinky.axf
 

16:19:18 Build Finished. 0 errors, 0 warnings. (took 321ms)

