16:06:35 **** Incremental Build of configuration Debug for project evkbimxrt1050_enc_basic ****
make -r -j12 all 
make[1]: Nothing to be done for 'main-build'.
Performing post-build steps
arm-none-eabi-size "evkbimxrt1050_enc_basic.axf"; # arm-none-eabi-objcopy -v -O binary "evkbimxrt1050_enc_basic.axf" "evkbimxrt1050_enc_basic.bin" ; # checksum -p MIMXRT1052xxxxB -d "evkbimxrt1050_enc_basic.bin";
   text	   data	    bss	    dec	    hex	filename
  29488	      4	   8480	  37972	   9454	evkbimxrt1050_enc_basic.axf
 

16:06:35 Build Finished. 0 errors, 0 warnings. (took 136ms)

