D:\Gagana\VMS_HMI_TEST_SOFTWARE_DEVLOPMENT\20240403\VMS_HMI_DISPLAY_SW\BD155_P_V1_0_0\McuXpresso\VMS_Display_V0\CMSIS/core_cm7.h:1902:22:__NVIC_EnableIRQ	16	static
D:\Gagana\VMS_HMI_TEST_SOFTWARE_DEVLOPMENT\20240403\VMS_HMI_DISPLAY_SW\BD155_P_V1_0_0\McuXpresso\VMS_Display_V0\CMSIS/core_cm7.h:2032:22:__NVIC_SetPriority	16	static
D:\Gagana\VMS_HMI_TEST_SOFTWARE_DEVLOPMENT\20240403\VMS_HMI_DISPLAY_SW\BD155_P_V1_0_0\McuXpresso\VMS_Display_V0\CMSIS/core_cm7.h:2629:26:SysTick_Config	8	static
D:\Gagana\VMS_HMI_TEST_SOFTWARE_DEVLOPMENT\20240403\VMS_HMI_DISPLAY_SW\BD155_P_V1_0_0\McuXpresso\VMS_Display_V0\drivers/fsl_clock.h:1112:20:CLOCK_SetMux	16	static
D:\Gagana\VMS_HMI_TEST_SOFTWARE_DEVLOPMENT\20240403\VMS_HMI_DISPLAY_SW\BD155_P_V1_0_0\McuXpresso\VMS_Display_V0\drivers/fsl_clock.h:1150:20:CLOCK_SetDiv	16	static
D:\Gagana\VMS_HMI_TEST_SOFTWARE_DEVLOPMENT\20240403\VMS_HMI_DISPLAY_SW\BD155_P_V1_0_0\McuXpresso\VMS_Display_V0\drivers/fsl_common_arm.h:488:24:EnableIRQ	8	static
D:\Gagana\VMS_HMI_TEST_SOFTWARE_DEVLOPMENT\20240403\VMS_HMI_DISPLAY_SW\BD155_P_V1_0_0\McuXpresso\VMS_Display_V0\drivers/fsl_adc.h:275:24:ADC_GetChannelConversionValue	8	static
D:\Gagana\VMS_HMI_TEST_SOFTWARE_DEVLOPMENT\20240403\VMS_HMI_DISPLAY_SW\BD155_P_V1_0_0\McuXpresso\VMS_Display_V0\drivers/fsl_adc.h:300:24:ADC_GetChannelStatusFlags	8	static
D:\Gagana\VMS_HMI_TEST_SOFTWARE_DEVLOPMENT\20240403\VMS_HMI_DISPLAY_SW\BD155_P_V1_0_0\McuXpresso\VMS_Display_V0\drivers/fsl_adc.h:358:20:ADC_EnableHardwareTrigger	0	static
D:\Gagana\VMS_HMI_TEST_SOFTWARE_DEVLOPMENT\20240403\VMS_HMI_DISPLAY_SW\BD155_P_V1_0_0\McuXpresso\VMS_Display_V0\drivers/fsl_gpio.h:101:20:GPIO_WritePinOutput	8	static
D:\Gagana\VMS_HMI_TEST_SOFTWARE_DEVLOPMENT\20240403\VMS_HMI_DISPLAY_SW\BD155_P_V1_0_0\McuXpresso\VMS_Display_V0\drivers/fsl_gpio.h:205:23:GPIO_PinReadPadStatus	8	static
D:\Gagana\VMS_HMI_TEST_SOFTWARE_DEVLOPMENT\20240403\VMS_HMI_DISPLAY_SW\BD155_P_V1_0_0\McuXpresso\VMS_Display_V0\drivers/fsl_gpio.h:216:23:GPIO_ReadPadStatus	8	static
D:\Gagana\VMS_HMI_TEST_SOFTWARE_DEVLOPMENT\20240403\VMS_HMI_DISPLAY_SW\BD155_P_V1_0_0\McuXpresso\VMS_Display_V0\drivers/fsl_gpt.h:270:20:GPT_StartTimer	0	static
D:\Gagana\VMS_HMI_TEST_SOFTWARE_DEVLOPMENT\20240403\VMS_HMI_DISPLAY_SW\BD155_P_V1_0_0\McuXpresso\VMS_Display_V0\drivers/fsl_qtmr.h:384:20:QTMR_StartTimer	0	static
D:\Gagana\VMS_HMI_TEST_SOFTWARE_DEVLOPMENT\20240403\VMS_HMI_DISPLAY_SW\BD155_P_V1_0_0\McuXpresso\VMS_Display_V0\drivers/fsl_lpi2c.h:803:24:LPI2C_MasterRepeatedStart	8	static
D:\Gagana\VMS_HMI_TEST_SOFTWARE_DEVLOPMENT\20240403\VMS_HMI_DISPLAY_SW\BD155_P_V1_0_0\McuXpresso\VMS_Display_V0\drivers/fsl_pwm.h:769:20:PWM_StartTimer	0	static
D:\Gagana\VMS_HMI_TEST_SOFTWARE_DEVLOPMENT\20240403\VMS_HMI_DISPLAY_SW\BD155_P_V1_0_0\McuXpresso\VMS_Display_V0\drivers/fsl_pwm.h:886:20:PWM_SetPwmLdok	0	static
D:\Gagana\VMS_HMI_TEST_SOFTWARE_DEVLOPMENT\20240403\VMS_HMI_DISPLAY_SW\BD155_P_V1_0_0\McuXpresso\VMS_Display_V0\drivers/fsl_pwm.h:953:20:PWM_SetupFaultDisableMap	8	static
../source/Files_Application/sourceMain.c:22:6:BOARD_InitLcd	24	static
../source/Files_Application/sourceMain.c:52:6:BOARD_InitLcdifPixelClock	24	static
../source/Files_Application/sourceMain.c:86:6:BOARD_InitGPT	24	static
../source/Files_Application/sourceMain.c:104:6:USB_OTG1_IRQHandler	8	static
../source/Files_Application/sourceMain.c:109:6:USB_OTG2_IRQHandler	8	static
../source/Files_Application/sourceMain.c:114:6:USB_HostClockInit	16	static
../source/Files_Application/sourceMain.c:135:6:USB_HostIsrEnable	16	static
../source/Files_Application/sourceMain.c:152:6:USB_HostTaskFn	8	static
../source/Files_Application/sourceMain.c:167:21:USB_HostEvent	8	static
../source/Files_Application/sourceMain.c:254:13:USB_HostApplicationInit	8	static
../source/Files_Application/sourceMain.c:276:6:TMR3_IRQHandler	8	static
../source/Files_Application/sourceMain.c:286:6:Init_SysTick	8	static
../source/Files_Application/sourceMain.c:298:6:SysTick_Handler	8	static
../source/Files_Application/sourceMain.c:747:10:millis	0	static
../source/Files_Application/sourceMain.c:755:6:Min_max_gauge_values	8	static
../source/Files_Application/sourceMain.c:839:5:main	8	static
../source/Files_Application/sourceMain.c:908:6:Initialization	8	static
../source/Files_Application/sourceMain.c:969:5:funcSdCardApplication	16	static
../source/Files_Application/sourceMain.c:1016:17:sdcardWaitCardInsert	16	static
../source/Files_Application/sourceMain.c:1044:6:VariablesInit	24	static
../source/Files_Application/sourceMain.c:1227:6:funcSdCardtest	8	static
../source/Files_Application/sourceMain.c:1332:6:Store_Dmlog_Frame_From_Into_SDCard	688	static
../source/Files_Application/sourceMain.c:1522:6:write_value_to_SDcard	32	static
../source/Files_Application/sourceMain.c:1551:6:write_string_to_SDcard	16	static
../source/Files_Application/sourceMain.c:1575:6:store_raw_can_data_into_sd_card	80	static
../source/Files_Application/sourceMain.c:1640:9:DetectSDCard	16	static
../source/Files_Application/sourceMain.c:1685:6:funcsdcardtrail	16	static
../source/Files_Application/sourceMain.c:1708:6:funcstore30secrawcandataintosdcard	8	static
../source/Files_Application/sourceMain.c:1741:6:funcstoreDM1faultmesgesintoSdcard	16	static
../source/Files_Application/sourceMain.c:1835:6:funcReadRawDatafromSdCard	16	static
../source/Files_Application/sourceMain.c:1880:6:funcReadFaultDatafromSdCard	16	static
../source/Files_Application/sourceMain.c:1925:6:funcWriteMinMaxToSdCard	176	static
../source/Files_Application/sourceMain.c:1956:6:funcWriteDataloggingToSdCard	176	static
../source/Files_Application/sourceMain.c:1989:6:store_minmax_to_sd_card	104	static
../source/Files_Application/sourceMain.c:2374:6:store_Datalogging_to_sd_card	104	static
../source/Files_Application/sourceMain.c:2799:6:FuncStringPrint	8	static
../source/Files_Application/sourceMain.c:2825:6:FuncfaultlogStringPrint	8	static
../source/Files_Application/sourceMain.c:2843:6:funcPrintParameterType	8	static
../source/Files_Application/sourceMain.c:2896:6:funcPrintErrorType	8	static
../source/Files_Application/sourceMain.c:2925:6:funcTempHextoAscii	32	static
../source/Files_Application/sourceMain.c:2986:6:funcfaultTempHextoAscii	32	static
../source/Files_Application/sourceMain.c:3032:6:funcReadMinMaxfromSDcard	16	static
../source/Files_Application/sourceMain.c:3072:6:funcReadDataLogfromSdCard	16	static
../source/Files_Application/sourceMain.c:3117:6:InitAdc	16	static
../source/Files_Application/sourceMain.c:3136:14:ReadADCValues	16	static
../source/Files_Application/sourceMain.c:3168:6:FreqCaptureInit	24	static
../source/Files_Application/sourceMain.c:3186:15:Readfrequency	8	static
../source/Files_Application/sourceMain.c:3224:6:I2cWrite	16	static
../source/Files_Application/sourceMain.c:3234:10:I2cRead	24	static
../source/Files_Application/sourceMain.c:3247:6:WriteRTC	8	static
../source/Files_Application/sourceMain.c:3282:6:ReadRTC	32	static
../source/Files_Application/sourceMain.c:3319:10:bcd2bin	0	static
../source/Files_Application/sourceMain.c:3324:10:hexa2bcd_rtc	4	static
../source/Files_Application/sourceMain.c:3337:6:RTCInit	8	static
../source/Files_Application/sourceMain.c:3349:6:Max22190Init	8	static
../source/Files_Application/sourceMain.c:3371:6:WriteSpiMax22190	16	static
../source/Files_Application/sourceMain.c:3382:6:ClockDataOut	16	static
../source/Files_Application/sourceMain.c:3401:10:Max22190DeviceProcess	16	static
../source/Files_Application/sourceMain.c:3427:9:ClockDataIn	16	static
../source/Files_Application/sourceMain.c:3452:6:DelayUs1	8	static
../source/Files_Application/sourceMain.c:3464:6:ReadandProcessallADCchannels	8	static
../source/Files_Application/sourceMain.c:3549:6:funcProcessCOTValue	16	static
../source/Files_Application/sourceMain.c:3583:6:funcProcessEOPValue	8	static
../source/Files_Application/sourceMain.c:3650:6:funcProcessBatteryVolValue	8	static
../source/Files_Application/sourceMain.c:3678:6:ConvertFREQtoRPM	8	static
../source/Files_Application/sourceMain.c:3687:6:funcProcessTOPValue	8	static
../source/Files_Application/sourceMain.c:3720:6:funcMUXSelected	8	static
../source/Files_Application/sourceMain.c:3776:6:ReadandProcessDigitalIO	8	static
../source/Files_Application/sourceMain.c:3909:6:ProcessDM1faultfromVMS	8	static
../source/Files_Application/sourceMain.c:4635:6:StoreDM1faultfromVMS	24	static
../source/Files_Application/sourceMain.c:4711:6:Indicatefaultsymbols	8	static
../source/Files_Application/sourceMain.c:4839:6:Writedataintofram	16	static
../source/Files_Application/sourceMain.c:4916:6:Poweronreaddatafromfram	24	static
../source/Files_Application/sourceMain.c:5065:6:ReadDisplayHrs	8	static
../source/Files_Application/sourceMain.c:5090:6:ReadEngHrs	8	static
../source/Files_Application/sourceMain.c:5126:6:ReadEngFuelRate	8	static
../source/Files_Application/sourceMain.c:5137:6:Validate_adc_counts	8	static
../source/Files_Application/sourceMain.c:5242:6:Adcdatavalidation	0	static
../source/Files_Application/sourceMain.c:5338:21:Filter_Engine_Speed1	0	static
../source/Files_Application/sourceMain.c:5412:21:Filter_Engine_Speed2	0	static
../source/Files_Application/sourceMain.c:5488:21:Filter_Engine_Speed_RPM	0	static
../source/Files_Application/sourceMain.c:5565:6:Calculate_distance_in_km_from_CAN_per_sec	8	static
../source/Files_Application/sourceMain.c:5581:6:Updatedistance	16	static
../source/Files_Application/sourceMain.c:5609:10:final_km_convertion	0	static
../source/Files_Application/sourceMain.c:5620:6:Distance_in_kilometer	8	static
../source/Files_Application/sourceMain.c:5647:6:PowerONGaugeRotation	16	static
../source/Files_Application/sourceMain.c:5795:6:fl_cpy_drv1_to_drv0	2776	static
../source/Files_Application/sourceMain.c:5836:13:PWM_DRV_Init3PhPwm	48	static
../source/Files_Application/sourceMain.c:5886:5:PWM_config	40	static
../source/Files_Application/sourceMain.c:6017:6:generate_pwm	16	static
../source/Files_Application/sourceMain.c:6048:6:set_brightness	8	static
../source/Files_Application/sourceMain.c:6091:6:write_value_to_Pendrv	32	static
../source/Files_Application/sourceMain.c:6129:6:write_string_to_Pendrv	8	static
../source/Files_Application/sourceMain.c:6163:6:Fault_logging	40	static
../source/Files_Application/sourceMain.c:6291:6:Data_logging	16	static
../source/Files_Application/sourceMain.c:6371:6:Swwh_logging	24	static
../source/Files_Application/sourceMain.c:6422:6:Decode_errorlog_array	32	static
../source/Files_Application/sourceMain.c:6512:6:Decode_datalog_array	24	static
../source/Files_Application/sourceMain.c:6591:6:Decode_swwhlog_array	16	static
../source/Files_Application/sourceMain.c:6617:6:SwwhHextoAscii	32	static
../source/Files_Application/sourceMain.c:6662:6:SwwhStringPrint	8	static
../source/Files_Application/sourceMain.c:6680:6:GenHextoAscii	32	static
../source/Files_Application/sourceMain.c:6726:6:GenStringPrint	8	static
../source/Files_Application/sourceMain.c:6743:6:Read_identification_details	64	static
../source/Files_Application/sourceMain.c:6785:6:datalog_write_idntfn_data_to_ext_memory	16	static
../source/Files_Application/sourceMain.c:6866:6:errorlog_write_idntfn_data_to_ext_memory	16	static
../source/Files_Application/sourceMain.c:6945:6:swwhlog_write_idntfn_data_to_ext_memory	16	static
../source/Files_Application/sourceMain.c:7025:6:rawcanlog_write_idntfn_data_to_ext_memory	16	static
../source/Files_Application/sourceMain.c:7104:6:write_one_errorlog_frame_to_pendrive	88	static
../source/Files_Application/sourceMain.c:7500:6:write_one_datalog_frame_to_pendrive	104	static
../source/Files_Application/sourceMain.c:7831:6:write_one_swwhlog_frame_to_pendrive	16	static
../source/Files_Application/sourceMain.c:7971:6:write_rawcan_frame_to_pendrive	64	static
../source/Files_Application/sourceMain.c:8072:6:Copy_datalog_file_to_pendrive	8	static
../source/Files_Application/sourceMain.c:8120:6:Copy_errorlog_file_to_pendrive	8	static
../source/Files_Application/sourceMain.c:8163:6:Copy_rawcanlog_file_to_pendrive	8	static
../source/Files_Application/sourceMain.c:8205:6:Copy_WorkingHrslog_file_to_pendrive	8	static
../source/Files_Application/sourceMain.c:8253:6:Logging	8	static
../source/Files_Application/sourceMain.c:8268:6:Copying_of_logged_data	8	static
../source/Files_Application/sourceMain.c:8401:6:Display_Errors	8	static
../source/Files_Application/sourceMain.c:8431:10:Re_asgn_Org_srs_addr_frm_dm1_array	0	static
../source/Files_Application/sourceMain.c:8459:10:Re_asgn_Org_srs_addr_frm_dm1_array_2	0	static
../source/Files_Application/sourceMain.c:8483:6:KeypadApplication	16	static
../source/Files_Application/sourceMain.c:8493:6:sendEngHrsRequest1	16	static
../source/Files_Application/sourceMain.c:8503:6:sendEngHrsRequest2	16	static
../source/Files_Application/sourceMain.c:8514:6:send_ToP_ToT	32	static
../source/Files_Application/sourceMain.c:8543:6:send_FueL_lvl	24	static
../source/Files_Application/sourceMain.c:8566:6:send_ECL_EOP	24	static
../source/Files_Application/sourceMain.c:8608:6:send_ParkBrkSw_and_VehicleSpd	16	static
../source/Files_Application/sourceMain.c:8655:6:send_AirFilClog	16	static
../source/Files_Application/sourceMain.c:8681:6:send_SeatBeltSw	16	static
../source/Files_Application/sourceMain.c:8709:6:send_ECT_EOT	24	static
../source/Files_Application/sourceMain.c:8752:6:send_E_N_G_SPD	24	static
../source/Files_Application/sourceMain.c:8782:6:send_TOFC	16	static
../source/Files_Application/sourceMain.c:8814:21:Filter_AIN1_counts	0	static
../source/Files_Application/sourceMain.c:8889:21:Filter_AIN2_counts	0	static
../source/Files_Application/sourceMain.c:8964:21:Filter_AIN3_counts	0	static
../source/Files_Application/sourceMain.c:9039:21:Filter_Battery_counts	0	static
../source/Files_Application/sourceMain.c:9114:6:Decide_eng_on_or_not	0	static
../source/Files_Application/sourceMain.c:9126:6:CheckEngRpm_is_coming	0	static
../source/Files_Application/sourceMain.c:9217:6:DisplayHrs	16	static
../source/Files_Application/sourceMain.c:9242:10:DisplayHoursUsingRTC	24	static
../source/Files_Application/sourceMain.c:9319:6:EngineHrs	16	static
../source/Files_Application/sourceMain.c:9347:10:EngineHoursUsingRTC	24	static
../source/Files_Application/sourceMain.c:9423:6:ADC_channel_processing	8	static
../source/Files_Application/sourceMain.c:9530:6:All_CAN_disconnected_counter	0	static
../source/Files_Application/sourceMain.c:9593:6:Reset_all_CAN_parameters	8	static
../source/Files_Application/sourceMain.c:9643:6:Reset_Engine_CAN_parameters	0	static
../source/Files_Application/sourceMain.c:9713:6:Reset_Transmission_CAN_parameters	0	static
../source/Files_Application/sourceMain.c:9758:6:Reset_Io_module_CAN_parameters	0	static
../source/Files_Application/sourceMain.c:9803:6:Reset_Sender_CAN_parameters	0	static
../source/Files_Application/sourceMain.c:9839:6:SeatBeltFlow	0	static
../source/Files_Application/sourceMain.c:9867:6:SeatbeltIconToggle	0	static
../source/Files_Application/sourceMain.c:9889:6:ErrorIconToggle	0	static
../source/Files_Application/sourceMain.c:9911:6:id_notset_Toggle	0	static
../source/Files_Application/sourceMain.c:9933:6:Condition_to_datalog	8	static
../source/Files_Application/sourceMain.c:9968:6:BUZZER_ENABLE	8	static
../source/Files_Application/sourceMain.c:10019:6:EopIconToggle	0	static
../source/Files_Application/sourceMain.c:10046:6:EctIconToggle	0	static
../source/Files_Application/sourceMain.c:10073:6:EotIconToggle	0	static
../source/Files_Application/sourceMain.c:10100:6:FuelIconToggle	0	static
../source/Files_Application/sourceMain.c:10127:6:TopIconToggle	0	static
../source/Files_Application/sourceMain.c:10154:6:TotIconToggle	0	static
../source/Files_Application/sourceMain.c:10181:6:EngOvrSpdIconToggle	0	static
../source/Files_Application/sourceMain.c:10208:6:workingHrsLogic	24	static
../source/Files_Application/sourceMain.c:10749:5:getDifference	40	static
../source/Files_Application/sourceMain.c:10778:5:countLeapYears	0	static
../source/Files_Application/sourceMain.c:10791:6:Store_Shifts_Started_Date	16	static
../source/Files_Application/sourceMain.c:10913:10:WorkingHrsCalculation	24	static
../source/Files_Application/sourceMain.c:11019:6:CBCReportPrint	8	static
../source/Files_Application/sourceMain.c:11032:6:Serial_TX	8	static
../source/Files_Application/sourceMain.c:11037:6:transmit_serial	8	static
../source/Files_Application/sourceMain.c:11045:6:str_tx	8	static
../source/Files_Application/sourceMain.c:11068:6:PowerOnReadForShiftHrs	24	static
