D:\Gagana\VMS_HMI_TEST_SOFTWARE_DEVLOPMENT\20240403\VMS_HMI_DISPLAY_SW\BD155_P_V1_0_0\McuXpresso\VMS_Display_V0\drivers/fsl_gpio.h:176:24:GPIO_PinRead	8	static
D:\Gagana\VMS_HMI_TEST_SOFTWARE_DEVLOPMENT\20240403\VMS_HMI_DISPLAY_SW\BD155_P_V1_0_0\McuXpresso\VMS_Display_V0\drivers/fsl_gpio.h:187:24:GPIO_ReadPinInput	8	static
../source/Files_Application/sourceScreenDisplay.c:17:6:ProcessDisplayData	144	static
../source/Files_Application/sourceScreenDisplay.c:30:6:ProcessScreen00	0	static
../source/Files_Application/sourceScreenDisplay.c:32:6:ProcessScreen01	0	static
../source/Files_Application/sourceScreenDisplay.c:34:6:ProcessScreen02	0	static
../source/Files_Application/sourceScreenDisplay.c:36:6:ProcessScreen03	0	static
../source/Files_Application/sourceScreenDisplay.c:38:6:ProcessScreen04	0	static
../source/Files_Application/sourceScreenDisplay.c:40:6:ProcessScreen05	0	static
../source/Files_Application/sourceScreenDisplay.c:42:6:ProcessScreen23	0	static
../source/Files_Application/sourceScreenDisplay.c:44:6:ProcessScreen24	0	static
../source/Files_Application/sourceScreenDisplay.c:46:6:ProcessScreen25	0	static
../source/Files_Application/sourceScreenDisplay.c:49:6:ProcessScreen06	8	static
../source/Files_Application/sourceScreenDisplay.c:350:6:ProcessScreen07	8	static
../source/Files_Application/sourceScreenDisplay.c:626:6:ProcessScreen08	8	static
../source/Files_Application/sourceScreenDisplay.c:891:6:ProcessScreen09	8	static
../source/Files_Application/sourceScreenDisplay.c:1154:6:ProcessScreen10	8	static
../source/Files_Application/sourceScreenDisplay.c:1331:6:ProcessScreen11	8	static
../source/Files_Application/sourceScreenDisplay.c:1489:6:ProcessScreen12	0	static
../source/Files_Application/sourceScreenDisplay.c:1536:6:debounce_encoder	8	static
../source/Files_Application/sourceScreenDisplay.c:1547:6:ProcessScreen13	16	static
../source/Files_Application/sourceScreenDisplay.c:2195:6:ProcessScreen14	16	static
../source/Files_Application/sourceScreenDisplay.c:2278:6:ProcessScreen15	0	static
../source/Files_Application/sourceScreenDisplay.c:2319:6:ProcessScreen16	0	static
../source/Files_Application/sourceScreenDisplay.c:2360:6:ProcessScreen17	32	static
../source/Files_Application/sourceScreenDisplay.c:2540:6:ProcessScreen18	8	static
../source/Files_Application/sourceScreenDisplay.c:2666:6:ProcessScreen19	0	static
../source/Files_Application/sourceScreenDisplay.c:2724:6:ProcessScreen20	0	static
../source/Files_Application/sourceScreenDisplay.c:2816:6:ProcessScreen21	0	static
../source/Files_Application/sourceScreenDisplay.c:2913:6:ProcessScreen22	0	static
../source/Files_Application/sourceScreenDisplay.c:2995:6:ProcessScreen26	8	static
../source/Files_Application/sourceScreenDisplay.c:3274:6:ProcessScreen27	8	static
../source/Files_Application/sourceScreenDisplay.c:3547:10:extr_3digit_int_numbersonly	16	static
../source/Files_Application/sourceScreenDisplay.c:3671:10:extr_3digits_float_only	16	static
../source/Files_Application/sourceScreenDisplay.c:3746:10:extr_4digits_float_only	24	static
../source/Files_Application/sourceScreenDisplay.c:3834:6:ProcessScreen28	8	static
../source/Files_Application/sourceScreenDisplay.c:4208:6:store_home_screen_sel_data	8	static
../source/Files_Application/sourceScreenDisplay.c:4273:6:store_onoff_screen_sel_data	8	static
../source/Files_Application/sourceScreenDisplay.c:4340:6:read_screen_setting_data	8	static
../source/Files_Application/sourceScreenDisplay.c:4382:6:write_default_scr_sel_setting	8	static
../source/Files_Application/sourceScreenDisplay.c:4400:6:read_onoff_home_setting_status	8	static
../source/Files_Application/sourceScreenDisplay.c:4478:6:Homescreen_select_day	0	static
../source/Files_Application/sourceScreenDisplay.c:4505:6:Homescreen_select_night	0	static
../source/Files_Application/sourceScreenDisplay.c:4593:10:Character_concatination	128	static
../source/Files_Application/sourceScreenDisplay.c:4678:10:concatenate	0	static
../source/Files_Application/sourceScreenDisplay.c:4686:9:ascii_bcd	0	static
../source/Files_Application/sourceScreenDisplay.c:4703:6:Read_brightness_from_FRAM	8	static
../source/Files_Application/sourceScreenDisplay.c:4716:6:Write_brightness_to_FRAM	8	static
../source/Files_Application/sourceScreenDisplay.c:4728:6:Service_remainder_hrs_calculation	32	static
../source/Files_Application/sourceScreenDisplay.c:4763:6:ProcessScreen29	8	static
../source/Files_Application/sourceScreenDisplay.c:4869:6:store_swcs_data	40	static
../source/Files_Application/sourceScreenDisplay.c:4899:6:read_swcs_data	40	static
../source/Files_Application/sourceScreenDisplay.c:4930:6:ProcessScreen30	0	static
../source/Files_Application/sourceScreenDisplay.c:5006:6:ProcessScreen31	0	static
../source/Files_Application/sourceScreenDisplay.c:5087:6:ProcessScreen32	16	static
