Archive member included to satisfy reference by file (symbol)

c:/nxp/mcuxpressoide_11.9.0_2144/ide/plugins/com.nxp.mcuxpresso.tools.win32_11.9.0.202307121226/tools/bin/../lib/gcc/arm-none-eabi/12.3.1/../../../../arm-none-eabi/lib/thumb/v7e-m+dp/hard\libcr_nohost_nf.a(_cr__main.o)
                              ./startup/startup_mimxrt1052.o (__main)
c:/nxp/mcuxpressoide_11.9.0_2144/ide/plugins/com.nxp.mcuxpresso.tools.win32_11.9.0.202307121226/tools/bin/../lib/gcc/arm-none-eabi/12.3.1/../../../../arm-none-eabi/lib/thumb/v7e-m+dp/hard\libcr_c.a(memset.o)
                              ./utilities/fsl_debug_console.o (memset)
c:/nxp/mcuxpressoide_11.9.0_2144/ide/plugins/com.nxp.mcuxpresso.tools.win32_11.9.0.202307121226/tools/bin/../lib/gcc/arm-none-eabi/12.3.1/../../../../arm-none-eabi/lib/thumb/v7e-m+dp/hard\libcr_c.a(alloc.o)
                              ./drivers/fsl_common.o (malloc)
c:/nxp/mcuxpressoide_11.9.0_2144/ide/plugins/com.nxp.mcuxpresso.tools.win32_11.9.0.202307121226/tools/bin/../lib/gcc/arm-none-eabi/12.3.1/../../../../arm-none-eabi/lib/thumb/v7e-m+dp/hard\libcr_c.a(errno.o)
                              ./utilities/fsl_str.o (errno)
c:/nxp/mcuxpressoide_11.9.0_2144/ide/plugins/com.nxp.mcuxpresso.tools.win32_11.9.0.202307121226/tools/bin/../lib/gcc/arm-none-eabi/12.3.1/../../../../arm-none-eabi/lib/thumb/v7e-m+dp/hard\libcr_c.a(initio.o)
                              c:/nxp/mcuxpressoide_11.9.0_2144/ide/plugins/com.nxp.mcuxpresso.tools.win32_11.9.0.202307121226/tools/bin/../lib/gcc/arm-none-eabi/12.3.1/../../../../arm-none-eabi/lib/thumb/v7e-m+dp/hard\libcr_nohost_nf.a(_cr__main.o) (_initio)
c:/nxp/mcuxpressoide_11.9.0_2144/ide/plugins/com.nxp.mcuxpresso.tools.win32_11.9.0.202307121226/tools/bin/../lib/gcc/arm-none-eabi/12.3.1/../../../../arm-none-eabi/lib/thumb/v7e-m+dp/hard\libcr_c.a(scanf.o)
                              ./utilities/fsl_str.o (strtoul)
c:/nxp/mcuxpressoide_11.9.0_2144/ide/plugins/com.nxp.mcuxpresso.tools.win32_11.9.0.202307121226/tools/bin/../lib/gcc/arm-none-eabi/12.3.1/../../../../arm-none-eabi/lib/thumb/v7e-m+dp/hard\libcr_c.a(setvbuf.o)
                              c:/nxp/mcuxpressoide_11.9.0_2144/ide/plugins/com.nxp.mcuxpresso.tools.win32_11.9.0.202307121226/tools/bin/../lib/gcc/arm-none-eabi/12.3.1/../../../../arm-none-eabi/lib/thumb/v7e-m+dp/hard\libcr_c.a(initio.o) (setvbuf)
c:/nxp/mcuxpressoide_11.9.0_2144/ide/plugins/com.nxp.mcuxpresso.tools.win32_11.9.0.202307121226/tools/bin/../lib/gcc/arm-none-eabi/12.3.1/../../../../arm-none-eabi/lib/thumb/v7e-m+dp/hard\libcr_c.a(strlen.o)
                              ./utilities/fsl_str.o (strlen)
c:/nxp/mcuxpressoide_11.9.0_2144/ide/plugins/com.nxp.mcuxpresso.tools.win32_11.9.0.202307121226/tools/bin/../lib/gcc/arm-none-eabi/12.3.1/../../../../arm-none-eabi/lib/thumb/v7e-m+dp/hard\libcr_c.a(ungetc.o)
                              c:/nxp/mcuxpressoide_11.9.0_2144/ide/plugins/com.nxp.mcuxpresso.tools.win32_11.9.0.202307121226/tools/bin/../lib/gcc/arm-none-eabi/12.3.1/../../../../arm-none-eabi/lib/thumb/v7e-m+dp/hard\libcr_c.a(scanf.o) (ungetc)
c:/nxp/mcuxpressoide_11.9.0_2144/ide/plugins/com.nxp.mcuxpresso.tools.win32_11.9.0.202307121226/tools/bin/../lib/gcc/arm-none-eabi/12.3.1/../../../../arm-none-eabi/lib/thumb/v7e-m+dp/hard\libcr_c.a(__fillbuf.o)
                              c:/nxp/mcuxpressoide_11.9.0_2144/ide/plugins/com.nxp.mcuxpresso.tools.win32_11.9.0.202307121226/tools/bin/../lib/gcc/arm-none-eabi/12.3.1/../../../../arm-none-eabi/lib/thumb/v7e-m+dp/hard\libcr_c.a(scanf.o) (__filbuf)
c:/nxp/mcuxpressoide_11.9.0_2144/ide/plugins/com.nxp.mcuxpresso.tools.win32_11.9.0.202307121226/tools/bin/../lib/gcc/arm-none-eabi/12.3.1/../../../../arm-none-eabi/lib/thumb/v7e-m+dp/hard\libcr_c.a(__init_alloc.o)
                              c:/nxp/mcuxpressoide_11.9.0_2144/ide/plugins/com.nxp.mcuxpresso.tools.win32_11.9.0.202307121226/tools/bin/../lib/gcc/arm-none-eabi/12.3.1/../../../../arm-none-eabi/lib/thumb/v7e-m+dp/hard\libcr_c.a(alloc.o) (__heaps)
c:/nxp/mcuxpressoide_11.9.0_2144/ide/plugins/com.nxp.mcuxpresso.tools.win32_11.9.0.202307121226/tools/bin/../lib/gcc/arm-none-eabi/12.3.1/../../../../arm-none-eabi/lib/thumb/v7e-m+dp/hard\libcr_c.a(_cr_sbrk.o)
                              c:/nxp/mcuxpressoide_11.9.0_2144/ide/plugins/com.nxp.mcuxpresso.tools.win32_11.9.0.202307121226/tools/bin/../lib/gcc/arm-none-eabi/12.3.1/../../../../arm-none-eabi/lib/thumb/v7e-m+dp/hard\libcr_c.a(alloc.o) (_sbrk)
c:/nxp/mcuxpressoide_11.9.0_2144/ide/plugins/com.nxp.mcuxpresso.tools.win32_11.9.0.202307121226/tools/bin/../lib/gcc/arm-none-eabi/12.3.1/../../../../arm-none-eabi/lib/thumb/v7e-m+dp/hard\libcr_c.a(_deferredlazyseek.o)
                              c:/nxp/mcuxpressoide_11.9.0_2144/ide/plugins/com.nxp.mcuxpresso.tools.win32_11.9.0.202307121226/tools/bin/../lib/gcc/arm-none-eabi/12.3.1/../../../../arm-none-eabi/lib/thumb/v7e-m+dp/hard\libcr_c.a(__fillbuf.o) (_deferredlazyseek)
[...]
Memory Configuration

Name             Origin             Length             Attributes
BOARD_FLASH      0x60000000         0x04000000         xr
SRAM_DTC         0x20000000         0x00020000         xrw
SRAM_ITC         0x00000000         0x00020000         xrw
SRAM_OC          0x20200000         0x00040000         xrw
BOARD_SDRAM      0x80000000         0x01e00000         xrw
NCACHE_REGION    0x81e00000         0x00200000         xrw
*default*        0x00000000         0xffffffff

Linker script and memory map

LOAD ./xip/evkbimxrt1050_flexspi_nor_config.o
LOAD ./xip/fsl_flexspi_nor_boot.o
LOAD ./utilities/fsl_assert.o
LOAD ./utilities/fsl_debug_console.o
LOAD ./utilities/fsl_memcpy.o
LOAD ./utilities/fsl_str.o
LOAD ./startup/startup_mimxrt1052.o
LOAD ./source/led_blinky.o
LOAD ./source/semihost_hardfault.o
LOAD ./drivers/fsl_clock.o
LOAD ./drivers/fsl_common.o
LOAD ./drivers/fsl_common_arm.o
LOAD ./drivers/fsl_gpio.o
LOAD ./drivers/fsl_lpuart.o
LOAD ./device/system_MIMXRT1052.o
LOAD ./component/uart/fsl_adapter_lpuart.o
LOAD ./component/serial_manager/fsl_component_serial_manager.o
LOAD ./component/serial_manager/fsl_component_serial_port_uart.o
LOAD ./component/lists/fsl_component_generic_list.o
LOAD ./board/board.o
LOAD ./board/clock_config.o
LOAD ./board/dcd.o
LOAD ./board/pin_mux.o
START GROUP
LOAD c:/nxp/mcuxpressoide_11.9.0_2144/ide/plugins/com.nxp.mcuxpresso.tools.win32_11.9.0.202307121226/tools/bin/../lib/gcc/arm-none-eabi/12.3.1/../../../../arm-none-eabi/lib/thumb/v7e-m+dp/hard\libcr_nohost_nf.a
LOAD c:/nxp/mcuxpressoide_11.9.0_2144/ide/plugins/com.nxp.mcuxpresso.tools.win32_11.9.0.202307121226/tools/bin/../lib/gcc/arm-none-eabi/12.3.1/../../../../arm-none-eabi/lib/thumb/v7e-m+dp/hard\libcr_c.a
LOAD c:/nxp/mcuxpressoide_11.9.0_2144/ide/plugins/com.nxp.mcuxpresso.tools.win32_11.9.0.202307121226/tools/bin/../lib/gcc/arm-none-eabi/12.3.1/thumb/v7e-m+dp/hard\libcr_eabihelpers.a
LOAD c:/nxp/mcuxpressoide_11.9.0_2144/ide/plugins/com.nxp.mcuxpresso.tools.win32_11.9.0.202307121226/tools/bin/../lib/gcc/arm-none-eabi/12.3.1/thumb/v7e-m+dp/hard\libgcc.a
END GROUP
                0x60000000                        __base_BOARD_FLASH = 0x60000000
                0x60000000                        __base_Flash = 0x60000000
                0x64000000                        __top_BOARD_FLASH = 0x64000000
                0x64000000                        __top_Flash = 0x64000000
                0x20000000                        __base_SRAM_DTC = 0x20000000
                0x20000000                        __base_RAM = 0x20000000
                0x20020000                        __top_SRAM_DTC = 0x20020000
                0x20020000                        __top_RAM = 0x20020000
                0x00000000                        __base_SRAM_ITC = 0x0
                0x00000000                        __base_RAM2 = 0x0
                0x00020000                        __top_SRAM_ITC = 0x20000
                0x00020000                        __top_RAM2 = 0x20000
                0x20200000                        __base_SRAM_OC = 0x20200000
                0x20200000                        __base_RAM3 = 0x20200000
                0x20240000                        __top_SRAM_OC = 0x20240000
                0x20240000                        __top_RAM3 = 0x20240000
                0x80000000                        __base_BOARD_SDRAM = 0x80000000
                0x80000000                        __base_RAM4 = 0x80000000
                0x81e00000                        __top_BOARD_SDRAM = 0x81e00000
                0x81e00000                        __top_RAM4 = 0x81e00000
                0x81e00000                        __base_NCACHE_REGION = 0x81e00000
                0x81e00000                        __base_RAM5 = 0x81e00000
                0x82000000                        __top_NCACHE_REGION = 0x82000000
                0x82000000                        __top_RAM5 = 0x82000000

.boot_hdr       0x60000000     0x2000
 FILL mask 0xff
                0x60000000                        __boot_hdr_start__ = ABSOLUTE (.)
 *(SORT_BY_ALIGNMENT(.boot_hdr.conf))
 .boot_hdr.conf
                0x60000000      0x200 ./xip/evkbimxrt1050_flexspi_nor_config.o
                0x60000000                hyperflash_config
                0x00001000                        . = 0x1000
 *fill*         0x60000200      0xe00 ff
 *(SORT_BY_ALIGNMENT(.boot_hdr.ivt))
 .boot_hdr.ivt  0x60001000       0x20 ./xip/fsl_flexspi_nor_boot.o
                0x60001000                image_vector_table
                0x00001020                        . = 0x1020
 *(SORT_BY_ALIGNMENT(.boot_hdr.boot_data))
 .boot_hdr.boot_data
                0x60001020       0x10 ./xip/fsl_flexspi_nor_boot.o
                0x60001020                g_boot_data
                0x00001030                        . = 0x1030
 *(SORT_BY_ALIGNMENT(.boot_hdr.dcd_data))
                0x60001030                        __boot_hdr_end__ = ABSOLUTE (.)
                0x00002000                        . = 0x2000
 *fill*         0x60001030      0xfd0 ff

.text           0x60002000     0x38e0
 FILL mask 0xff
                0x60002000                        __vectors_start__ = ABSOLUTE (.)
 *(SORT_BY_ALIGNMENT(.isr_vector))
 .isr_vector    0x60002000      0x2a0 ./startup/startup_mimxrt1052.o
                0x60002000                g_pfnVectors
                0x60002000                __Vectors
                0x600022a0                        . = ALIGN (0x4)
                0x600022a0                        __section_table_start = .
                0x600022a0                        __data_section_table = .
                0x600022a0        0x4 LONG 0x600058e0 LOADADDR (.data)
                0x600022a4        0x4 LONG 0x20000000 ADDR (.data)
                0x600022a8        0x4 LONG 0x4 SIZEOF (.data)
                0x600022ac        0x4 LONG 0x600058e0 LOADADDR (.data_RAM2)
                0x600022b0        0x4 LONG 0x0 ADDR (.data_RAM2)
                0x600022b4        0x4 LONG 0x0 SIZEOF (.data_RAM2)
                0x600022b8        0x4 LONG 0x600058e0 LOADADDR (.data_RAM3)
                0x600022bc        0x4 LONG 0x20200000 ADDR (.data_RAM3)
                0x600022c0        0x4 LONG 0x0 SIZEOF (.data_RAM3)
                0x600022c4        0x4 LONG 0x600058e0 LOADADDR (.data_RAM4)
                0x600022c8        0x4 LONG 0x80000000 ADDR (.data_RAM4)
                0x600022cc        0x4 LONG 0x0 SIZEOF (.data_RAM4)
                0x600022d0        0x4 LONG 0x600058e0 LOADADDR (.data_RAM5)
                0x600022d4        0x4 LONG 0x81e00000 ADDR (.data_RAM5)
                0x600022d8        0x4 LONG 0x0 SIZEOF (.data_RAM5)
                0x600022dc                        __data_section_table_end = .
                0x600022dc                        __bss_section_table = .
                0x600022dc        0x4 LONG 0x20000004 ADDR (.bss)
                0x600022e0        0x4 LONG 0x134 SIZEOF (.bss)
                0x600022e4        0x4 LONG 0x0 ADDR (.bss_RAM2)
                0x600022e8        0x4 LONG 0x0 SIZEOF (.bss_RAM2)
                0x600022ec        0x4 LONG 0x20200000 ADDR (.bss_RAM3)
                0x600022f0        0x4 LONG 0x0 SIZEOF (.bss_RAM3)
                0x600022f4        0x4 LONG 0x80000000 ADDR (.bss_RAM4)
                0x600022f8        0x4 LONG 0x0 SIZEOF (.bss_RAM4)
                0x600022fc        0x4 LONG 0x81e00000 ADDR (.bss_RAM5)
                0x60002300        0x4 LONG 0x0 SIZEOF (.bss_RAM5)
                0x60002304                        __bss_section_table_end = .
                0x60002304                        __section_table_end = .
 *(SORT_BY_ALIGNMENT(.after_vectors*))
 .after_vectors.reset
                0x60002304       0x54 ./startup/startup_mimxrt1052.o
                0x60002304                ResetISR
 .after_vectors.init_data
                0x60002358       0x1e ./startup/startup_mimxrt1052.o
                0x60002358                data_init
 .after_vectors.init_bss
                0x60002376       0x12 ./startup/startup_mimxrt1052.o
                0x60002376                bss_init
 .after_vectors
                0x60002388       0x14 ./startup/startup_mimxrt1052.o
                0x60002388                NMI_Handler
                0x6000238c                MemManage_Handler
                0x6000238e                BusFault_Handler
                0x60002390                UsageFault_Handler
                0x60002392                SVC_Handler
                0x60002394                DebugMon_Handler
                0x60002396                PendSV_Handler
                0x6000239a                CCM_2_DriverIRQHandler
                0x6000239a                PIT_DriverIRQHandler
                0x6000239a                PMU_EVENT_DriverIRQHandler
                0x6000239a                PWM4_FAULT_DriverIRQHandler
                0x6000239a                SAI3_RX_DriverIRQHandler
                0x6000239a                FLEXRAM_DriverIRQHandler
                0x6000239a                LPSPI4_DriverIRQHandler
                0x6000239a                SEMC_DriverIRQHandler
                0x6000239a                SPDIF_DriverIRQHandler
                0x6000239a                PWM4_3_DriverIRQHandler
                0x6000239a                DMA13_DMA29_DriverIRQHandler
                0x6000239a                LCDIF_DriverIRQHandler
                0x6000239a                USB_PHY1_DriverIRQHandler
                0x6000239a                GPIO3_Combined_0_15_DriverIRQHandler
                0x6000239a                DMA7_DMA23_DriverIRQHandler
                0x6000239a                BEE_DriverIRQHandler
                0x6000239a                LPI2C3_DriverIRQHandler
                0x6000239a                GPR_IRQ_DriverIRQHandler
                0x6000239a                PWM2_FAULT_DriverIRQHandler
                0x6000239a                PWM3_1_DriverIRQHandler
                0x6000239a                DMA14_DMA30_DriverIRQHandler
                0x6000239a                TMR1_DriverIRQHandler
                0x6000239a                TRNG_DriverIRQHandler
                0x6000239a                PWM3_2_DriverIRQHandler
                0x6000239a                ENET_1588_Timer_DriverIRQHandler
                0x6000239a                FLEXIO2_DriverIRQHandler
                0x6000239a                GPIO2_Combined_16_31_DriverIRQHandler
                0x6000239a                Reserved143_DriverIRQHandler
                0x6000239a                LPSPI2_DriverIRQHandler
                0x6000239a                PWM4_1_DriverIRQHandler
                0x6000239a                PWM3_3_DriverIRQHandler
                0x6000239a                DMA0_DMA16_DriverIRQHandler
                0x6000239a                IntDefaultHandler
                0x6000239a                DMA2_DMA18_DriverIRQHandler
                0x6000239a                SRC_DriverIRQHandler
                0x6000239a                GPIO1_INT4_DriverIRQHandler
                0x6000239a                Reserved144_DriverIRQHandler
                0x6000239a                USDHC1_DriverIRQHandler
                0x6000239a                ENC3_DriverIRQHandler
                0x6000239a                PWM3_FAULT_DriverIRQHandler
                0x6000239a                EWM_DriverIRQHandler
                0x6000239a                TSC_DIG_DriverIRQHandler
                0x6000239a                WDOG1_DriverIRQHandler
                0x6000239a                KPP_DriverIRQHandler
                0x6000239a                ENET_DriverIRQHandler
                0x6000239a                Reserved78_DriverIRQHandler
                0x6000239a                TMR4_DriverIRQHandler
                0x6000239a                ENC2_DriverIRQHandler
                0x6000239a                ADC_ETC_IRQ2_DriverIRQHandler
                0x6000239a                GPIO1_Combined_16_31_DriverIRQHandler
                0x6000239a                GPIO1_INT7_DriverIRQHandler
                0x6000239a                SAI1_DriverIRQHandler
                0x6000239a                DCDC_DriverIRQHandler
                0x6000239a                DMA12_DMA28_DriverIRQHandler
                0x6000239a                PWM4_0_DriverIRQHandler
                0x6000239a                ADC_ETC_ERROR_IRQ_DriverIRQHandler
                0x6000239a                ACMP2_DriverIRQHandler
                0x6000239a                GPIO5_Combined_0_15_DriverIRQHandler
                0x6000239a                GPIO1_INT0_DriverIRQHandler
                0x6000239a                GPIO1_INT2_DriverIRQHandler
                0x6000239a                RTWDOG_DriverIRQHandler
                0x6000239a                FLEXSPI_DriverIRQHandler
                0x6000239a                GPT2_DriverIRQHandler
                0x6000239a                USB_PHY2_DriverIRQHandler
                0x6000239a                DMA10_DMA26_DriverIRQHandler
                0x6000239a                PWM2_1_DriverIRQHandler
                0x6000239a                PWM1_1_DriverIRQHandler
                0x6000239a                PXP_DriverIRQHandler
                0x6000239a                ADC1_DriverIRQHandler
                0x6000239a                PWM1_0_DriverIRQHandler
                0x6000239a                SJC_DriverIRQHandler
                0x6000239a                DMA1_DMA17_DriverIRQHandler
                0x6000239a                ENC1_DriverIRQHandler
                0x6000239a                ENC4_DriverIRQHandler
                0x6000239a                CAN2_DriverIRQHandler
                0x6000239a                DCP_DriverIRQHandler
                0x6000239a                CTI0_ERROR_DriverIRQHandler
                0x6000239a                DMA8_DMA24_DriverIRQHandler
                0x6000239a                GPT1_DriverIRQHandler
                0x6000239a                ACMP3_DriverIRQHandler
                0x6000239a                DMA6_DMA22_DriverIRQHandler
                0x6000239a                CSU_DriverIRQHandler
                0x6000239a                GPIO1_INT5_DriverIRQHandler
                0x6000239a                TMR3_DriverIRQHandler
                0x6000239a                TMR2_DriverIRQHandler
                0x6000239a                CTI1_ERROR_DriverIRQHandler
                0x6000239a                GPIO1_Combined_0_15_DriverIRQHandler
                0x6000239a                USDHC2_DriverIRQHandler
                0x6000239a                PWM4_2_DriverIRQHandler
                0x6000239a                Reserved87_DriverIRQHandler
                0x6000239a                SAI2_DriverIRQHandler
                0x6000239a                CORE_DriverIRQHandler
                0x6000239a                FLEXIO1_DriverIRQHandler
                0x6000239a                DMA11_DMA27_DriverIRQHandler
                0x6000239a                CSI_DriverIRQHandler
                0x6000239a                PWM2_3_DriverIRQHandler
                0x6000239a                XBAR1_IRQ_2_3_DriverIRQHandler
                0x6000239a                SNVS_HP_WRAPPER_TZ_DriverIRQHandler
                0x6000239a                GPIO3_Combined_16_31_DriverIRQHandler
                0x6000239a                PWM1_FAULT_DriverIRQHandler
                0x6000239a                LPI2C1_DriverIRQHandler
                0x6000239a                PWM2_2_DriverIRQHandler
                0x6000239a                DMA4_DMA20_DriverIRQHandler
                0x6000239a                DMA9_DMA25_DriverIRQHandler
                0x6000239a                SNVS_HP_WRAPPER_DriverIRQHandler
                0x6000239a                XBAR1_IRQ_0_1_DriverIRQHandler
                0x6000239a                ADC_ETC_IRQ1_DriverIRQHandler
                0x6000239a                LPSPI1_DriverIRQHandler
                0x6000239a                DMA3_DMA19_DriverIRQHandler
                0x6000239a                GPIO1_INT3_DriverIRQHandler
                0x6000239a                DCP_VMI_DriverIRQHandler
                0x6000239a                LPI2C4_DriverIRQHandler
                0x6000239a                GPC_DriverIRQHandler
                0x6000239a                Reserved123_DriverIRQHandler
                0x6000239a                GPIO2_Combined_0_15_DriverIRQHandler
                0x6000239a                PWM1_2_DriverIRQHandler
                0x6000239a                USB_OTG1_DriverIRQHandler
                0x6000239a                TEMP_LOW_HIGH_DriverIRQHandler
                0x6000239a                SAI3_TX_DriverIRQHandler
                0x6000239a                WDOG2_DriverIRQHandler
                0x6000239a                Reserved68_DriverIRQHandler
                0x6000239a                PWM3_0_DriverIRQHandler
                0x6000239a                GPIO4_Combined_0_15_DriverIRQHandler
                0x6000239a                GPIO4_Combined_16_31_DriverIRQHandler
                0x6000239a                GPIO5_Combined_16_31_DriverIRQHandler
                0x6000239a                DMA5_DMA21_DriverIRQHandler
                0x6000239a                CCM_1_DriverIRQHandler
                0x6000239a                ADC2_DriverIRQHandler
                0x6000239a                Reserved115_DriverIRQHandler
                0x6000239a                TEMP_PANIC_DriverIRQHandler
                0x6000239a                ACMP4_DriverIRQHandler
                0x6000239a                DMA15_DMA31_DriverIRQHandler
                0x6000239a                LPSPI3_DriverIRQHandler
                0x6000239a                PWM1_3_DriverIRQHandler
                0x6000239a                ACMP1_DriverIRQHandler
                0x6000239a                LPI2C2_DriverIRQHandler
                0x6000239a                Reserved86_DriverIRQHandler
                0x6000239a                DMA_ERROR_DriverIRQHandler
                0x6000239a                ADC_ETC_IRQ0_DriverIRQHandler
                0x6000239a                CAN1_DriverIRQHandler
                0x6000239a                GPIO1_INT6_DriverIRQHandler
                0x6000239a                GPIO1_INT1_DriverIRQHandler
                0x6000239a                PWM2_0_DriverIRQHandler
                0x6000239a                SNVS_LP_WRAPPER_DriverIRQHandler
                0x6000239a                USB_OTG2_DriverIRQHandler
 *(SORT_BY_ALIGNMENT(.text*))
 .text.__assertion_failed
                0x6000239c       0x2c ./utilities/fsl_assert.o
                0x6000239c                __assertion_failed
 .text.DbgConsole_SendDataReliable
                0x600023c8       0x54 ./utilities/fsl_debug_console.o
                0x600023c8                DbgConsole_SendDataReliable
 .text.DbgConsole_Vprintf
                0x6000241c       0x6c ./utilities/fsl_debug_console.o
                0x6000241c                DbgConsole_Vprintf
 .text          0x60002488       0xa0 ./utilities/fsl_memcpy.o
                0x60002488                memcpy
 .text.__NVIC_SetPriority
                0x60002528       0x54 ./source/led_blinky.o
 .text.SysTick_Config
                0x6000257c       0x44 ./source/led_blinky.o
 .text.SysTick_Handler
                0x600025c0       0x24 ./source/led_blinky.o
                0x600025c0                SysTick_Handler
 .text.SysTick_DelayTicks
                0x600025e4       0x2c ./source/led_blinky.o
                0x600025e4                SysTick_DelayTicks
 .text.main     0x60002610       0x74 ./source/led_blinky.o
                0x60002610                main
 .text.CLOCK_InitExternalClk
                0x60002684       0x6c ./drivers/fsl_clock.o
                0x60002684                CLOCK_InitExternalClk
 .text.CLOCK_SwitchOsc
                0x600026f0       0x34 ./drivers/fsl_clock.o
                0x600026f0                CLOCK_SwitchOsc
 .text.CLOCK_InitRcOsc24M
                0x60002724       0x24 ./drivers/fsl_clock.o
                0x60002724                CLOCK_InitRcOsc24M
 .text.CLOCK_InitArmPll
                0x60002748       0x68 ./drivers/fsl_clock.o
                0x60002748                CLOCK_InitArmPll
 .text.CLOCK_InitSysPll
                0x600027b0       0x9c ./drivers/fsl_clock.o
                0x600027b0                CLOCK_InitSysPll
 .text.CLOCK_DeinitUsb2Pll
                0x6000284c       0x18 ./drivers/fsl_clock.o
                0x6000284c                CLOCK_DeinitUsb2Pll
 .text.CLOCK_DeinitAudioPll
                0x60002864       0x1c ./drivers/fsl_clock.o
                0x60002864                CLOCK_DeinitAudioPll
 .text.CLOCK_DeinitEnetPll
                0x60002880       0x1c ./drivers/fsl_clock.o
                0x60002880                CLOCK_DeinitEnetPll
 .text.CLOCK_InitSysPfd
                0x6000289c       0x64 ./drivers/fsl_clock.o
                0x6000289c                CLOCK_InitSysPfd
 .text.CLOCK_ControlGate
                0x60002900       0x60 ./drivers/fsl_gpio.o
 .text.GPIO_GetInstance
                0x60002960       0x4c ./drivers/fsl_gpio.o
 .text.GPIO_PinInit
                0x600029ac       0xa4 ./drivers/fsl_gpio.o
                0x600029ac                GPIO_PinInit
 .text.GPIO_PinWrite
                0x60002a50       0x48 ./drivers/fsl_gpio.o
                0x60002a50                GPIO_PinWrite
 .text.GPIO_PinSetInterruptConfig
                0x60002a98       0xfc ./drivers/fsl_gpio.o
                0x60002a98                GPIO_PinSetInterruptConfig
 .text.LPUART_WriteBlocking
                0x60002b94       0x68 ./drivers/fsl_lpuart.o
                0x60002b94                LPUART_WriteBlocking
 .text.LPUART1_DriverIRQHandler
                0x60002bfc       0x28 ./drivers/fsl_lpuart.o
                0x60002bfc                LPUART1_DriverIRQHandler
 .text.LPUART2_DriverIRQHandler
                0x60002c24       0x28 ./drivers/fsl_lpuart.o
                0x60002c24                LPUART2_DriverIRQHandler
 .text.LPUART3_DriverIRQHandler
                0x60002c4c       0x28 ./drivers/fsl_lpuart.o
                0x60002c4c                LPUART3_DriverIRQHandler
 .text.LPUART4_DriverIRQHandler
                0x60002c74       0x28 ./drivers/fsl_lpuart.o
                0x60002c74                LPUART4_DriverIRQHandler
 .text.LPUART5_DriverIRQHandler
                0x60002c9c       0x28 ./drivers/fsl_lpuart.o
                0x60002c9c                LPUART5_DriverIRQHandler
 .text.LPUART6_DriverIRQHandler
                0x60002cc4       0x28 ./drivers/fsl_lpuart.o
                0x60002cc4                LPUART6_DriverIRQHandler
 .text.LPUART7_DriverIRQHandler
                0x60002cec       0x28 ./drivers/fsl_lpuart.o
                0x60002cec                LPUART7_DriverIRQHandler
 .text.LPUART8_DriverIRQHandler
                0x60002d14       0x28 ./drivers/fsl_lpuart.o
                0x60002d14                LPUART8_DriverIRQHandler
 .text.SystemInit
                0x60002d3c      0x144 ./device/system_MIMXRT1052.o
                0x60002d3c                SystemInit
 .text.SystemCoreClockUpdate
                0x60002e80      0x214 ./device/system_MIMXRT1052.o
                0x60002e80                SystemCoreClockUpdate
 .text.HAL_UartSendBlocking
                0x60003094       0x64 ./component/uart/fsl_adapter_lpuart.o
                0x60003094                HAL_UartSendBlocking
 .text.ARM_MPU_Enable
                0x600030f8       0x44 ./board/board.o
 .text.ARM_MPU_Disable
                0x6000313c       0x40 ./board/board.o
 .text.BOARD_ConfigMPU
                0x6000317c      0x324 ./board/board.o
                0x6000317c                BOARD_ConfigMPU
 .text.CLOCK_SetMux
                0x600034a0       0x9c ./board/clock_config.o
 .text.CLOCK_SetDiv
                0x6000353c       0x9c ./board/clock_config.o
 .text.CLOCK_ControlGate
                0x600035d8       0x60 ./board/clock_config.o
 .text.CLOCK_SetXtalFreq
                0x60003638       0x20 ./board/clock_config.o
 .text.CLOCK_SetRtcXtalFreq
                0x60003658       0x20 ./board/clock_config.o
 .text.IOMUXC_MQSConfig
                0x60003678       0x44 ./board/clock_config.o
 .text.BOARD_BootClockRUN
                0x600036bc      0x674 ./board/clock_config.o
                0x600036bc                BOARD_BootClockRUN
 .text.CLOCK_ControlGate
                0x60003d30       0x60 ./board/pin_mux.o
 .text.BOARD_InitPins
                0x60003d90       0x98 ./board/pin_mux.o
                0x60003d90                BOARD_InitPins
 .text._initio  0x60003e28       0x78 c:/nxp/mcuxpressoide_11.9.0_2144/ide/plugins/com.nxp.mcuxpresso.tools.win32_11.9.0.202307121226/tools/bin/../lib/gcc/arm-none-eabi/12.3.1/../../../../arm-none-eabi/lib/thumb/v7e-m+dp/hard\libcr_c.a(initio.o)
                0x60003e28                _initio
 .text._Cwritebuf
                0x60003ea0       0x6c c:/nxp/mcuxpressoide_11.9.0_2144/ide/plugins/com.nxp.mcuxpresso.tools.win32_11.9.0.202307121226/tools/bin/../lib/gcc/arm-none-eabi/12.3.1/../../../../arm-none-eabi/lib/thumb/v7e-m+dp/hard\libcr_c.a(_writebuf.o)
                0x60003ea0                _Cwritebuf
 .text.fflush   0x60003f0c       0x3c c:/nxp/mcuxpressoide_11.9.0_2144/ide/plugins/com.nxp.mcuxpresso.tools.win32_11.9.0.202307121226/tools/bin/../lib/gcc/arm-none-eabi/12.3.1/../../../../arm-none-eabi/lib/thumb/v7e-m+dp/hard\libcr_c.a(fflush.o)
                0x60003f0c                fflush
 .text.fseek    0x60003f48       0xf8 c:/nxp/mcuxpressoide_11.9.0_2144/ide/plugins/com.nxp.mcuxpresso.tools.win32_11.9.0.202307121226/tools/bin/../lib/gcc/arm-none-eabi/12.3.1/../../../../arm-none-eabi/lib/thumb/v7e-m+dp/hard\libcr_c.a(fseek.o)
                0x60003f48                fseek
 .text.ftell    0x60004040       0x44 c:/nxp/mcuxpressoide_11.9.0_2144/ide/plugins/com.nxp.mcuxpresso.tools.win32_11.9.0.202307121226/tools/bin/../lib/gcc/arm-none-eabi/12.3.1/../../../../arm-none-eabi/lib/thumb/v7e-m+dp/hard\libcr_c.a(ftell.o)
                0x60004040                ftell
 .text.fsl_assert_hook
                0x60004084       0x1a ./utilities/fsl_assert.o
                0x60004084                fsl_assert_hook
 .text.DbgConsole_PrintCallback
                0x6000409e       0x66 ./utilities/fsl_debug_console.o
 .text.DbgConsole_Printf
                0x60004104       0x2c ./utilities/fsl_debug_console.o
                0x60004104                DbgConsole_Printf
 .text.PrintGetWidth
                0x60004130       0x6a ./utilities/fsl_str.o
 .text.PrintGetPrecision
                0x6000419a       0x8c ./utilities/fsl_str.o
 .text.PrintIsobpu
                0x60004226       0x38 ./utilities/fsl_str.o
 .text.PrintIsdi
                0x6000425e       0x2c ./utilities/fsl_str.o
 .text.PrintOutputdifFobpu
                0x6000428a       0x44 ./utilities/fsl_str.o
 .text.PrintOutputxX
                0x600042ce       0x44 ./utilities/fsl_str.o
 .text.PrintIsfF
                0x60004312       0x2c ./utilities/fsl_str.o
 .text.PrintIsxX
                0x6000433e       0x2c ./utilities/fsl_str.o
 .text.PrintFilterLengthFlag
                0x6000436a       0x3e ./utilities/fsl_str.o
 .text.PrintGetRadixFromobpu
                0x600043a8       0x40 ./utilities/fsl_str.o
 .text.ConvertRadixNumToString
                0x600043e8       0xc2 ./utilities/fsl_str.o
 .text.StrFormatExaminedi
                0x600044aa       0x26 ./utilities/fsl_str.o
 .text.StrFormatExaminexX
                0x600044d0       0x26 ./utilities/fsl_str.o
 .text.StrFormatExamineobpu
                0x600044f6       0x26 ./utilities/fsl_str.o
 .text.ConvertPrecisionWidthToLength
                0x6000451c       0x20 ./utilities/fsl_str.o
 .text.StrFormatPrintf
                0x6000453c      0x2bc ./utilities/fsl_str.o
                0x6000453c                StrFormatPrintf
 .text.DMA0_DMA16_IRQHandler
                0x600047f8        0x8 ./startup/startup_mimxrt1052.o
                0x600047f8                DMA0_DMA16_IRQHandler
 .text.DMA1_DMA17_IRQHandler
                0x60004800        0x8 ./startup/startup_mimxrt1052.o
                0x60004800                DMA1_DMA17_IRQHandler
 .text.DMA2_DMA18_IRQHandler
                0x60004808        0x8 ./startup/startup_mimxrt1052.o
                0x60004808                DMA2_DMA18_IRQHandler
 .text.DMA3_DMA19_IRQHandler
                0x60004810        0x8 ./startup/startup_mimxrt1052.o
                0x60004810                DMA3_DMA19_IRQHandler
 .text.DMA4_DMA20_IRQHandler
                0x60004818        0x8 ./startup/startup_mimxrt1052.o
                0x60004818                DMA4_DMA20_IRQHandler
 .text.DMA5_DMA21_IRQHandler
                0x60004820        0x8 ./startup/startup_mimxrt1052.o
                0x60004820                DMA5_DMA21_IRQHandler
 .text.DMA6_DMA22_IRQHandler
                0x60004828        0x8 ./startup/startup_mimxrt1052.o
                0x60004828                DMA6_DMA22_IRQHandler
 .text.DMA7_DMA23_IRQHandler
                0x60004830        0x8 ./startup/startup_mimxrt1052.o
                0x60004830                DMA7_DMA23_IRQHandler
 .text.DMA8_DMA24_IRQHandler
                0x60004838        0x8 ./startup/startup_mimxrt1052.o
                0x60004838                DMA8_DMA24_IRQHandler
 .text.DMA9_DMA25_IRQHandler
                0x60004840        0x8 ./startup/startup_mimxrt1052.o
                0x60004840                DMA9_DMA25_IRQHandler
 .text.DMA10_DMA26_IRQHandler
                0x60004848        0x8 ./startup/startup_mimxrt1052.o
                0x60004848                DMA10_DMA26_IRQHandler
 .text.DMA11_DMA27_IRQHandler
                0x60004850        0x8 ./startup/startup_mimxrt1052.o
                0x60004850                DMA11_DMA27_IRQHandler
 .text.DMA12_DMA28_IRQHandler
                0x60004858        0x8 ./startup/startup_mimxrt1052.o
                0x60004858                DMA12_DMA28_IRQHandler
 .text.DMA13_DMA29_IRQHandler
                0x60004860        0x8 ./startup/startup_mimxrt1052.o
                0x60004860                DMA13_DMA29_IRQHandler
 .text.DMA14_DMA30_IRQHandler
                0x60004868        0x8 ./startup/startup_mimxrt1052.o
                0x60004868                DMA14_DMA30_IRQHandler
 .text.DMA15_DMA31_IRQHandler
                0x60004870        0x8 ./startup/startup_mimxrt1052.o
                0x60004870                DMA15_DMA31_IRQHandler
 .text.DMA_ERROR_IRQHandler
                0x60004878        0x8 ./startup/startup_mimxrt1052.o
                0x60004878                DMA_ERROR_IRQHandler
 .text.CTI0_ERROR_IRQHandler
                0x60004880        0x8 ./startup/startup_mimxrt1052.o
                0x60004880                CTI0_ERROR_IRQHandler
 .text.CTI1_ERROR_IRQHandler
                0x60004888        0x8 ./startup/startup_mimxrt1052.o
                0x60004888                CTI1_ERROR_IRQHandler
 .text.CORE_IRQHandler
                0x60004890        0x8 ./startup/startup_mimxrt1052.o
                0x60004890                CORE_IRQHandler
 .text.LPUART1_IRQHandler
                0x60004898        0x8 ./startup/startup_mimxrt1052.o
                0x60004898                LPUART1_IRQHandler
 .text.LPUART2_IRQHandler
                0x600048a0        0x8 ./startup/startup_mimxrt1052.o
                0x600048a0                LPUART2_IRQHandler
 .text.LPUART3_IRQHandler
                0x600048a8        0x8 ./startup/startup_mimxrt1052.o
                0x600048a8                LPUART3_IRQHandler
 .text.LPUART4_IRQHandler
                0x600048b0        0x8 ./startup/startup_mimxrt1052.o
                0x600048b0                LPUART4_IRQHandler
 .text.LPUART5_IRQHandler
                0x600048b8        0x8 ./startup/startup_mimxrt1052.o
                0x600048b8                LPUART5_IRQHandler
 .text.LPUART6_IRQHandler
                0x600048c0        0x8 ./startup/startup_mimxrt1052.o
                0x600048c0                LPUART6_IRQHandler
 .text.LPUART7_IRQHandler
                0x600048c8        0x8 ./startup/startup_mimxrt1052.o
                0x600048c8                LPUART7_IRQHandler
 .text.LPUART8_IRQHandler
                0x600048d0        0x8 ./startup/startup_mimxrt1052.o
                0x600048d0                LPUART8_IRQHandler
 .text.LPI2C1_IRQHandler
                0x600048d8        0x8 ./startup/startup_mimxrt1052.o
                0x600048d8                LPI2C1_IRQHandler
 .text.LPI2C2_IRQHandler
                0x600048e0        0x8 ./startup/startup_mimxrt1052.o
                0x600048e0                LPI2C2_IRQHandler
 .text.LPI2C3_IRQHandler
                0x600048e8        0x8 ./startup/startup_mimxrt1052.o
                0x600048e8                LPI2C3_IRQHandler
 .text.LPI2C4_IRQHandler
                0x600048f0        0x8 ./startup/startup_mimxrt1052.o
                0x600048f0                LPI2C4_IRQHandler
 .text.LPSPI1_IRQHandler
                0x600048f8        0x8 ./startup/startup_mimxrt1052.o
                0x600048f8                LPSPI1_IRQHandler
 .text.LPSPI2_IRQHandler
                0x60004900        0x8 ./startup/startup_mimxrt1052.o
                0x60004900                LPSPI2_IRQHandler
 .text.LPSPI3_IRQHandler
                0x60004908        0x8 ./startup/startup_mimxrt1052.o
                0x60004908                LPSPI3_IRQHandler
 .text.LPSPI4_IRQHandler
                0x60004910        0x8 ./startup/startup_mimxrt1052.o
                0x60004910                LPSPI4_IRQHandler
 .text.CAN1_IRQHandler
                0x60004918        0x8 ./startup/startup_mimxrt1052.o
                0x60004918                CAN1_IRQHandler
 .text.CAN2_IRQHandler
                0x60004920        0x8 ./startup/startup_mimxrt1052.o
                0x60004920                CAN2_IRQHandler
 .text.FLEXRAM_IRQHandler
                0x60004928        0x8 ./startup/startup_mimxrt1052.o
                0x60004928                FLEXRAM_IRQHandler
 .text.KPP_IRQHandler
                0x60004930        0x8 ./startup/startup_mimxrt1052.o
                0x60004930                KPP_IRQHandler
 .text.TSC_DIG_IRQHandler
                0x60004938        0x8 ./startup/startup_mimxrt1052.o
                0x60004938                TSC_DIG_IRQHandler
 .text.GPR_IRQ_IRQHandler
                0x60004940        0x8 ./startup/startup_mimxrt1052.o
                0x60004940                GPR_IRQ_IRQHandler
 .text.LCDIF_IRQHandler
                0x60004948        0x8 ./startup/startup_mimxrt1052.o
                0x60004948                LCDIF_IRQHandler
 .text.CSI_IRQHandler
                0x60004950        0x8 ./startup/startup_mimxrt1052.o
                0x60004950                CSI_IRQHandler
 .text.PXP_IRQHandler
                0x60004958        0x8 ./startup/startup_mimxrt1052.o
                0x60004958                PXP_IRQHandler
 .text.WDOG2_IRQHandler
                0x60004960        0x8 ./startup/startup_mimxrt1052.o
                0x60004960                WDOG2_IRQHandler
 .text.SNVS_HP_WRAPPER_IRQHandler
                0x60004968        0x8 ./startup/startup_mimxrt1052.o
                0x60004968                SNVS_HP_WRAPPER_IRQHandler
 .text.SNVS_HP_WRAPPER_TZ_IRQHandler
                0x60004970        0x8 ./startup/startup_mimxrt1052.o
                0x60004970                SNVS_HP_WRAPPER_TZ_IRQHandler
 .text.SNVS_LP_WRAPPER_IRQHandler
                0x60004978        0x8 ./startup/startup_mimxrt1052.o
                0x60004978                SNVS_LP_WRAPPER_IRQHandler
 .text.CSU_IRQHandler
                0x60004980        0x8 ./startup/startup_mimxrt1052.o
                0x60004980                CSU_IRQHandler
 .text.DCP_IRQHandler
                0x60004988        0x8 ./startup/startup_mimxrt1052.o
                0x60004988                DCP_IRQHandler
 .text.DCP_VMI_IRQHandler
                0x60004990        0x8 ./startup/startup_mimxrt1052.o
                0x60004990                DCP_VMI_IRQHandler
 .text.Reserved68_IRQHandler
                0x60004998        0x8 ./startup/startup_mimxrt1052.o
                0x60004998                Reserved68_IRQHandler
 .text.TRNG_IRQHandler
                0x600049a0        0x8 ./startup/startup_mimxrt1052.o
                0x600049a0                TRNG_IRQHandler
 .text.SJC_IRQHandler
                0x600049a8        0x8 ./startup/startup_mimxrt1052.o
                0x600049a8                SJC_IRQHandler
 .text.BEE_IRQHandler
                0x600049b0        0x8 ./startup/startup_mimxrt1052.o
                0x600049b0                BEE_IRQHandler
 .text.SAI1_IRQHandler
                0x600049b8        0x8 ./startup/startup_mimxrt1052.o
                0x600049b8                SAI1_IRQHandler
 .text.SAI2_IRQHandler
                0x600049c0        0x8 ./startup/startup_mimxrt1052.o
                0x600049c0                SAI2_IRQHandler
 .text.SAI3_RX_IRQHandler
                0x600049c8        0x8 ./startup/startup_mimxrt1052.o
                0x600049c8                SAI3_RX_IRQHandler
 .text.SAI3_TX_IRQHandler
                0x600049d0        0x8 ./startup/startup_mimxrt1052.o
                0x600049d0                SAI3_TX_IRQHandler
 .text.SPDIF_IRQHandler
                0x600049d8        0x8 ./startup/startup_mimxrt1052.o
                0x600049d8                SPDIF_IRQHandler
 .text.PMU_EVENT_IRQHandler
                0x600049e0        0x8 ./startup/startup_mimxrt1052.o
                0x600049e0                PMU_EVENT_IRQHandler
 .text.Reserved78_IRQHandler
                0x600049e8        0x8 ./startup/startup_mimxrt1052.o
                0x600049e8                Reserved78_IRQHandler
 .text.TEMP_LOW_HIGH_IRQHandler
                0x600049f0        0x8 ./startup/startup_mimxrt1052.o
                0x600049f0                TEMP_LOW_HIGH_IRQHandler
 .text.TEMP_PANIC_IRQHandler
                0x600049f8        0x8 ./startup/startup_mimxrt1052.o
                0x600049f8                TEMP_PANIC_IRQHandler
 .text.USB_PHY1_IRQHandler
                0x60004a00        0x8 ./startup/startup_mimxrt1052.o
                0x60004a00                USB_PHY1_IRQHandler
 .text.USB_PHY2_IRQHandler
                0x60004a08        0x8 ./startup/startup_mimxrt1052.o
                0x60004a08                USB_PHY2_IRQHandler
 .text.ADC1_IRQHandler
                0x60004a10        0x8 ./startup/startup_mimxrt1052.o
                0x60004a10                ADC1_IRQHandler
 .text.ADC2_IRQHandler
                0x60004a18        0x8 ./startup/startup_mimxrt1052.o
                0x60004a18                ADC2_IRQHandler
 .text.DCDC_IRQHandler
                0x60004a20        0x8 ./startup/startup_mimxrt1052.o
                0x60004a20                DCDC_IRQHandler
 .text.Reserved86_IRQHandler
                0x60004a28        0x8 ./startup/startup_mimxrt1052.o
                0x60004a28                Reserved86_IRQHandler
 .text.Reserved87_IRQHandler
                0x60004a30        0x8 ./startup/startup_mimxrt1052.o
                0x60004a30                Reserved87_IRQHandler
 .text.GPIO1_INT0_IRQHandler
                0x60004a38        0x8 ./startup/startup_mimxrt1052.o
                0x60004a38                GPIO1_INT0_IRQHandler
 .text.GPIO1_INT1_IRQHandler
                0x60004a40        0x8 ./startup/startup_mimxrt1052.o
                0x60004a40                GPIO1_INT1_IRQHandler
 .text.GPIO1_INT2_IRQHandler
                0x60004a48        0x8 ./startup/startup_mimxrt1052.o
                0x60004a48                GPIO1_INT2_IRQHandler
 .text.GPIO1_INT3_IRQHandler
                0x60004a50        0x8 ./startup/startup_mimxrt1052.o
                0x60004a50                GPIO1_INT3_IRQHandler
 .text.GPIO1_INT4_IRQHandler
                0x60004a58        0x8 ./startup/startup_mimxrt1052.o
                0x60004a58                GPIO1_INT4_IRQHandler
 .text.GPIO1_INT5_IRQHandler
                0x60004a60        0x8 ./startup/startup_mimxrt1052.o
                0x60004a60                GPIO1_INT5_IRQHandler
 .text.GPIO1_INT6_IRQHandler
                0x60004a68        0x8 ./startup/startup_mimxrt1052.o
                0x60004a68                GPIO1_INT6_IRQHandler
 .text.GPIO1_INT7_IRQHandler
                0x60004a70        0x8 ./startup/startup_mimxrt1052.o
                0x60004a70                GPIO1_INT7_IRQHandler
 .text.GPIO1_Combined_0_15_IRQHandler
                0x60004a78        0x8 ./startup/startup_mimxrt1052.o
                0x60004a78                GPIO1_Combined_0_15_IRQHandler
 .text.GPIO1_Combined_16_31_IRQHandler
                0x60004a80        0x8 ./startup/startup_mimxrt1052.o
                0x60004a80                GPIO1_Combined_16_31_IRQHandler
 .text.GPIO2_Combined_0_15_IRQHandler
                0x60004a88        0x8 ./startup/startup_mimxrt1052.o
                0x60004a88                GPIO2_Combined_0_15_IRQHandler
 .text.GPIO2_Combined_16_31_IRQHandler
                0x60004a90        0x8 ./startup/startup_mimxrt1052.o
                0x60004a90                GPIO2_Combined_16_31_IRQHandler
 .text.GPIO3_Combined_0_15_IRQHandler
                0x60004a98        0x8 ./startup/startup_mimxrt1052.o
                0x60004a98                GPIO3_Combined_0_15_IRQHandler
 .text.GPIO3_Combined_16_31_IRQHandler
                0x60004aa0        0x8 ./startup/startup_mimxrt1052.o
                0x60004aa0                GPIO3_Combined_16_31_IRQHandler
 .text.GPIO4_Combined_0_15_IRQHandler
                0x60004aa8        0x8 ./startup/startup_mimxrt1052.o
                0x60004aa8                GPIO4_Combined_0_15_IRQHandler
 .text.GPIO4_Combined_16_31_IRQHandler
                0x60004ab0        0x8 ./startup/startup_mimxrt1052.o
                0x60004ab0                GPIO4_Combined_16_31_IRQHandler
 .text.GPIO5_Combined_0_15_IRQHandler
                0x60004ab8        0x8 ./startup/startup_mimxrt1052.o
                0x60004ab8                GPIO5_Combined_0_15_IRQHandler
 .text.GPIO5_Combined_16_31_IRQHandler
                0x60004ac0        0x8 ./startup/startup_mimxrt1052.o
                0x60004ac0                GPIO5_Combined_16_31_IRQHandler
 .text.FLEXIO1_IRQHandler
                0x60004ac8        0x8 ./startup/startup_mimxrt1052.o
                0x60004ac8                FLEXIO1_IRQHandler
 .text.FLEXIO2_IRQHandler
                0x60004ad0        0x8 ./startup/startup_mimxrt1052.o
                0x60004ad0                FLEXIO2_IRQHandler
 .text.WDOG1_IRQHandler
                0x60004ad8        0x8 ./startup/startup_mimxrt1052.o
                0x60004ad8                WDOG1_IRQHandler
 .text.RTWDOG_IRQHandler
                0x60004ae0        0x8 ./startup/startup_mimxrt1052.o
                0x60004ae0                RTWDOG_IRQHandler
 .text.EWM_IRQHandler
                0x60004ae8        0x8 ./startup/startup_mimxrt1052.o
                0x60004ae8                EWM_IRQHandler
 .text.CCM_1_IRQHandler
                0x60004af0        0x8 ./startup/startup_mimxrt1052.o
                0x60004af0                CCM_1_IRQHandler
 .text.CCM_2_IRQHandler
                0x60004af8        0x8 ./startup/startup_mimxrt1052.o
                0x60004af8                CCM_2_IRQHandler
 .text.GPC_IRQHandler
                0x60004b00        0x8 ./startup/startup_mimxrt1052.o
                0x60004b00                GPC_IRQHandler
 .text.SRC_IRQHandler
                0x60004b08        0x8 ./startup/startup_mimxrt1052.o
                0x60004b08                SRC_IRQHandler
 .text.Reserved115_IRQHandler
                0x60004b10        0x8 ./startup/startup_mimxrt1052.o
                0x60004b10                Reserved115_IRQHandler
 .text.GPT1_IRQHandler
                0x60004b18        0x8 ./startup/startup_mimxrt1052.o
                0x60004b18                GPT1_IRQHandler
 .text.GPT2_IRQHandler
                0x60004b20        0x8 ./startup/startup_mimxrt1052.o
                0x60004b20                GPT2_IRQHandler
 .text.PWM1_0_IRQHandler
                0x60004b28        0x8 ./startup/startup_mimxrt1052.o
                0x60004b28                PWM1_0_IRQHandler
 .text.PWM1_1_IRQHandler
                0x60004b30        0x8 ./startup/startup_mimxrt1052.o
                0x60004b30                PWM1_1_IRQHandler
 .text.PWM1_2_IRQHandler
                0x60004b38        0x8 ./startup/startup_mimxrt1052.o
                0x60004b38                PWM1_2_IRQHandler
 .text.PWM1_3_IRQHandler
                0x60004b40        0x8 ./startup/startup_mimxrt1052.o
                0x60004b40                PWM1_3_IRQHandler
 .text.PWM1_FAULT_IRQHandler
                0x60004b48        0x8 ./startup/startup_mimxrt1052.o
                0x60004b48                PWM1_FAULT_IRQHandler
 .text.Reserved123_IRQHandler
                0x60004b50        0x8 ./startup/startup_mimxrt1052.o
                0x60004b50                Reserved123_IRQHandler
 .text.FLEXSPI_IRQHandler
                0x60004b58        0x8 ./startup/startup_mimxrt1052.o
                0x60004b58                FLEXSPI_IRQHandler
 .text.SEMC_IRQHandler
                0x60004b60        0x8 ./startup/startup_mimxrt1052.o
                0x60004b60                SEMC_IRQHandler
 .text.USDHC1_IRQHandler
                0x60004b68        0x8 ./startup/startup_mimxrt1052.o
                0x60004b68                USDHC1_IRQHandler
 .text.USDHC2_IRQHandler
                0x60004b70        0x8 ./startup/startup_mimxrt1052.o
                0x60004b70                USDHC2_IRQHandler
 .text.USB_OTG2_IRQHandler
                0x60004b78        0x8 ./startup/startup_mimxrt1052.o
                0x60004b78                USB_OTG2_IRQHandler
 .text.USB_OTG1_IRQHandler
                0x60004b80        0x8 ./startup/startup_mimxrt1052.o
                0x60004b80                USB_OTG1_IRQHandler
 .text.ENET_IRQHandler
                0x60004b88        0x8 ./startup/startup_mimxrt1052.o
                0x60004b88                ENET_IRQHandler
 .text.ENET_1588_Timer_IRQHandler
                0x60004b90        0x8 ./startup/startup_mimxrt1052.o
                0x60004b90                ENET_1588_Timer_IRQHandler
 .text.XBAR1_IRQ_0_1_IRQHandler
                0x60004b98        0x8 ./startup/startup_mimxrt1052.o
                0x60004b98                XBAR1_IRQ_0_1_IRQHandler
 .text.XBAR1_IRQ_2_3_IRQHandler
                0x60004ba0        0x8 ./startup/startup_mimxrt1052.o
                0x60004ba0                XBAR1_IRQ_2_3_IRQHandler
 .text.ADC_ETC_IRQ0_IRQHandler
                0x60004ba8        0x8 ./startup/startup_mimxrt1052.o
                0x60004ba8                ADC_ETC_IRQ0_IRQHandler
 .text.ADC_ETC_IRQ1_IRQHandler
                0x60004bb0        0x8 ./startup/startup_mimxrt1052.o
                0x60004bb0                ADC_ETC_IRQ1_IRQHandler
 .text.ADC_ETC_IRQ2_IRQHandler
                0x60004bb8        0x8 ./startup/startup_mimxrt1052.o
                0x60004bb8                ADC_ETC_IRQ2_IRQHandler
 .text.ADC_ETC_ERROR_IRQ_IRQHandler
                0x60004bc0        0x8 ./startup/startup_mimxrt1052.o
                0x60004bc0                ADC_ETC_ERROR_IRQ_IRQHandler
 .text.PIT_IRQHandler
                0x60004bc8        0x8 ./startup/startup_mimxrt1052.o
                0x60004bc8                PIT_IRQHandler
 .text.ACMP1_IRQHandler
                0x60004bd0        0x8 ./startup/startup_mimxrt1052.o
                0x60004bd0                ACMP1_IRQHandler
 .text.ACMP2_IRQHandler
                0x60004bd8        0x8 ./startup/startup_mimxrt1052.o
                0x60004bd8                ACMP2_IRQHandler
 .text.ACMP3_IRQHandler
                0x60004be0        0x8 ./startup/startup_mimxrt1052.o
                0x60004be0                ACMP3_IRQHandler
 .text.ACMP4_IRQHandler
                0x60004be8        0x8 ./startup/startup_mimxrt1052.o
                0x60004be8                ACMP4_IRQHandler
 .text.Reserved143_IRQHandler
                0x60004bf0        0x8 ./startup/startup_mimxrt1052.o
                0x60004bf0                Reserved143_IRQHandler
 .text.Reserved144_IRQHandler
                0x60004bf8        0x8 ./startup/startup_mimxrt1052.o
                0x60004bf8                Reserved144_IRQHandler
 .text.ENC1_IRQHandler
                0x60004c00        0x8 ./startup/startup_mimxrt1052.o
                0x60004c00                ENC1_IRQHandler
 .text.ENC2_IRQHandler
                0x60004c08        0x8 ./startup/startup_mimxrt1052.o
                0x60004c08                ENC2_IRQHandler
 .text.ENC3_IRQHandler
                0x60004c10        0x8 ./startup/startup_mimxrt1052.o
                0x60004c10                ENC3_IRQHandler
 .text.ENC4_IRQHandler
                0x60004c18        0x8 ./startup/startup_mimxrt1052.o
                0x60004c18                ENC4_IRQHandler
 .text.TMR1_IRQHandler
                0x60004c20        0x8 ./startup/startup_mimxrt1052.o
                0x60004c20                TMR1_IRQHandler
 .text.TMR2_IRQHandler
                0x60004c28        0x8 ./startup/startup_mimxrt1052.o
                0x60004c28                TMR2_IRQHandler
 .text.TMR3_IRQHandler
                0x60004c30        0x8 ./startup/startup_mimxrt1052.o
                0x60004c30                TMR3_IRQHandler
 .text.TMR4_IRQHandler
                0x60004c38        0x8 ./startup/startup_mimxrt1052.o
                0x60004c38                TMR4_IRQHandler
 .text.PWM2_0_IRQHandler
                0x60004c40        0x8 ./startup/startup_mimxrt1052.o
                0x60004c40                PWM2_0_IRQHandler
 .text.PWM2_1_IRQHandler
                0x60004c48        0x8 ./startup/startup_mimxrt1052.o
                0x60004c48                PWM2_1_IRQHandler
 .text.PWM2_2_IRQHandler
                0x60004c50        0x8 ./startup/startup_mimxrt1052.o
                0x60004c50                PWM2_2_IRQHandler
 .text.PWM2_3_IRQHandler
                0x60004c58        0x8 ./startup/startup_mimxrt1052.o
                0x60004c58                PWM2_3_IRQHandler
 .text.PWM2_FAULT_IRQHandler
                0x60004c60        0x8 ./startup/startup_mimxrt1052.o
                0x60004c60                PWM2_FAULT_IRQHandler
 .text.PWM3_0_IRQHandler
                0x60004c68        0x8 ./startup/startup_mimxrt1052.o
                0x60004c68                PWM3_0_IRQHandler
 .text.PWM3_1_IRQHandler
                0x60004c70        0x8 ./startup/startup_mimxrt1052.o
                0x60004c70                PWM3_1_IRQHandler
 .text.PWM3_2_IRQHandler
                0x60004c78        0x8 ./startup/startup_mimxrt1052.o
                0x60004c78                PWM3_2_IRQHandler
 .text.PWM3_3_IRQHandler
                0x60004c80        0x8 ./startup/startup_mimxrt1052.o
                0x60004c80                PWM3_3_IRQHandler
 .text.PWM3_FAULT_IRQHandler
                0x60004c88        0x8 ./startup/startup_mimxrt1052.o
                0x60004c88                PWM3_FAULT_IRQHandler
 .text.PWM4_0_IRQHandler
                0x60004c90        0x8 ./startup/startup_mimxrt1052.o
                0x60004c90                PWM4_0_IRQHandler
 .text.PWM4_1_IRQHandler
                0x60004c98        0x8 ./startup/startup_mimxrt1052.o
                0x60004c98                PWM4_1_IRQHandler
 .text.PWM4_2_IRQHandler
                0x60004ca0        0x8 ./startup/startup_mimxrt1052.o
                0x60004ca0                PWM4_2_IRQHandler
 .text.PWM4_3_IRQHandler
                0x60004ca8        0x8 ./startup/startup_mimxrt1052.o
                0x60004ca8                PWM4_3_IRQHandler
 .text.PWM4_FAULT_IRQHandler
                0x60004cb0        0x8 ./startup/startup_mimxrt1052.o
                0x60004cb0                PWM4_FAULT_IRQHandler
 .text.HardFault_Handler
                0x60004cb8       0x36 ./source/semihost_hardfault.o
                0x60004cb8                HardFault_Handler
 .text._SDK_AtomicLocalClearAndSet4Byte
                0x60004cee       0x50 ./drivers/fsl_gpio.o
 .text.CLOCK_EnableClock
                0x60004d3e       0x1e ./drivers/fsl_gpio.o
 .text.GPIO_SetPinInterruptConfig
                0x60004d5c       0x22 ./drivers/fsl_gpio.o
 .text.SystemInitHook
                0x60004d7e        0xe ./device/system_MIMXRT1052.o
                0x60004d7e                SystemInitHook
 .text.SerialManager_StartWriting
                0x60004d8c       0x38 ./component/serial_manager/fsl_component_serial_manager.o
 .text.SerialManager_Write
                0x60004dc4       0x44 ./component/serial_manager/fsl_component_serial_manager.o
 .text.SerialManager_WriteBlocking
                0x60004e08       0x20 ./component/serial_manager/fsl_component_serial_manager.o
                0x60004e08                SerialManager_WriteBlocking
 .text.Serial_UartWrite
                0x60004e28       0x38 ./component/serial_manager/fsl_component_serial_port_uart.o
                0x60004e28                Serial_UartWrite
 .text._SDK_AtomicLocalClearAndSet4Byte
                0x60004e60       0x50 ./board/clock_config.o
 .text.CLOCK_DisableClock
                0x60004eb0       0x1e ./board/clock_config.o
 .text.CLOCK_SetPllBypass
                0x60004ece       0x4e ./board/clock_config.o
 .text.IOMUXC_SetSaiMClkClockSource
                0x60004f1c       0x6c ./board/clock_config.o
 .text.BOARD_InitBootClocks
                0x60004f88        0xc ./board/clock_config.o
                0x60004f88                BOARD_InitBootClocks
 .text._SDK_AtomicLocalClearAndSet4Byte
                0x60004f94       0x50 ./board/pin_mux.o
 .text.CLOCK_EnableClock
                0x60004fe4       0x1e ./board/pin_mux.o
 .text.IOMUXC_SetPinMux
                0x60005002       0x3a ./board/pin_mux.o
 .text.IOMUXC_SetPinConfig
                0x6000503c       0x26 ./board/pin_mux.o
 .text.BOARD_InitBootPins
                0x60005062        0xc ./board/pin_mux.o
                0x60005062                BOARD_InitBootPins
 .text.__main   0x6000506e        0xe c:/nxp/mcuxpressoide_11.9.0_2144/ide/plugins/com.nxp.mcuxpresso.tools.win32_11.9.0.202307121226/tools/bin/../lib/gcc/arm-none-eabi/12.3.1/../../../../arm-none-eabi/lib/thumb/v7e-m+dp/hard\libcr_nohost_nf.a(_cr__main.o)
                0x6000506e                __main
 .text.memset   0x6000507c        0x4 c:/nxp/mcuxpressoide_11.9.0_2144/ide/plugins/com.nxp.mcuxpresso.tools.win32_11.9.0.202307121226/tools/bin/../lib/gcc/arm-none-eabi/12.3.1/../../../../arm-none-eabi/lib/thumb/v7e-m+dp/hard\libcr_c.a(memset.o)
                0x6000507c                memset
 .text.free     0x60005080       0x30 c:/nxp/mcuxpressoide_11.9.0_2144/ide/plugins/com.nxp.mcuxpresso.tools.win32_11.9.0.202307121226/tools/bin/../lib/gcc/arm-none-eabi/12.3.1/../../../../arm-none-eabi/lib/thumb/v7e-m+dp/hard\libcr_c.a(alloc.o)
                0x60005080                free
 .text.setvbuf  0x600050b0       0x3e c:/nxp/mcuxpressoide_11.9.0_2144/ide/plugins/com.nxp.mcuxpresso.tools.win32_11.9.0.202307121226/tools/bin/../lib/gcc/arm-none-eabi/12.3.1/../../../../arm-none-eabi/lib/thumb/v7e-m+dp/hard\libcr_c.a(setvbuf.o)
                0x600050b0                setvbuf
 .text.strlen   0x600050ee       0x4e c:/nxp/mcuxpressoide_11.9.0_2144/ide/plugins/com.nxp.mcuxpresso.tools.win32_11.9.0.202307121226/tools/bin/../lib/gcc/arm-none-eabi/12.3.1/../../../../arm-none-eabi/lib/thumb/v7e-m+dp/hard\libcr_c.a(strlen.o)
                0x600050ee                strlen
 .text._deferredlazyseek
                0x6000513c       0x40 c:/nxp/mcuxpressoide_11.9.0_2144/ide/plugins/com.nxp.mcuxpresso.tools.win32_11.9.0.202307121226/tools/bin/../lib/gcc/arm-none-eabi/12.3.1/../../../../arm-none-eabi/lib/thumb/v7e-m+dp/hard\libcr_c.a(_deferredlazyseek.o)
                0x6000513c                _deferredlazyseek
 .text._fdopen  0x6000517c       0x68 c:/nxp/mcuxpressoide_11.9.0_2144/ide/plugins/com.nxp.mcuxpresso.tools.win32_11.9.0.202307121226/tools/bin/../lib/gcc/arm-none-eabi/12.3.1/../../../../arm-none-eabi/lib/thumb/v7e-m+dp/hard\libcr_c.a(_fdopen.o)
                0x6000517c                _fdopen
 .text._fflush  0x600051e4       0x52 c:/nxp/mcuxpressoide_11.9.0_2144/ide/plugins/com.nxp.mcuxpresso.tools.win32_11.9.0.202307121226/tools/bin/../lib/gcc/arm-none-eabi/12.3.1/../../../../arm-none-eabi/lib/thumb/v7e-m+dp/hard\libcr_c.a(_fflush.o)
                0x600051e4                _fflush
 .text.fclose   0x60005236       0x58 c:/nxp/mcuxpressoide_11.9.0_2144/ide/plugins/com.nxp.mcuxpresso.tools.win32_11.9.0.202307121226/tools/bin/../lib/gcc/arm-none-eabi/12.3.1/../../../../arm-none-eabi/lib/thumb/v7e-m+dp/hard\libcr_c.a(fclose.o)
                0x60005236                fclose
 .text.remove   0x6000528e       0x14 c:/nxp/mcuxpressoide_11.9.0_2144/ide/plugins/com.nxp.mcuxpresso.tools.win32_11.9.0.202307121226/tools/bin/../lib/gcc/arm-none-eabi/12.3.1/../../../../arm-none-eabi/lib/thumb/v7e-m+dp/hard\libcr_c.a(remove.o)
                0x6000528e                remove
 .text._do_fflush
                0x600052a2       0x40 c:/nxp/mcuxpressoide_11.9.0_2144/ide/plugins/com.nxp.mcuxpresso.tools.win32_11.9.0.202307121226/tools/bin/../lib/gcc/arm-none-eabi/12.3.1/../../../../arm-none-eabi/lib/thumb/v7e-m+dp/hard\libcr_c.a(_do_fflush.o)
                0x600052a2                _do_fflush
 .text.__aeabi_division_uldivmod
                0x600052e2      0x174 c:/nxp/mcuxpressoide_11.9.0_2144/ide/plugins/com.nxp.mcuxpresso.tools.win32_11.9.0.202307121226/tools/bin/../lib/gcc/arm-none-eabi/12.3.1/thumb/v7e-m+dp/hard\libcr_eabihelpers.a(division_64.o)
                0x600052e2                __aeabi_uldivmod
                0x600052e6                __bhs_ldivmod1
 .text.__aeabi_division_idiv0
                0x60005456        0x2 c:/nxp/mcuxpressoide_11.9.0_2144/ide/plugins/com.nxp.mcuxpresso.tools.win32_11.9.0.202307121226/tools/bin/../lib/gcc/arm-none-eabi/12.3.1/thumb/v7e-m+dp/hard\libcr_eabihelpers.a(division_idiv0.o)
                0x60005456                __aeabi_idiv0
 .text.__aeabi_memset_lowlevel
                0x60005458       0x32 c:/nxp/mcuxpressoide_11.9.0_2144/ide/plugins/com.nxp.mcuxpresso.tools.win32_11.9.0.202307121226/tools/bin/../lib/gcc/arm-none-eabi/12.3.1/thumb/v7e-m+dp/hard\libcr_eabihelpers.a(memcpy.o)
                0x60005458                __aeabi_lowlevel_memset
 .text.__sys_close
                0x6000548a        0x6 c:/nxp/mcuxpressoide_11.9.0_2144/ide/plugins/com.nxp.mcuxpresso.tools.win32_11.9.0.202307121226/tools/bin/../lib/gcc/arm-none-eabi/12.3.1/../../../../arm-none-eabi/lib/thumb/v7e-m+dp/hard\libcr_nohost_nf.a(__sys_close.o)
                0x6000548a                __sys_close
 .text.__sys_flen
                0x60005490        0x6 c:/nxp/mcuxpressoide_11.9.0_2144/ide/plugins/com.nxp.mcuxpresso.tools.win32_11.9.0.202307121226/tools/bin/../lib/gcc/arm-none-eabi/12.3.1/../../../../arm-none-eabi/lib/thumb/v7e-m+dp/hard\libcr_nohost_nf.a(__sys_flen.o)
                0x60005490                __sys_flen
 .text.__sys_istty
                0x60005496        0x6 c:/nxp/mcuxpressoide_11.9.0_2144/ide/plugins/com.nxp.mcuxpresso.tools.win32_11.9.0.202307121226/tools/bin/../lib/gcc/arm-none-eabi/12.3.1/../../../../arm-none-eabi/lib/thumb/v7e-m+dp/hard\libcr_nohost_nf.a(__sys_istty.o)
                0x60005496                __sys_istty
 .text.__sys_remove
                0x6000549c        0x6 c:/nxp/mcuxpressoide_11.9.0_2144/ide/plugins/com.nxp.mcuxpresso.tools.win32_11.9.0.202307121226/tools/bin/../lib/gcc/arm-none-eabi/12.3.1/../../../../arm-none-eabi/lib/thumb/v7e-m+dp/hard\libcr_nohost_nf.a(__sys_remove.o)
                0x6000549c                __sys_remove
 .text.__sys_seek
                0x600054a2        0x6 c:/nxp/mcuxpressoide_11.9.0_2144/ide/plugins/com.nxp.mcuxpresso.tools.win32_11.9.0.202307121226/tools/bin/../lib/gcc/arm-none-eabi/12.3.1/../../../../arm-none-eabi/lib/thumb/v7e-m+dp/hard\libcr_nohost_nf.a(__sys_seek.o)
                0x600054a2                __sys_seek
 .text.__sys_tmpnam
                0x600054a8        0x6 c:/nxp/mcuxpressoide_11.9.0_2144/ide/plugins/com.nxp.mcuxpresso.tools.win32_11.9.0.202307121226/tools/bin/../lib/gcc/arm-none-eabi/12.3.1/../../../../arm-none-eabi/lib/thumb/v7e-m+dp/hard\libcr_nohost_nf.a(__sys_tmpnam.o)
                0x600054a8                __sys_tmpnam
 .text.__sys_write
                0x600054ae        0x4 c:/nxp/mcuxpressoide_11.9.0_2144/ide/plugins/com.nxp.mcuxpresso.tools.win32_11.9.0.202307121226/tools/bin/../lib/gcc/arm-none-eabi/12.3.1/../../../../arm-none-eabi/lib/thumb/v7e-m+dp/hard\libcr_nohost_nf.a(__sys_write.o)
                0x600054ae                __sys_write
 *(SORT_BY_ALIGNMENT(.rodata) SORT_BY_ALIGNMENT(.rodata.*) SORT_BY_ALIGNMENT(.constdata) SORT_BY_ALIGNMENT(.constdata.*))
 *fill*         0x600054b2        0x2 ff
 .rodata.__assertion_failed.str1.4
                0x600054b4       0x14 ./utilities/fsl_assert.o
 .rodata.CLOCK_InitExternalClk.str1.4
                0x600054c8       0x21 ./drivers/fsl_clock.o
 *fill*         0x600054e9        0x3 ff
 .rodata.CLOCK_ControlGate.str1.4
                0x600054ec       0x20 ./drivers/fsl_gpio.o
 .rodata.s_gpioBases
                0x6000550c       0x18 ./drivers/fsl_gpio.o
 .rodata.s_gpioClock
                0x60005524        0xc ./drivers/fsl_gpio.o
 .rodata.GPIO_GetInstance.str1.4
                0x60005530       0x33 ./drivers/fsl_gpio.o
 *fill*         0x60005563        0x1 ff
 .rodata.GPIO_PinWrite.str1.4
                0x60005564       0x1b ./drivers/fsl_gpio.o
 *fill*         0x6000557f        0x1 ff
 .rodata.LPUART_WriteBlocking.str1.4
                0x60005580       0x21 ./drivers/fsl_lpuart.o
 *fill*         0x600055a1        0x3 ff
 .rodata.s_LpuartAdapterBase
                0x600055a4       0x24 ./component/uart/fsl_adapter_lpuart.o
 .rodata.HAL_UartSendBlocking.str1.4
                0x600055c8       0x7b ./component/uart/fsl_adapter_lpuart.o
 *fill*         0x60005643        0x1 ff
 .rodata.BOARD_ConfigMPU.str1.4
                0x60005644       0x69 ./board/board.o
 *fill*         0x600056ad        0x3 ff
 .rodata.CLOCK_SetMux.str1.4
                0x600056b0       0xb4 ./board/clock_config.o
 .rodata.CLOCK_SetDiv.str1.4
                0x60005764       0xb4 ./board/clock_config.o
 .rodata.CLOCK_ControlGate.str1.4
                0x60005818       0xa3 ./board/clock_config.o
 *fill*         0x600058bb        0x1 ff
 .rodata.armPllConfig_BOARD_BootClockRUN
                0x600058bc        0x8 ./board/clock_config.o
                0x600058bc                armPllConfig_BOARD_BootClockRUN
 .rodata.sysPllConfig_BOARD_BootClockRUN
                0x600058c4       0x14 ./board/clock_config.o
                0x600058c4                sysPllConfig_BOARD_BootClockRUN
 .rodata.CLOCK_ControlGate.str1.4
                0x600058d8       0xa3 ./board/pin_mux.o
 .rodata.__num_Ciob_streams
                0x600058d8        0x4 c:/nxp/mcuxpressoide_11.9.0_2144/ide/plugins/com.nxp.mcuxpresso.tools.win32_11.9.0.202307121226/tools/bin/../lib/gcc/arm-none-eabi/12.3.1/../../../../arm-none-eabi/lib/thumb/v7e-m+dp/hard\libcr_nohost_nf.a(__ciob.o)
                0x600058d8                __num_Ciob_streams
 .rodata._initio.str1.1
                0x600058dc        0x4 c:/nxp/mcuxpressoide_11.9.0_2144/ide/plugins/com.nxp.mcuxpresso.tools.win32_11.9.0.202307121226/tools/bin/../lib/gcc/arm-none-eabi/12.3.1/../../../../arm-none-eabi/lib/thumb/v7e-m+dp/hard\libcr_c.a(initio.o)
                0x6000597c                        . = ALIGN (0x4)

.glue_7         0x600058e0        0x0
 .glue_7        0x600058e0        0x0 linker stubs

.glue_7t        0x600058e0        0x0
 .glue_7t       0x600058e0        0x0 linker stubs

.vfp11_veneer   0x600058e0        0x0
 .vfp11_veneer  0x600058e0        0x0 linker stubs

.v4_bx          0x600058e0        0x0
 .v4_bx         0x600058e0        0x0 linker stubs

.iplt           0x600058e0        0x0
 .iplt          0x600058e0        0x0 ./xip/fsl_flexspi_nor_boot.o

.rel.dyn        0x600058e0        0x0
 .rel.iplt      0x600058e0        0x0 ./xip/fsl_flexspi_nor_boot.o

.ARM.extab
 *(SORT_BY_ALIGNMENT(.ARM.extab*) SORT_BY_ALIGNMENT(.gnu.linkonce.armextab.*))

.ARM.exidx      0x600058e0        0x0
                0x600058e0                        __exidx_start = .
 *(SORT_BY_ALIGNMENT(.ARM.exidx*) SORT_BY_ALIGNMENT(.gnu.linkonce.armexidx.*))
                0x600058e0                        __exidx_end = .
                0x600058e0                        _etext = .

.data_RAM2      0x00000000        0x0 load address 0x600058e0
 FILL mask 0xff
                [!provide]                        PROVIDE (__start_data_RAM2 = .)
                [!provide]                        PROVIDE (__start_data_SRAM_ITC = .)
 *(SORT_BY_ALIGNMENT(.ramfunc.$RAM2))
 *(SORT_BY_ALIGNMENT(.ramfunc.$SRAM_ITC))
 *(SORT_BY_ALIGNMENT(.data.$RAM2))
 *(SORT_BY_ALIGNMENT(.data.$SRAM_ITC))
 *(SORT_BY_ALIGNMENT(.data.$RAM2.*))
 *(SORT_BY_ALIGNMENT(.data.$SRAM_ITC.*))
                0x00000000                        . = ALIGN (0x4)
                [!provide]                        PROVIDE (__end_data_RAM2 = .)
                [!provide]                        PROVIDE (__end_data_SRAM_ITC = .)

.data_RAM3      0x20200000        0x0 load address 0x600058e0
 FILL mask 0xff
                [!provide]                        PROVIDE (__start_data_RAM3 = .)
                [!provide]                        PROVIDE (__start_data_SRAM_OC = .)
 *(SORT_BY_ALIGNMENT(.ramfunc.$RAM3))
 *(SORT_BY_ALIGNMENT(.ramfunc.$SRAM_OC))
 *(SORT_BY_ALIGNMENT(.data.$RAM3))
 *(SORT_BY_ALIGNMENT(.data.$SRAM_OC))
 *(SORT_BY_ALIGNMENT(.data.$RAM3.*))
 *(SORT_BY_ALIGNMENT(.data.$SRAM_OC.*))
                0x20200000                        . = ALIGN (0x4)
                [!provide]                        PROVIDE (__end_data_RAM3 = .)
                [!provide]                        PROVIDE (__end_data_SRAM_OC = .)

.data_RAM4      0x80000000        0x0 load address 0x600058e0
 FILL mask 0xff
                [!provide]                        PROVIDE (__start_data_RAM4 = .)
                [!provide]                        PROVIDE (__start_data_BOARD_SDRAM = .)
 *(SORT_BY_ALIGNMENT(.ramfunc.$RAM4))
 *(SORT_BY_ALIGNMENT(.ramfunc.$BOARD_SDRAM))
 *(SORT_BY_ALIGNMENT(.data.$RAM4))
 *(SORT_BY_ALIGNMENT(.data.$BOARD_SDRAM))
 *(SORT_BY_ALIGNMENT(.data.$RAM4.*))
 *(SORT_BY_ALIGNMENT(.data.$BOARD_SDRAM.*))
                0x80000000                        . = ALIGN (0x4)
                [!provide]                        PROVIDE (__end_data_RAM4 = .)
                [!provide]                        PROVIDE (__end_data_BOARD_SDRAM = .)

.data_RAM5      0x81e00000        0x0 load address 0x600058e0
 FILL mask 0xff
                [!provide]                        PROVIDE (__start_data_RAM5 = .)
                [!provide]                        PROVIDE (__start_data_NCACHE_REGION = .)
 *(SORT_BY_ALIGNMENT(.ramfunc.$RAM5))
 *(SORT_BY_ALIGNMENT(.ramfunc.$NCACHE_REGION))
 *(SORT_BY_ALIGNMENT(.data.$RAM5))
 *(SORT_BY_ALIGNMENT(.data.$NCACHE_REGION))
 *(SORT_BY_ALIGNMENT(.data.$RAM5.*))
 *(SORT_BY_ALIGNMENT(.data.$NCACHE_REGION.*))
                0x81e00000                        . = ALIGN (0x4)
                [!provide]                        PROVIDE (__end_data_RAM5 = .)
                [!provide]                        PROVIDE (__end_data_NCACHE_REGION = .)

.uninit_RESERVED
                0x20000000        0x0
                0x20000000                        _start_uninit_RESERVED = .
 *(SORT_BY_ALIGNMENT(.bss.$RESERVED*))
                0x20000000                        . = ALIGN (0x4)
                0x20000000                        _end_uninit_RESERVED = .

.data           0x20000000        0x4 load address 0x600058e0
 FILL mask 0xff
                0x20000000                        _data = .
                [!provide]                        PROVIDE (__start_data_RAM = .)
                [!provide]                        PROVIDE (__start_data_SRAM_DTC = .)
 *(SORT_BY_ALIGNMENT(vtable))
 *(SORT_BY_ALIGNMENT(.ramfunc*))
 *(SORT_BY_ALIGNMENT(CodeQuickAccess))
 *(SORT_BY_ALIGNMENT(DataQuickAccess))
 *(SORT_BY_ALIGNMENT(RamFunction))
 *(SORT_BY_ALIGNMENT(NonCacheable.init))
 *(SORT_BY_ALIGNMENT(.data*))
 .data.SystemCoreClock
                0x20000000        0x4 ./device/system_MIMXRT1052.o
                0x20000000                SystemCoreClock
                0x20000004                        . = ALIGN (0x4)
                0x20000004                        _edata = .
                [!provide]                        PROVIDE (__end_data_RAM = .)
                [!provide]                        PROVIDE (__end_data_SRAM_DTC = .)

.igot.plt       0x20000004        0x0 load address 0x600058e4
 .igot.plt      0x20000004        0x0 ./xip/fsl_flexspi_nor_boot.o

.bss_RAM2       0x00000000        0x0
                [!provide]                        PROVIDE (__start_bss_RAM2 = .)
                [!provide]                        PROVIDE (__start_bss_SRAM_ITC = .)
 *(SORT_BY_ALIGNMENT(.bss.$RAM2))
 *(SORT_BY_ALIGNMENT(.bss.$SRAM_ITC))
 *(SORT_BY_ALIGNMENT(.bss.$RAM2.*))
 *(SORT_BY_ALIGNMENT(.bss.$SRAM_ITC.*))
                0x00000000                        . = ALIGN ((. != 0x0)?0x4:0x1)
                [!provide]                        PROVIDE (__end_bss_RAM2 = .)
                [!provide]                        PROVIDE (__end_bss_SRAM_ITC = .)

.bss_RAM3       0x20200000        0x0
                [!provide]                        PROVIDE (__start_bss_RAM3 = .)
                [!provide]                        PROVIDE (__start_bss_SRAM_OC = .)
 *(SORT_BY_ALIGNMENT(.bss.$RAM3))
 *(SORT_BY_ALIGNMENT(.bss.$SRAM_OC))
 *(SORT_BY_ALIGNMENT(.bss.$RAM3.*))
 *(SORT_BY_ALIGNMENT(.bss.$SRAM_OC.*))
                0x20200000                        . = ALIGN ((. != 0x0)?0x4:0x1)
                [!provide]                        PROVIDE (__end_bss_RAM3 = .)
                [!provide]                        PROVIDE (__end_bss_SRAM_OC = .)

.bss_RAM4       0x80000000        0x0
                [!provide]                        PROVIDE (__start_bss_RAM4 = .)
                [!provide]                        PROVIDE (__start_bss_BOARD_SDRAM = .)
 *(SORT_BY_ALIGNMENT(.bss.$RAM4))
 *(SORT_BY_ALIGNMENT(.bss.$BOARD_SDRAM))
 *(SORT_BY_ALIGNMENT(.bss.$RAM4.*))
 *(SORT_BY_ALIGNMENT(.bss.$BOARD_SDRAM.*))
                0x80000000                        . = ALIGN ((. != 0x0)?0x4:0x1)
                [!provide]                        PROVIDE (__end_bss_RAM4 = .)
                [!provide]                        PROVIDE (__end_bss_BOARD_SDRAM = .)

.bss_RAM5       0x81e00000        0x0
                [!provide]                        PROVIDE (__start_bss_RAM5 = .)
                [!provide]                        PROVIDE (__start_bss_NCACHE_REGION = .)
 *(SORT_BY_ALIGNMENT(.bss.$RAM5))
 *(SORT_BY_ALIGNMENT(.bss.$NCACHE_REGION))
 *(SORT_BY_ALIGNMENT(.bss.$RAM5.*))
 *(SORT_BY_ALIGNMENT(.bss.$NCACHE_REGION.*))
                0x81e00000                        . = ALIGN ((. != 0x0)?0x4:0x1)
                [!provide]                        PROVIDE (__end_bss_RAM5 = .)
                [!provide]                        PROVIDE (__end_bss_NCACHE_REGION = .)

.bss            0x20000004      0x134
                0x20000004                        _bss = .
                [!provide]                        PROVIDE (__start_bss_RAM = .)
                [!provide]                        PROVIDE (__start_bss_SRAM_DTC = .)
 *(SORT_BY_ALIGNMENT(NonCacheable))
 *(SORT_BY_ALIGNMENT(.bss*))
 .bss.s_debugConsoleState
                0x20000004       0x20 ./utilities/fsl_debug_console.o
 .bss.g_serialHandle
                0x20000024        0x4 ./utilities/fsl_debug_console.o
                0x20000024                g_serialHandle
 .bss.g_systickCounter
                0x20000028        0x4 ./source/led_blinky.o
                0x20000028                g_systickCounter
 .bss.g_xtalFreq
                0x2000002c        0x4 ./drivers/fsl_clock.o
                0x2000002c                g_xtalFreq
 .bss.g_rtcXtalFreq
                0x20000030        0x4 ./drivers/fsl_clock.o
                0x20000030                g_rtcXtalFreq
 .bss.s_lpuartHandle
                0x20000034       0x24 ./drivers/fsl_lpuart.o
                0x20000034                s_lpuartHandle
 .bss.s_lpuartIsr
                0x20000058       0x24 ./drivers/fsl_lpuart.o
                0x20000058                s_lpuartIsr
 .bss.errno     0x2000007c        0x4 c:/nxp/mcuxpressoide_11.9.0_2144/ide/plugins/com.nxp.mcuxpresso.tools.win32_11.9.0.202307121226/tools/bin/../lib/gcc/arm-none-eabi/12.3.1/../../../../arm-none-eabi/lib/thumb/v7e-m+dp/hard\libcr_c.a(errno.o)
                0x2000007c                errno
 .bss.__Ciob    0x20000080       0xb4 c:/nxp/mcuxpressoide_11.9.0_2144/ide/plugins/com.nxp.mcuxpresso.tools.win32_11.9.0.202307121226/tools/bin/../lib/gcc/arm-none-eabi/12.3.1/../../../../arm-none-eabi/lib/thumb/v7e-m+dp/hard\libcr_nohost_nf.a(__ciob.o)
                0x20000080                __Ciob
 .bss.g_pinSet  0x20000134        0x1 ./source/led_blinky.o
                0x20000134                g_pinSet
 *(SORT_BY_ALIGNMENT(COMMON))
                0x20000138                        . = ALIGN (0x4)
 *fill*         0x20000135        0x3 
                0x20000138                        _ebss = .
                [!provide]                        PROVIDE (__end_bss_RAM = .)
                [!provide]                        PROVIDE (__end_bss_SRAM_DTC = .)
                [!provide]                        PROVIDE (end = .)

.noinit_RAM2    0x00000000        0x0
                [!provide]                        PROVIDE (__start_noinit_RAM2 = .)
                [!provide]                        PROVIDE (__start_noinit_SRAM_ITC = .)
 *(SORT_BY_ALIGNMENT(.noinit.$RAM2))
 *(SORT_BY_ALIGNMENT(.noinit.$SRAM_ITC))
 *(SORT_BY_ALIGNMENT(.noinit.$RAM2.*))
 *(SORT_BY_ALIGNMENT(.noinit.$SRAM_ITC.*))
                0x00000000                        . = ALIGN (0x4)
                [!provide]                        PROVIDE (__end_noinit_RAM2 = .)
                [!provide]                        PROVIDE (__end_noinit_SRAM_ITC = .)

.noinit_RAM3    0x20200000        0x0
                [!provide]                        PROVIDE (__start_noinit_RAM3 = .)
                [!provide]                        PROVIDE (__start_noinit_SRAM_OC = .)
 *(SORT_BY_ALIGNMENT(.noinit.$RAM3))
 *(SORT_BY_ALIGNMENT(.noinit.$SRAM_OC))
 *(SORT_BY_ALIGNMENT(.noinit.$RAM3.*))
 *(SORT_BY_ALIGNMENT(.noinit.$SRAM_OC.*))
                0x20200000                        . = ALIGN (0x4)
                [!provide]                        PROVIDE (__end_noinit_RAM3 = .)
                [!provide]                        PROVIDE (__end_noinit_SRAM_OC = .)

.noinit_RAM4    0x80000000        0x0
                [!provide]                        PROVIDE (__start_noinit_RAM4 = .)
                [!provide]                        PROVIDE (__start_noinit_BOARD_SDRAM = .)
 *(SORT_BY_ALIGNMENT(.noinit.$RAM4))
 *(SORT_BY_ALIGNMENT(.noinit.$BOARD_SDRAM))
 *(SORT_BY_ALIGNMENT(.noinit.$RAM4.*))
 *(SORT_BY_ALIGNMENT(.noinit.$BOARD_SDRAM.*))
                0x80000000                        . = ALIGN (0x4)
                [!provide]                        PROVIDE (__end_noinit_RAM4 = .)
                [!provide]                        PROVIDE (__end_noinit_BOARD_SDRAM = .)

.noinit_RAM5    0x81e00000        0x0
                [!provide]                        PROVIDE (__start_noinit_RAM5 = .)
                [!provide]                        PROVIDE (__start_noinit_NCACHE_REGION = .)
 *(SORT_BY_ALIGNMENT(.noinit.$RAM5))
 *(SORT_BY_ALIGNMENT(.noinit.$NCACHE_REGION))
 *(SORT_BY_ALIGNMENT(.noinit.$RAM5.*))
 *(SORT_BY_ALIGNMENT(.noinit.$NCACHE_REGION.*))
                0x81e00000                        . = ALIGN (0x4)
                [!provide]                        PROVIDE (__end_noinit_RAM5 = .)
                [!provide]                        PROVIDE (__end_noinit_NCACHE_REGION = .)

.noinit         0x20000138        0x0
                0x20000138                        _noinit = .
                [!provide]                        PROVIDE (__start_noinit_RAM = .)
                [!provide]                        PROVIDE (__start_noinit_SRAM_DTC = .)
 *(SORT_BY_ALIGNMENT(.noinit*))
                0x20000138                        . = ALIGN (0x4)
                0x20000138                        _end_noinit = .
                [!provide]                        PROVIDE (__end_noinit_RAM = .)
                [!provide]                        PROVIDE (__end_noinit_SRAM_DTC = .)
                0x00001000                        _HeapSize = 0x1000

.heap           0x20000138     0x1000
                0x20000138                        _pvHeapStart = .
                0x20001138                        . = (. + _HeapSize)
 *fill*         0x20000138     0x1000 
                0x20001138                        . = ALIGN (0x4)
                0x20001138                        _pvHeapLimit = .
                0x00001000                        _StackSize = 0x1000

.heap2stackfill
                0x20001138     0x1000
                0x20002138                        . = (. + _StackSize)
 *fill*         0x20001138     0x1000 

.stack          0x2001f000        0x0
                0x2001f000                        _vStackBase = .
                0x2001f000                        . = ALIGN (0x4)
                0x20020000                        _vStackTop = (. + _StackSize)
                0x60002000                        _image_start = LOADADDR (.text)
                0x600058e4                        _image_end = (LOADADDR (.data) + SIZEOF (.data))
                0x000038e4                        _image_size = (_image_end - _image_start)
OUTPUT(evkbimxrt1050_iled_blinky.axf elf32-littlearm)
LOAD linker stubs

.debug_info     0x00000000    0x1314b
 .debug_info    0x00000000      0x860 ./xip/evkbimxrt1050_flexspi_nor_config.o
 .debug_info    0x00000860      0x488 ./xip/fsl_flexspi_nor_boot.o
 .debug_info    0x00000ce8      0x135 ./utilities/fsl_assert.o
 .debug_info    0x00000e1d      0xe10 ./utilities/fsl_debug_console.o
 .debug_info    0x00001c2d       0x24 ./utilities/fsl_memcpy.o
 .debug_info    0x00001c51      0xd5e ./utilities/fsl_str.o
 .debug_info    0x000029af     0x141f ./startup/startup_mimxrt1052.o
 .debug_info    0x00003dce      0xe99 ./source/led_blinky.o
 .debug_info    0x00004c67       0x3c ./source/semihost_hardfault.o
 .debug_info    0x00004ca3     0x2512 ./drivers/fsl_clock.o
 .debug_info    0x000071b5      0xe0b ./drivers/fsl_gpio.o
 .debug_info    0x00007fc0     0x2878 ./drivers/fsl_lpuart.o
 .debug_info    0x0000a838      0xc5a ./device/system_MIMXRT1052.o
 .debug_info    0x0000b492      0xbe6 ./component/uart/fsl_adapter_lpuart.o
 .debug_info    0x0000c078      0xd84 ./component/serial_manager/fsl_component_serial_manager.o
 .debug_info    0x0000cdfc      0x558 ./component/serial_manager/fsl_component_serial_port_uart.o
 .debug_info    0x0000d354     0x103e ./board/board.o
 .debug_info    0x0000e392     0x1aa8 ./board/clock_config.o
 .debug_info    0x0000fe3a      0xa98 ./board/pin_mux.o
 .debug_info    0x000108d2       0x85 c:/nxp/mcuxpressoide_11.9.0_2144/ide/plugins/com.nxp.mcuxpresso.tools.win32_11.9.0.202307121226/tools/bin/../lib/gcc/arm-none-eabi/12.3.1/../../../../arm-none-eabi/lib/thumb/v7e-m+dp/hard\libcr_nohost_nf.a(_cr__main.o)
 .debug_info    0x00010957       0xe3 c:/nxp/mcuxpressoide_11.9.0_2144/ide/plugins/com.nxp.mcuxpresso.tools.win32_11.9.0.202307121226/tools/bin/../lib/gcc/arm-none-eabi/12.3.1/../../../../arm-none-eabi/lib/thumb/v7e-m+dp/hard\libcr_c.a(memset.o)
 .debug_info    0x00010a3a      0x506 c:/nxp/mcuxpressoide_11.9.0_2144/ide/plugins/com.nxp.mcuxpresso.tools.win32_11.9.0.202307121226/tools/bin/../lib/gcc/arm-none-eabi/12.3.1/../../../../arm-none-eabi/lib/thumb/v7e-m+dp/hard\libcr_c.a(alloc.o)
 .debug_info    0x00010f40       0x44 c:/nxp/mcuxpressoide_11.9.0_2144/ide/plugins/com.nxp.mcuxpresso.tools.win32_11.9.0.202307121226/tools/bin/../lib/gcc/arm-none-eabi/12.3.1/../../../../arm-none-eabi/lib/thumb/v7e-m+dp/hard\libcr_c.a(errno.o)
 .debug_info    0x00010f84      0x339 c:/nxp/mcuxpressoide_11.9.0_2144/ide/plugins/com.nxp.mcuxpresso.tools.win32_11.9.0.202307121226/tools/bin/../lib/gcc/arm-none-eabi/12.3.1/../../../../arm-none-eabi/lib/thumb/v7e-m+dp/hard\libcr_c.a(initio.o)
 .debug_info    0x000112bd      0x1f6 c:/nxp/mcuxpressoide_11.9.0_2144/ide/plugins/com.nxp.mcuxpresso.tools.win32_11.9.0.202307121226/tools/bin/../lib/gcc/arm-none-eabi/12.3.1/../../../../arm-none-eabi/lib/thumb/v7e-m+dp/hard\libcr_c.a(setvbuf.o)
 .debug_info    0x000114b3       0xda c:/nxp/mcuxpressoide_11.9.0_2144/ide/plugins/com.nxp.mcuxpresso.tools.win32_11.9.0.202307121226/tools/bin/../lib/gcc/arm-none-eabi/12.3.1/../../../../arm-none-eabi/lib/thumb/v7e-m+dp/hard\libcr_c.a(strlen.o)
 .debug_info    0x0001158d      0x362 c:/nxp/mcuxpressoide_11.9.0_2144/ide/plugins/com.nxp.mcuxpresso.tools.win32_11.9.0.202307121226/tools/bin/../lib/gcc/arm-none-eabi/12.3.1/../../../../arm-none-eabi/lib/thumb/v7e-m+dp/hard\libcr_c.a(_deferredlazyseek.o)
 .debug_info    0x000118ef      0x244 c:/nxp/mcuxpressoide_11.9.0_2144/ide/plugins/com.nxp.mcuxpresso.tools.win32_11.9.0.202307121226/tools/bin/../lib/gcc/arm-none-eabi/12.3.1/../../../../arm-none-eabi/lib/thumb/v7e-m+dp/hard\libcr_c.a(_fdopen.o)
 .debug_info    0x00011b33      0x1e3 c:/nxp/mcuxpressoide_11.9.0_2144/ide/plugins/com.nxp.mcuxpresso.tools.win32_11.9.0.202307121226/tools/bin/../lib/gcc/arm-none-eabi/12.3.1/../../../../arm-none-eabi/lib/thumb/v7e-m+dp/hard\libcr_c.a(_fflush.o)
 .debug_info    0x00011d16      0x282 c:/nxp/mcuxpressoide_11.9.0_2144/ide/plugins/com.nxp.mcuxpresso.tools.win32_11.9.0.202307121226/tools/bin/../lib/gcc/arm-none-eabi/12.3.1/../../../../arm-none-eabi/lib/thumb/v7e-m+dp/hard\libcr_c.a(_writebuf.o)
 .debug_info    0x00011f98      0x318 c:/nxp/mcuxpressoide_11.9.0_2144/ide/plugins/com.nxp.mcuxpresso.tools.win32_11.9.0.202307121226/tools/bin/../lib/gcc/arm-none-eabi/12.3.1/../../../../arm-none-eabi/lib/thumb/v7e-m+dp/hard\libcr_c.a(fclose.o)
 .debug_info    0x000122b0      0x202 c:/nxp/mcuxpressoide_11.9.0_2144/ide/plugins/com.nxp.mcuxpresso.tools.win32_11.9.0.202307121226/tools/bin/../lib/gcc/arm-none-eabi/12.3.1/../../../../arm-none-eabi/lib/thumb/v7e-m+dp/hard\libcr_c.a(fflush.o)
 .debug_info    0x000124b2      0x276 c:/nxp/mcuxpressoide_11.9.0_2144/ide/plugins/com.nxp.mcuxpresso.tools.win32_11.9.0.202307121226/tools/bin/../lib/gcc/arm-none-eabi/12.3.1/../../../../arm-none-eabi/lib/thumb/v7e-m+dp/hard\libcr_c.a(fseek.o)
 .debug_info    0x00012728      0x190 c:/nxp/mcuxpressoide_11.9.0_2144/ide/plugins/com.nxp.mcuxpresso.tools.win32_11.9.0.202307121226/tools/bin/../lib/gcc/arm-none-eabi/12.3.1/../../../../arm-none-eabi/lib/thumb/v7e-m+dp/hard\libcr_c.a(ftell.o)
 .debug_info    0x000128b8      0x1ca c:/nxp/mcuxpressoide_11.9.0_2144/ide/plugins/com.nxp.mcuxpresso.tools.win32_11.9.0.202307121226/tools/bin/../lib/gcc/arm-none-eabi/12.3.1/../../../../arm-none-eabi/lib/thumb/v7e-m+dp/hard\libcr_c.a(remove.o)
 .debug_info    0x00012a82      0x23a c:/nxp/mcuxpressoide_11.9.0_2144/ide/plugins/com.nxp.mcuxpresso.tools.win32_11.9.0.202307121226/tools/bin/../lib/gcc/arm-none-eabi/12.3.1/../../../../arm-none-eabi/lib/thumb/v7e-m+dp/hard\libcr_c.a(_do_fflush.o)
 .debug_info    0x00012cbc      0x18b c:/nxp/mcuxpressoide_11.9.0_2144/ide/plugins/com.nxp.mcuxpresso.tools.win32_11.9.0.202307121226/tools/bin/../lib/gcc/arm-none-eabi/12.3.1/../../../../arm-none-eabi/lib/thumb/v7e-m+dp/hard\libcr_nohost_nf.a(__ciob.o)
 .debug_info    0x00012e47       0x5c c:/nxp/mcuxpressoide_11.9.0_2144/ide/plugins/com.nxp.mcuxpresso.tools.win32_11.9.0.202307121226/tools/bin/../lib/gcc/arm-none-eabi/12.3.1/../../../../arm-none-eabi/lib/thumb/v7e-m+dp/hard\libcr_nohost_nf.a(__sys_close.o)
 .debug_info    0x00012ea3       0x5c c:/nxp/mcuxpressoide_11.9.0_2144/ide/plugins/com.nxp.mcuxpresso.tools.win32_11.9.0.202307121226/tools/bin/../lib/gcc/arm-none-eabi/12.3.1/../../../../arm-none-eabi/lib/thumb/v7e-m+dp/hard\libcr_nohost_nf.a(__sys_flen.o)
 .debug_info    0x00012eff       0x5c c:/nxp/mcuxpressoide_11.9.0_2144/ide/plugins/com.nxp.mcuxpresso.tools.win32_11.9.0.202307121226/tools/bin/../lib/gcc/arm-none-eabi/12.3.1/../../../../arm-none-eabi/lib/thumb/v7e-m+dp/hard\libcr_nohost_nf.a(__sys_istty.o)
 .debug_info    0x00012f5b       0x7c c:/nxp/mcuxpressoide_11.9.0_2144/ide/plugins/com.nxp.mcuxpresso.tools.win32_11.9.0.202307121226/tools/bin/../lib/gcc/arm-none-eabi/12.3.1/../../../../arm-none-eabi/lib/thumb/v7e-m+dp/hard\libcr_nohost_nf.a(__sys_remove.o)
 .debug_info    0x00012fd7       0x6a c:/nxp/mcuxpressoide_11.9.0_2144/ide/plugins/com.nxp.mcuxpresso.tools.win32_11.9.0.202307121226/tools/bin/../lib/gcc/arm-none-eabi/12.3.1/../../../../arm-none-eabi/lib/thumb/v7e-m+dp/hard\libcr_nohost_nf.a(__sys_seek.o)
 .debug_info    0x00013041       0x85 c:/nxp/mcuxpressoide_11.9.0_2144/ide/plugins/com.nxp.mcuxpresso.tools.win32_11.9.0.202307121226/tools/bin/../lib/gcc/arm-none-eabi/12.3.1/../../../../arm-none-eabi/lib/thumb/v7e-m+dp/hard\libcr_nohost_nf.a(__sys_tmpnam.o)
 .debug_info    0x000130c6       0x85 c:/nxp/mcuxpressoide_11.9.0_2144/ide/plugins/com.nxp.mcuxpresso.tools.win32_11.9.0.202307121226/tools/bin/../lib/gcc/arm-none-eabi/12.3.1/../../../../arm-none-eabi/lib/thumb/v7e-m+dp/hard\libcr_nohost_nf.a(__sys_write.o)

.debug_abbrev   0x00000000     0x3b51
 .debug_abbrev  0x00000000      0x10a ./xip/evkbimxrt1050_flexspi_nor_config.o
 .debug_abbrev  0x0000010a       0xe2 ./xip/fsl_flexspi_nor_boot.o
 .debug_abbrev  0x000001ec       0xbd ./utilities/fsl_assert.o
 .debug_abbrev  0x000002a9      0x270 ./utilities/fsl_debug_console.o
 .debug_abbrev  0x00000519       0x14 ./utilities/fsl_memcpy.o
 .debug_abbrev  0x0000052d      0x27f ./utilities/fsl_str.o
 .debug_abbrev  0x000007ac      0x147 ./startup/startup_mimxrt1052.o
 .debug_abbrev  0x000008f3      0x203 ./source/led_blinky.o
 .debug_abbrev  0x00000af6       0x31 ./source/semihost_hardfault.o
 .debug_abbrev  0x00000b27      0x35a ./drivers/fsl_clock.o
 .debug_abbrev  0x00000e81      0x2c0 ./drivers/fsl_gpio.o
 .debug_abbrev  0x00001141      0x488 ./drivers/fsl_lpuart.o
 .debug_abbrev  0x000015c9      0x16e ./device/system_MIMXRT1052.o
 .debug_abbrev  0x00001737      0x1e7 ./component/uart/fsl_adapter_lpuart.o
 .debug_abbrev  0x0000191e      0x2bb ./component/serial_manager/fsl_component_serial_manager.o
 .debug_abbrev  0x00001bd9      0x18c ./component/serial_manager/fsl_component_serial_port_uart.o
 .debug_abbrev  0x00001d65      0x2ec ./board/board.o
 .debug_abbrev  0x00002051      0x327 ./board/clock_config.o
 .debug_abbrev  0x00002378      0x295 ./board/pin_mux.o
 .debug_abbrev  0x0000260d       0x70 c:/nxp/mcuxpressoide_11.9.0_2144/ide/plugins/com.nxp.mcuxpresso.tools.win32_11.9.0.202307121226/tools/bin/../lib/gcc/arm-none-eabi/12.3.1/../../../../arm-none-eabi/lib/thumb/v7e-m+dp/hard\libcr_nohost_nf.a(_cr__main.o)
 .debug_abbrev  0x0000267d       0xa8 c:/nxp/mcuxpressoide_11.9.0_2144/ide/plugins/com.nxp.mcuxpresso.tools.win32_11.9.0.202307121226/tools/bin/../lib/gcc/arm-none-eabi/12.3.1/../../../../arm-none-eabi/lib/thumb/v7e-m+dp/hard\libcr_c.a(memset.o)
 .debug_abbrev  0x00002725      0x284 c:/nxp/mcuxpressoide_11.9.0_2144/ide/plugins/com.nxp.mcuxpresso.tools.win32_11.9.0.202307121226/tools/bin/../lib/gcc/arm-none-eabi/12.3.1/../../../../arm-none-eabi/lib/thumb/v7e-m+dp/hard\libcr_c.a(alloc.o)
 .debug_abbrev  0x000029a9       0x44 c:/nxp/mcuxpressoide_11.9.0_2144/ide/plugins/com.nxp.mcuxpresso.tools.win32_11.9.0.202307121226/tools/bin/../lib/gcc/arm-none-eabi/12.3.1/../../../../arm-none-eabi/lib/thumb/v7e-m+dp/hard\libcr_c.a(errno.o)
 .debug_abbrev  0x000029ed      0x169 c:/nxp/mcuxpressoide_11.9.0_2144/ide/plugins/com.nxp.mcuxpresso.tools.win32_11.9.0.202307121226/tools/bin/../lib/gcc/arm-none-eabi/12.3.1/../../../../arm-none-eabi/lib/thumb/v7e-m+dp/hard\libcr_c.a(initio.o)
 .debug_abbrev  0x00002b56       0xe1 c:/nxp/mcuxpressoide_11.9.0_2144/ide/plugins/com.nxp.mcuxpresso.tools.win32_11.9.0.202307121226/tools/bin/../lib/gcc/arm-none-eabi/12.3.1/../../../../arm-none-eabi/lib/thumb/v7e-m+dp/hard\libcr_c.a(setvbuf.o)
 .debug_abbrev  0x00002c37       0xa7 c:/nxp/mcuxpressoide_11.9.0_2144/ide/plugins/com.nxp.mcuxpresso.tools.win32_11.9.0.202307121226/tools/bin/../lib/gcc/arm-none-eabi/12.3.1/../../../../arm-none-eabi/lib/thumb/v7e-m+dp/hard\libcr_c.a(strlen.o)
 .debug_abbrev  0x00002cde      0x152 c:/nxp/mcuxpressoide_11.9.0_2144/ide/plugins/com.nxp.mcuxpresso.tools.win32_11.9.0.202307121226/tools/bin/../lib/gcc/arm-none-eabi/12.3.1/../../../../arm-none-eabi/lib/thumb/v7e-m+dp/hard\libcr_c.a(_deferredlazyseek.o)
 .debug_abbrev  0x00002e30      0x119 c:/nxp/mcuxpressoide_11.9.0_2144/ide/plugins/com.nxp.mcuxpresso.tools.win32_11.9.0.202307121226/tools/bin/../lib/gcc/arm-none-eabi/12.3.1/../../../../arm-none-eabi/lib/thumb/v7e-m+dp/hard\libcr_c.a(_fdopen.o)
 .debug_abbrev  0x00002f49       0xf1 c:/nxp/mcuxpressoide_11.9.0_2144/ide/plugins/com.nxp.mcuxpresso.tools.win32_11.9.0.202307121226/tools/bin/../lib/gcc/arm-none-eabi/12.3.1/../../../../arm-none-eabi/lib/thumb/v7e-m+dp/hard\libcr_c.a(_fflush.o)
 .debug_abbrev  0x0000303a      0x126 c:/nxp/mcuxpressoide_11.9.0_2144/ide/plugins/com.nxp.mcuxpresso.tools.win32_11.9.0.202307121226/tools/bin/../lib/gcc/arm-none-eabi/12.3.1/../../../../arm-none-eabi/lib/thumb/v7e-m+dp/hard\libcr_c.a(_writebuf.o)
 .debug_abbrev  0x00003160      0x155 c:/nxp/mcuxpressoide_11.9.0_2144/ide/plugins/com.nxp.mcuxpresso.tools.win32_11.9.0.202307121226/tools/bin/../lib/gcc/arm-none-eabi/12.3.1/../../../../arm-none-eabi/lib/thumb/v7e-m+dp/hard\libcr_c.a(fclose.o)
 .debug_abbrev  0x000032b5      0x125 c:/nxp/mcuxpressoide_11.9.0_2144/ide/plugins/com.nxp.mcuxpresso.tools.win32_11.9.0.202307121226/tools/bin/../lib/gcc/arm-none-eabi/12.3.1/../../../../arm-none-eabi/lib/thumb/v7e-m+dp/hard\libcr_c.a(fflush.o)
 .debug_abbrev  0x000033da      0x11b c:/nxp/mcuxpressoide_11.9.0_2144/ide/plugins/com.nxp.mcuxpresso.tools.win32_11.9.0.202307121226/tools/bin/../lib/gcc/arm-none-eabi/12.3.1/../../../../arm-none-eabi/lib/thumb/v7e-m+dp/hard\libcr_c.a(fseek.o)
 .debug_abbrev  0x000034f5       0xc2 c:/nxp/mcuxpressoide_11.9.0_2144/ide/plugins/com.nxp.mcuxpresso.tools.win32_11.9.0.202307121226/tools/bin/../lib/gcc/arm-none-eabi/12.3.1/../../../../arm-none-eabi/lib/thumb/v7e-m+dp/hard\libcr_c.a(ftell.o)
 .debug_abbrev  0x000035b7       0xfb c:/nxp/mcuxpressoide_11.9.0_2144/ide/plugins/com.nxp.mcuxpresso.tools.win32_11.9.0.202307121226/tools/bin/../lib/gcc/arm-none-eabi/12.3.1/../../../../arm-none-eabi/lib/thumb/v7e-m+dp/hard\libcr_c.a(remove.o)
 .debug_abbrev  0x000036b2      0x12c c:/nxp/mcuxpressoide_11.9.0_2144/ide/plugins/com.nxp.mcuxpresso.tools.win32_11.9.0.202307121226/tools/bin/../lib/gcc/arm-none-eabi/12.3.1/../../../../arm-none-eabi/lib/thumb/v7e-m+dp/hard\libcr_c.a(_do_fflush.o)
 .debug_abbrev  0x000037de       0xb5 c:/nxp/mcuxpressoide_11.9.0_2144/ide/plugins/com.nxp.mcuxpresso.tools.win32_11.9.0.202307121226/tools/bin/../lib/gcc/arm-none-eabi/12.3.1/../../../../arm-none-eabi/lib/thumb/v7e-m+dp/hard\libcr_nohost_nf.a(__ciob.o)
 .debug_abbrev  0x00003893       0x51 c:/nxp/mcuxpressoide_11.9.0_2144/ide/plugins/com.nxp.mcuxpresso.tools.win32_11.9.0.202307121226/tools/bin/../lib/gcc/arm-none-eabi/12.3.1/../../../../arm-none-eabi/lib/thumb/v7e-m+dp/hard\libcr_nohost_nf.a(__sys_close.o)
 .debug_abbrev  0x000038e4       0x51 c:/nxp/mcuxpressoide_11.9.0_2144/ide/plugins/com.nxp.mcuxpresso.tools.win32_11.9.0.202307121226/tools/bin/../lib/gcc/arm-none-eabi/12.3.1/../../../../arm-none-eabi/lib/thumb/v7e-m+dp/hard\libcr_nohost_nf.a(__sys_flen.o)
 .debug_abbrev  0x00003935       0x51 c:/nxp/mcuxpressoide_11.9.0_2144/ide/plugins/com.nxp.mcuxpresso.tools.win32_11.9.0.202307121226/tools/bin/../lib/gcc/arm-none-eabi/12.3.1/../../../../arm-none-eabi/lib/thumb/v7e-m+dp/hard\libcr_nohost_nf.a(__sys_istty.o)
 .debug_abbrev  0x00003986       0x7d c:/nxp/mcuxpressoide_11.9.0_2144/ide/plugins/com.nxp.mcuxpresso.tools.win32_11.9.0.202307121226/tools/bin/../lib/gcc/arm-none-eabi/12.3.1/../../../../arm-none-eabi/lib/thumb/v7e-m+dp/hard\libcr_nohost_nf.a(__sys_remove.o)
 .debug_abbrev  0x00003a03       0x62 c:/nxp/mcuxpressoide_11.9.0_2144/ide/plugins/com.nxp.mcuxpresso.tools.win32_11.9.0.202307121226/tools/bin/../lib/gcc/arm-none-eabi/12.3.1/../../../../arm-none-eabi/lib/thumb/v7e-m+dp/hard\libcr_nohost_nf.a(__sys_seek.o)
 .debug_abbrev  0x00003a65       0x76 c:/nxp/mcuxpressoide_11.9.0_2144/ide/plugins/com.nxp.mcuxpresso.tools.win32_11.9.0.202307121226/tools/bin/../lib/gcc/arm-none-eabi/12.3.1/../../../../arm-none-eabi/lib/thumb/v7e-m+dp/hard\libcr_nohost_nf.a(__sys_tmpnam.o)
 .debug_abbrev  0x00003adb       0x76 c:/nxp/mcuxpressoide_11.9.0_2144/ide/plugins/com.nxp.mcuxpresso.tools.win32_11.9.0.202307121226/tools/bin/../lib/gcc/arm-none-eabi/12.3.1/../../../../arm-none-eabi/lib/thumb/v7e-m+dp/hard\libcr_nohost_nf.a(__sys_write.o)

.debug_aranges  0x00000000     0x1138
 .debug_aranges
                0x00000000       0x18 ./xip/evkbimxrt1050_flexspi_nor_config.o
 .debug_aranges
                0x00000018       0x18 ./xip/fsl_flexspi_nor_boot.o
 .debug_aranges
                0x00000030       0x28 ./utilities/fsl_assert.o
 .debug_aranges
                0x00000058       0xa8 ./utilities/fsl_debug_console.o
 .debug_aranges
                0x00000100       0x20 ./utilities/fsl_memcpy.o
 .debug_aranges
                0x00000120       0xe8 ./utilities/fsl_str.o
 .debug_aranges
                0x00000208      0x540 ./startup/startup_mimxrt1052.o
 .debug_aranges
                0x00000748       0x40 ./source/led_blinky.o
 .debug_aranges
                0x00000788       0x20 ./source/semihost_hardfault.o
 .debug_aranges
                0x000007a8      0x1b0 ./drivers/fsl_clock.o
 .debug_aranges
                0x00000958       0x58 ./drivers/fsl_gpio.o
 .debug_aranges
                0x000009b0      0x1a8 ./drivers/fsl_lpuart.o
 .debug_aranges
                0x00000b58       0x30 ./device/system_MIMXRT1052.o
 .debug_aranges
                0x00000b88       0x58 ./component/uart/fsl_adapter_lpuart.o
 .debug_aranges
                0x00000be0       0xa0 ./component/serial_manager/fsl_component_serial_manager.o
 .debug_aranges
                0x00000c80       0x48 ./component/serial_manager/fsl_component_serial_port_uart.o
 .debug_aranges
                0x00000cc8       0x58 ./board/board.o
 .debug_aranges
                0x00000d20       0x80 ./board/clock_config.o
 .debug_aranges