../drivers/fsl_common_arm.h:210:20:_SDK_AtomicLocalClearAndSet4Byte	4	static
../drivers/fsl_clock.h:1186:20:CLOCK_ControlGate	8	static
../drivers/fsl_clock.h:1203:20:CLOCK_EnableClock	8	static
../drivers/fsl_clock.h:1213:20:CLOCK_DisableClock	8	static
../drivers/fsl_enc.c:60:17:ENC_GetInstance	8	static
../drivers/fsl_enc.c:89:6:ENC_Init	16	static
../drivers/fsl_enc.c:207:6:ENC_Deinit	8	static
../drivers/fsl_enc.c:241:6:ENC_GetDefaultConfig	8	static
../drivers/fsl_enc.c:282:6:ENC_DoSoftwareLoadInitialPositionValue	0	static
../drivers/fsl_enc.c:300:6:ENC_SetSelfTestConfig	0	static
../drivers/fsl_enc.c:327:6:ENC_EnableWatchdog	0	static
../drivers/fsl_enc.c:345:10:ENC_GetStatusFlags	0	static
../drivers/fsl_enc.c:396:6:ENC_ClearStatusFlags	0	static
../drivers/fsl_enc.c:450:6:ENC_EnableInterrupts	0	static
../drivers/fsl_enc.c:503:6:ENC_DisableInterrupts	0	static
../drivers/fsl_enc.c:557:10:ENC_GetEnabledInterrupts	0	static
../drivers/fsl_enc.c:602:6:ENC_SetInitialPositionValue	0	static
../drivers/fsl_enc.c:615:10:ENC_GetPositionValue	0	static
../drivers/fsl_enc.c:637:10:ENC_GetHoldPositionValue	0	static
