D:\Gagana\VMS_HMI_TEST_SOFTWARE_DEVLOPMENT\20240403\VMS_HMI_DISPLAY_SW\BD155_P_V1_0_0\McuXpresso\VMS_Display_V0\drivers/fsl_common_arm.h:210:20:_SDK_AtomicLocalClearAndSet4Byte	4	static
D:\Gagana\VMS_HMI_TEST_SOFTWARE_DEVLOPMENT\20240403\VMS_HMI_DISPLAY_SW\BD155_P_V1_0_0\McuXpresso\VMS_Display_V0\drivers/fsl_clock.h:1186:20:CLOCK_ControlGate	8	static
D:\Gagana\VMS_HMI_TEST_SOFTWARE_DEVLOPMENT\20240403\VMS_HMI_DISPLAY_SW\BD155_P_V1_0_0\McuXpresso\VMS_Display_V0\drivers/fsl_clock.h:1203:20:CLOCK_EnableClock	8	static
D:\Gagana\VMS_HMI_TEST_SOFTWARE_DEVLOPMENT\20240403\VMS_HMI_DISPLAY_SW\BD155_P_V1_0_0\McuXpresso\VMS_Display_V0\drivers/fsl_iomuxc.h:1093:20:IOMUXC_SetPinMux	0	static
D:\Gagana\VMS_HMI_TEST_SOFTWARE_DEVLOPMENT\20240403\VMS_HMI_DISPLAY_SW\BD155_P_V1_0_0\McuXpresso\VMS_Display_V0\drivers/fsl_iomuxc.h:1125:20:IOMUXC_SetPinConfig	0	static
../board/pin_mux.c:34:6:BOARD_InitBootPins	8	static
../board/pin_mux.c:102:6:BOARD_InitPins	48	static
../board/pin_mux.c:712:6:BOARD_InitSemcPins	48	static
../board/pin_mux.c:1243:6:BOARD_InitI2C1Pins	48	static
