D:\Gagana\VMS_HMI_TEST_SOFTWARE_DEVLOPMENT\20240403\VMS_HMI_DISPLAY_SW\BD155_P_V1_0_0\McuXpresso\evkbimxrt1050_iled_blinky\CMSIS/core_cm7.h:2041:22:__NVIC_SetPriority	16	static
D:\Gagana\VMS_HMI_TEST_SOFTWARE_DEVLOPMENT\20240403\VMS_HMI_DISPLAY_SW\BD155_P_V1_0_0\McuXpresso\evkbimxrt1050_iled_blinky\CMSIS/core_cm7.h:2259:26:SysTick_Config	16	static
../source/led_blinky.c:34:6:SysTick_Handler	4	static
../source/led_blinky.c:42:6:SysTick_DelayTicks	16	static
../source/led_blinky.c:53:5:main	8	static
