Archive member included to satisfy reference by file (symbol)

c:/nxp/mcuxpressoide_11.9.0_2144/ide/plugins/com.nxp.mcuxpresso.tools.win32_11.9.0.202307121226/tools/bin/../lib/gcc/arm-none-eabi/12.3.1/../../../../arm-none-eabi/lib/thumb/v7e-m+dp/hard\libcr_nohost_nf.a(_cr__main.o)
                              ./startup/startup_mimxrt1052.o (__main)
c:/nxp/mcuxpressoide_11.9.0_2144/ide/plugins/com.nxp.mcuxpresso.tools.win32_11.9.0.202307121226/tools/bin/../lib/gcc/arm-none-eabi/12.3.1/../../../../arm-none-eabi/lib/thumb/v7e-m+dp/hard\libcr_c.a(memset.o)
                              ./drivers/fsl_enc.o (memset)
c:/nxp/mcuxpressoide_11.9.0_2144/ide/plugins/com.nxp.mcuxpresso.tools.win32_11.9.0.202307121226/tools/bin/../lib/gcc/arm-none-eabi/12.3.1/../../../../arm-none-eabi/lib/thumb/v7e-m+dp/hard\libcr_c.a(alloc.o)
                              ./drivers/fsl_common.o (malloc)
c:/nxp/mcuxpressoide_11.9.0_2144/ide/plugins/com.nxp.mcuxpresso.tools.win32_11.9.0.202307121226/tools/bin/../lib/gcc/arm-none-eabi/12.3.1/../../../../arm-none-eabi/lib/thumb/v7e-m+dp/hard\libcr_c.a(errno.o)
                              ./utilities/fsl_str.o (errno)
c:/nxp/mcuxpressoide_11.9.0_2144/ide/plugins/com.nxp.mcuxpresso.tools.win32_11.9.0.202307121226/tools/bin/../lib/gcc/arm-none-eabi/12.3.1/../../../../arm-none-eabi/lib/thumb/v7e-m+dp/hard\libcr_c.a(initio.o)
                              c:/nxp/mcuxpressoide_11.9.0_2144/ide/plugins/com.nxp.mcuxpresso.tools.win32_11.9.0.202307121226/tools/bin/../lib/gcc/arm-none-eabi/12.3.1/../../../../arm-none-eabi/lib/thumb/v7e-m+dp/hard\libcr_nohost_nf.a(_cr__main.o) (_initio)
c:/nxp/mcuxpressoide_11.9.0_2144/ide/plugins/com.nxp.mcuxpresso.tools.win32_11.9.0.202307121226/tools/bin/../lib/gcc/arm-none-eabi/12.3.1/../../../../arm-none-eabi/lib/thumb/v7e-m+dp/hard\libcr_c.a(scanf.o)
                              ./utilities/fsl_str.o (strtoul)
c:/nxp/mcuxpressoide_11.9.0_2144/ide/plugins/com.nxp.mcuxpresso.tools.win32_11.9.0.202307121226/tools/bin/../lib/gcc/arm-none-eabi/12.3.1/../../../../arm-none-eabi/lib/thumb/v7e-m+dp/hard\libcr_c.a(setvbuf.o)
                              c:/nxp/mcuxpressoide_11.9.0_2144/ide/plugins/com.nxp.mcuxpresso.tools.win32_11.9.0.202307121226/tools/bin/../lib/gcc/arm-none-eabi/12.3.1/../../../../arm-none-eabi/lib/thumb/v7e-m+dp/hard\libcr_c.a(initio.o) (setvbuf)
c:/nxp/mcuxpressoide_11.9.0_2144/ide/plugins/com.nxp.mcuxpresso.tools.win32_11.9.0.202307121226/tools/bin/../lib/gcc/arm-none-eabi/12.3.1/../../../../arm-none-eabi/lib/thumb/v7e-m+dp/hard\libcr_c.a(strlen.o)
                              ./utilities/fsl_debug_console.o (strlen)
c:/nxp/mcuxpressoide_11.9.0_2144/ide/plugins/com.nxp.mcuxpresso.tools.win32_11.9.0.202307121226/tools/bin/../lib/gcc/arm-none-eabi/12.3.1/../../../../arm-none-eabi/lib/thumb/v7e-m+dp/hard\libcr_c.a(ungetc.o)
                              c:/nxp/mcuxpressoide_11.9.0_2144/ide/plugins/com.nxp.mcuxpresso.tools.win32_11.9.0.202307121226/tools/bin/../lib/gcc/arm-none-eabi/12.3.1/../../../../arm-none-eabi/lib/thumb/v7e-m+dp/hard\libcr_c.a(scanf.o) (ungetc)
c:/nxp/mcuxpressoide_11.9.0_2144/ide/plugins/com.nxp.mcuxpresso.tools.win32_11.9.0.202307121226/tools/bin/../lib/gcc/arm-none-eabi/12.3.1/../../../../arm-none-eabi/lib/thumb/v7e-m+dp/hard\libcr_c.a(__fillbuf.o)
                              c:/nxp/mcuxpressoide_11.9.0_2144/ide/plugins/com.nxp.mcuxpresso.tools.win32_11.9.0.202307121226/tools/bin/../lib/gcc/arm-none-eabi/12.3.1/../../../../arm-none-eabi/lib/thumb/v7e-m+dp/hard\libcr_c.a(scanf.o) (__filbuf)
c:/nxp/mcuxpressoide_11.9.0_2144/ide/plugins/com.nxp.mcuxpresso.tools.win32_11.9.0.202307121226/tools/bin/../lib/gcc/arm-none-eabi/12.3.1/../../../../arm-none-eabi/lib/thumb/v7e-m+dp/hard\libcr_c.a(__init_alloc.o)
                              c:/nxp/mcuxpressoide_11.9.0_2144/ide/plugins/com.nxp.mcuxpresso.tools.win32_11.9.0.202307121226/tools/bin/../lib/gcc/arm-none-eabi/12.3.1/../../../../arm-none-eabi/lib/thumb/v7e-m+dp/hard\libcr_c.a(alloc.o) (__heaps)
c:/nxp/mcuxpressoide_11.9.0_2144/ide/plugins/com.nxp.mcuxpresso.tools.win32_11.9.0.202307121226/tools/bin/../lib/gcc/arm-none-eabi/12.3.1/../../../../arm-none-eabi/lib/thumb/v7e-m+dp/hard\libcr_c.a(_cr_sbrk.o)
                              c:/nxp/mcuxpressoide_11.9.0_2144/ide/plugins/com.nxp.mcuxpresso.tools.win32_11.9.0.202307121226/tools/bin/../lib/gcc/arm-none-eabi/12.3.1/../../../../arm-none-eabi/lib/thumb/v7e-m+dp/hard\libcr_c.a(alloc.o) (_sbrk)
c:/nxp/mcuxpressoide_11.9.0_2144/ide/plugins/com.nxp.mcuxpresso.tools.win32_11.9.0.202307121226/tools/bin/../lib/gcc/arm-none-eabi/12.3.1/../../../../arm-none-eabi/lib/thumb/v7e-m+dp/hard\libcr_c.a(_deferredlazyseek.o)
                              c:/nxp/mcuxpressoide_11.9.0_2144/ide/plugins/com.nxp.mcuxpresso.tools.win32_11.9.0.202307121226/tools/bin/../lib/gcc/arm-none-eabi/12.3.1/../../../../arm-none-eabi/lib/thumb/v7e-m+dp/hard\libcr_c.a(__fillbuf.o) (_deferredlazyseek)
[...]
Memory Configuration

Name             Origin             Length             Attributes
BOARD_FLASH      0x60000000         0x04000000         xr
SRAM_DTC         0x20000000         0x00020000         xrw
SRAM_ITC         0x00000000         0x00020000         xrw
SRAM_OC          0x20200000         0x00040000         xrw
BOARD_SDRAM      0x80000000         0x01e00000         xrw
NCACHE_REGION    0x81e00000         0x00200000         xrw
*default*        0x00000000         0xffffffff

Linker script and memory map

LOAD ./xip/evkbimxrt1050_flexspi_nor_config.o
LOAD ./xip/fsl_flexspi_nor_boot.o
LOAD ./utilities/fsl_assert.o
LOAD ./utilities/fsl_debug_console.o
LOAD ./utilities/fsl_memcpy.o
LOAD ./utilities/fsl_str.o
LOAD ./startup/startup_mimxrt1052.o
LOAD ./source/enc_basic.o
LOAD ./source/semihost_hardfault.o
LOAD ./drivers/fsl_clock.o
LOAD ./drivers/fsl_common.o
LOAD ./drivers/fsl_common_arm.o
LOAD ./drivers/fsl_enc.o
LOAD ./drivers/fsl_gpio.o
LOAD ./drivers/fsl_lpuart.o
LOAD ./drivers/fsl_xbara.o
LOAD ./device/system_MIMXRT1052.o
LOAD ./component/uart/fsl_adapter_lpuart.o
LOAD ./component/lists/fsl_component_generic_list.o
LOAD ./board/board.o
LOAD ./board/clock_config.o
LOAD ./board/dcd.o
LOAD ./board/pin_mux.o
START GROUP
LOAD c:/nxp/mcuxpressoide_11.9.0_2144/ide/plugins/com.nxp.mcuxpresso.tools.win32_11.9.0.202307121226/tools/bin/../lib/gcc/arm-none-eabi/12.3.1/../../../../arm-none-eabi/lib/thumb/v7e-m+dp/hard\libcr_nohost_nf.a
LOAD c:/nxp/mcuxpressoide_11.9.0_2144/ide/plugins/com.nxp.mcuxpresso.tools.win32_11.9.0.202307121226/tools/bin/../lib/gcc/arm-none-eabi/12.3.1/../../../../arm-none-eabi/lib/thumb/v7e-m+dp/hard\libcr_c.a
LOAD c:/nxp/mcuxpressoide_11.9.0_2144/ide/plugins/com.nxp.mcuxpresso.tools.win32_11.9.0.202307121226/tools/bin/../lib/gcc/arm-none-eabi/12.3.1/thumb/v7e-m+dp/hard\libcr_eabihelpers.a
LOAD c:/nxp/mcuxpressoide_11.9.0_2144/ide/plugins/com.nxp.mcuxpresso.tools.win32_11.9.0.202307121226/tools/bin/../lib/gcc/arm-none-eabi/12.3.1/thumb/v7e-m+dp/hard\libgcc.a
END GROUP
                0x60000000                        __base_BOARD_FLASH = 0x60000000
                0x60000000                        __base_Flash = 0x60000000
                0x64000000                        __top_BOARD_FLASH = 0x64000000
                0x64000000                        __top_Flash = 0x64000000
                0x20000000                        __base_SRAM_DTC = 0x20000000
                0x20000000                        __base_RAM = 0x20000000
                0x20020000                        __top_SRAM_DTC = 0x20020000
                0x20020000                        __top_RAM = 0x20020000
                0x00000000                        __base_SRAM_ITC = 0x0
                0x00000000                        __base_RAM2 = 0x0
                0x00020000                        __top_SRAM_ITC = 0x20000
                0x00020000                        __top_RAM2 = 0x20000
                0x20200000                        __base_SRAM_OC = 0x20200000
                0x20200000                        __base_RAM3 = 0x20200000
                0x20240000                        __top_SRAM_OC = 0x20240000
                0x20240000                        __top_RAM3 = 0x20240000
                0x80000000                        __base_BOARD_SDRAM = 0x80000000
                0x80000000                        __base_RAM4 = 0x80000000
                0x81e00000                        __top_BOARD_SDRAM = 0x81e00000
                0x81e00000                        __top_RAM4 = 0x81e00000
                0x81e00000                        __base_NCACHE_REGION = 0x81e00000
                0x81e00000                        __base_RAM5 = 0x81e00000
                0x82000000                        __top_NCACHE_REGION = 0x82000000
                0x82000000                        __top_RAM5 = 0x82000000

.boot_hdr       0x60000000     0x2000
 FILL mask 0xff
                0x60000000                        __boot_hdr_start__ = ABSOLUTE (.)
 *(SORT_BY_ALIGNMENT(.boot_hdr.conf))
 .boot_hdr.conf
                0x60000000      0x200 ./xip/evkbimxrt1050_flexspi_nor_config.o
                0x60000000                hyperflash_config
                0x00001000                        . = 0x1000
 *fill*         0x60000200      0xe00 ff
 *(SORT_BY_ALIGNMENT(.boot_hdr.ivt))
 .boot_hdr.ivt  0x60001000       0x20 ./xip/fsl_flexspi_nor_boot.o
                0x60001000                image_vector_table
                0x00001020                        . = 0x1020
 *(SORT_BY_ALIGNMENT(.boot_hdr.boot_data))
 .boot_hdr.boot_data
                0x60001020       0x10 ./xip/fsl_flexspi_nor_boot.o
                0x60001020                g_boot_data
                0x00001030                        . = 0x1030
 *(SORT_BY_ALIGNMENT(.boot_hdr.dcd_data))
                0x60001030                        __boot_hdr_end__ = ABSOLUTE (.)
                0x00002000                        . = 0x2000
 *fill*         0x60001030      0xfd0 ff

.text           0x60002000     0x5330
 FILL mask 0xff
                0x60002000                        __vectors_start__ = ABSOLUTE (.)
 *(SORT_BY_ALIGNMENT(.isr_vector))
 .isr_vector    0x60002000      0x2a0 ./startup/startup_mimxrt1052.o
                0x60002000                g_pfnVectors
                0x60002000                __Vectors
                0x600022a0                        . = ALIGN (0x4)
                0x600022a0                        __section_table_start = .
                0x600022a0                        __data_section_table = .
                0x600022a0        0x4 LONG 0x60007330 LOADADDR (.data)
                0x600022a4        0x4 LONG 0x20000000 ADDR (.data)
                0x600022a8        0x4 LONG 0x4 SIZEOF (.data)
                0x600022ac        0x4 LONG 0x60007330 LOADADDR (.data_RAM2)
                0x600022b0        0x4 LONG 0x0 ADDR (.data_RAM2)
                0x600022b4        0x4 LONG 0x0 SIZEOF (.data_RAM2)
                0x600022b8        0x4 LONG 0x60007330 LOADADDR (.data_RAM3)
                0x600022bc        0x4 LONG 0x20200000 ADDR (.data_RAM3)
                0x600022c0        0x4 LONG 0x0 SIZEOF (.data_RAM3)
                0x600022c4        0x4 LONG 0x60007330 LOADADDR (.data_RAM4)
                0x600022c8        0x4 LONG 0x80000000 ADDR (.data_RAM4)
                0x600022cc        0x4 LONG 0x0 SIZEOF (.data_RAM4)
                0x600022d0        0x4 LONG 0x60007330 LOADADDR (.data_RAM5)
                0x600022d4        0x4 LONG 0x81e00000 ADDR (.data_RAM5)
                0x600022d8        0x4 LONG 0x0 SIZEOF (.data_RAM5)
                0x600022dc                        __data_section_table_end = .
                0x600022dc                        __bss_section_table = .
                0x600022dc        0x4 LONG 0x20000004 ADDR (.bss)
                0x600022e0        0x4 LONG 0x120 SIZEOF (.bss)
                0x600022e4        0x4 LONG 0x0 ADDR (.bss_RAM2)
                0x600022e8        0x4 LONG 0x0 SIZEOF (.bss_RAM2)
                0x600022ec        0x4 LONG 0x20200000 ADDR (.bss_RAM3)
                0x600022f0        0x4 LONG 0x0 SIZEOF (.bss_RAM3)
                0x600022f4        0x4 LONG 0x80000000 ADDR (.bss_RAM4)
                0x600022f8        0x4 LONG 0x0 SIZEOF (.bss_RAM4)
                0x600022fc        0x4 LONG 0x81e00000 ADDR (.bss_RAM5)
                0x60002300        0x4 LONG 0x0 SIZEOF (.bss_RAM5)
                0x60002304                        __bss_section_table_end = .
                0x60002304                        __section_table_end = .
 *(SORT_BY_ALIGNMENT(.after_vectors*))
 .after_vectors.reset
                0x60002304       0x54 ./startup/startup_mimxrt1052.o
                0x60002304                ResetISR
 .after_vectors.init_data
                0x60002358       0x1e ./startup/startup_mimxrt1052.o
                0x60002358                data_init
 .after_vectors.init_bss
                0x60002376       0x12 ./startup/startup_mimxrt1052.o
                0x60002376                bss_init
 .after_vectors
                0x60002388       0x14 ./startup/startup_mimxrt1052.o
                0x60002388                NMI_Handler
                0x6000238c                MemManage_Handler
                0x6000238e                BusFault_Handler
                0x60002390                UsageFault_Handler
                0x60002392                SVC_Handler
                0x60002394                DebugMon_Handler
                0x60002396                PendSV_Handler
                0x60002398                SysTick_Handler
                0x6000239a                PIT_DriverIRQHandler
                0x6000239a                PMU_EVENT_DriverIRQHandler
                0x6000239a                PWM4_FAULT_DriverIRQHandler
                0x6000239a                DMA13_DMA29_DriverIRQHandler
                0x6000239a                SAI3_RX_DriverIRQHandler
                0x6000239a                LPSPI4_DriverIRQHandler
                0x6000239a                SEMC_DriverIRQHandler
                0x6000239a                SPDIF_DriverIRQHandler
                0x6000239a                CCM_2_DriverIRQHandler
                0x6000239a                PWM4_3_DriverIRQHandler
                0x6000239a                FLEXRAM_DriverIRQHandler
                0x6000239a                LCDIF_DriverIRQHandler
                0x6000239a                USB_PHY1_DriverIRQHandler
                0x6000239a                GPIO3_Combined_0_15_DriverIRQHandler
                0x6000239a                DMA7_DMA23_DriverIRQHandler
                0x6000239a                BEE_DriverIRQHandler
                0x6000239a                LPI2C3_DriverIRQHandler
                0x6000239a                GPR_IRQ_DriverIRQHandler
                0x6000239a                PWM2_FAULT_DriverIRQHandler
                0x6000239a                PWM3_1_DriverIRQHandler
                0x6000239a                DMA14_DMA30_DriverIRQHandler
                0x6000239a                TMR1_DriverIRQHandler
                0x6000239a                TRNG_DriverIRQHandler
                0x6000239a                PWM3_2_DriverIRQHandler
                0x6000239a                ENET_1588_Timer_DriverIRQHandler
                0x6000239a                FLEXIO2_DriverIRQHandler
                0x6000239a                GPIO2_Combined_16_31_DriverIRQHandler
                0x6000239a                Reserved143_DriverIRQHandler
                0x6000239a                LPSPI2_DriverIRQHandler
                0x6000239a                PWM4_1_DriverIRQHandler
                0x6000239a                PWM3_3_DriverIRQHandler
                0x6000239a                DMA0_DMA16_DriverIRQHandler
                0x6000239a                IntDefaultHandler
                0x6000239a                DMA2_DMA18_DriverIRQHandler
                0x6000239a                SRC_DriverIRQHandler
                0x6000239a                GPIO1_INT4_DriverIRQHandler
                0x6000239a                Reserved144_DriverIRQHandler
                0x6000239a                USDHC1_DriverIRQHandler
                0x6000239a                ENC3_DriverIRQHandler
                0x6000239a                PWM3_FAULT_DriverIRQHandler
                0x6000239a                EWM_DriverIRQHandler
                0x6000239a                TSC_DIG_DriverIRQHandler
                0x6000239a                KPP_DriverIRQHandler
                0x6000239a                FLEXIO1_DriverIRQHandler
                0x6000239a                ENET_DriverIRQHandler
                0x6000239a                Reserved78_DriverIRQHandler
                0x6000239a                TMR4_DriverIRQHandler
                0x6000239a                ENC2_DriverIRQHandler
                0x6000239a                ADC_ETC_IRQ2_DriverIRQHandler
                0x6000239a                GPIO1_Combined_16_31_DriverIRQHandler
                0x6000239a                GPIO1_INT7_DriverIRQHandler
                0x6000239a                SAI1_DriverIRQHandler
                0x6000239a                DCDC_DriverIRQHandler
                0x6000239a                DMA12_DMA28_DriverIRQHandler
                0x6000239a                PWM4_0_DriverIRQHandler
                0x6000239a                ADC_ETC_ERROR_IRQ_DriverIRQHandler
                0x6000239a                ACMP2_DriverIRQHandler
                0x6000239a                GPIO5_Combined_0_15_DriverIRQHandler
                0x6000239a                GPIO1_INT0_DriverIRQHandler
                0x6000239a                GPIO1_INT2_DriverIRQHandler
                0x6000239a                RTWDOG_DriverIRQHandler
                0x6000239a                FLEXSPI_DriverIRQHandler
                0x6000239a                GPT2_DriverIRQHandler
                0x6000239a                USB_PHY2_DriverIRQHandler
                0x6000239a                DMA10_DMA26_DriverIRQHandler
                0x6000239a                PWM2_1_DriverIRQHandler
                0x6000239a                PWM1_1_DriverIRQHandler
                0x6000239a                PXP_DriverIRQHandler
                0x6000239a                ADC1_DriverIRQHandler
                0x6000239a                PWM1_0_DriverIRQHandler
                0x6000239a                SJC_DriverIRQHandler
                0x6000239a                DMA1_DMA17_DriverIRQHandler
                0x6000239a                ENC1_DriverIRQHandler
                0x6000239a                ENC4_DriverIRQHandler
                0x6000239a                CAN2_DriverIRQHandler
                0x6000239a                DCP_DriverIRQHandler
                0x6000239a                CTI0_ERROR_DriverIRQHandler
                0x6000239a                DMA8_DMA24_DriverIRQHandler
                0x6000239a                GPT1_DriverIRQHandler
                0x6000239a                ACMP3_DriverIRQHandler
                0x6000239a                DMA6_DMA22_DriverIRQHandler
                0x6000239a                CSU_DriverIRQHandler
                0x6000239a                GPIO1_INT5_DriverIRQHandler
                0x6000239a                TMR3_DriverIRQHandler
                0x6000239a                TMR2_DriverIRQHandler
                0x6000239a                CTI1_ERROR_DriverIRQHandler
                0x6000239a                GPIO1_Combined_0_15_DriverIRQHandler
                0x6000239a                USDHC2_DriverIRQHandler
                0x6000239a                PWM4_2_DriverIRQHandler
                0x6000239a                Reserved87_DriverIRQHandler
                0x6000239a                SAI2_DriverIRQHandler
                0x6000239a                CORE_DriverIRQHandler
                0x6000239a                WDOG1_DriverIRQHandler
                0x6000239a                DMA11_DMA27_DriverIRQHandler
                0x6000239a                CSI_DriverIRQHandler
                0x6000239a                PWM2_3_DriverIRQHandler
                0x6000239a                XBAR1_IRQ_2_3_DriverIRQHandler
                0x6000239a                SNVS_HP_WRAPPER_TZ_DriverIRQHandler
                0x6000239a                GPIO3_Combined_16_31_DriverIRQHandler
                0x6000239a                PWM1_FAULT_DriverIRQHandler
                0x6000239a                LPI2C1_DriverIRQHandler
                0x6000239a                PWM2_2_DriverIRQHandler
                0x6000239a                DMA4_DMA20_DriverIRQHandler
                0x6000239a                DMA9_DMA25_DriverIRQHandler
                0x6000239a                SNVS_HP_WRAPPER_DriverIRQHandler
                0x6000239a                XBAR1_IRQ_0_1_DriverIRQHandler
                0x6000239a                ADC_ETC_IRQ1_DriverIRQHandler
                0x6000239a                LPSPI1_DriverIRQHandler
                0x6000239a                DMA3_DMA19_DriverIRQHandler
                0x6000239a                GPIO1_INT3_DriverIRQHandler
                0x6000239a                DCP_VMI_DriverIRQHandler
                0x6000239a                LPI2C4_DriverIRQHandler
                0x6000239a                GPC_DriverIRQHandler
                0x6000239a                Reserved123_DriverIRQHandler
                0x6000239a                GPIO2_Combined_0_15_DriverIRQHandler
                0x6000239a                PWM1_2_DriverIRQHandler
                0x6000239a                USB_OTG1_DriverIRQHandler
                0x6000239a                TEMP_LOW_HIGH_DriverIRQHandler
                0x6000239a                SAI3_TX_DriverIRQHandler
                0x6000239a                WDOG2_DriverIRQHandler
                0x6000239a                Reserved68_DriverIRQHandler
                0x6000239a                PWM3_0_DriverIRQHandler
                0x6000239a                GPIO4_Combined_0_15_DriverIRQHandler
                0x6000239a                GPIO4_Combined_16_31_DriverIRQHandler
                0x6000239a                GPIO5_Combined_16_31_DriverIRQHandler
                0x6000239a                DMA5_DMA21_DriverIRQHandler
                0x6000239a                CCM_1_DriverIRQHandler
                0x6000239a                ADC2_DriverIRQHandler
                0x6000239a                Reserved115_DriverIRQHandler
                0x6000239a                TEMP_PANIC_DriverIRQHandler
                0x6000239a                ACMP4_DriverIRQHandler
                0x6000239a                DMA15_DMA31_DriverIRQHandler
                0x6000239a                LPSPI3_DriverIRQHandler
                0x6000239a                PWM1_3_DriverIRQHandler
                0x6000239a                ACMP1_DriverIRQHandler
                0x6000239a                LPI2C2_DriverIRQHandler
                0x6000239a                Reserved86_DriverIRQHandler
                0x6000239a                DMA_ERROR_DriverIRQHandler
                0x6000239a                ADC_ETC_IRQ0_DriverIRQHandler
                0x6000239a                CAN1_DriverIRQHandler
                0x6000239a                GPIO1_INT6_DriverIRQHandler
                0x6000239a                GPIO1_INT1_DriverIRQHandler
                0x6000239a                PWM2_0_DriverIRQHandler
                0x6000239a                SNVS_LP_WRAPPER_DriverIRQHandler
                0x6000239a                USB_OTG2_DriverIRQHandler
 *(SORT_BY_ALIGNMENT(.text*))
 .text.__assertion_failed
                0x6000239c       0x2c ./utilities/fsl_assert.o
                0x6000239c                __assertion_failed
 .text.DbgConsole_Init
                0x600023c8       0x88 ./utilities/fsl_debug_console.o
                0x600023c8                DbgConsole_Init
 .text.DbgConsole_Vprintf
                0x60002450       0x3c ./utilities/fsl_debug_console.o
                0x60002450                DbgConsole_Vprintf
 .text.DbgConsole_Putchar
                0x6000248c       0x30 ./utilities/fsl_debug_console.o
                0x6000248c                DbgConsole_Putchar
 .text.DbgConsole_Getchar
                0x600024bc       0x3c ./utilities/fsl_debug_console.o
                0x600024bc                DbgConsole_Getchar
 .text.DbgConsole_PrintfFormattedData
                0x600024f8      0x9ec ./utilities/fsl_debug_console.o
 .text          0x60002ee4       0xa0 ./utilities/fsl_memcpy.o
                0x60002ee4                memcpy
 .text.GPIO_PinRead
                0x60002f84       0x30 ./source/enc_basic.o
 .text.main     0x60002fb4       0xe4 ./source/enc_basic.o
                0x60002fb4                main
 .text.CLOCK_GetOscFreq
                0x60003098       0x30 ./drivers/fsl_clock.o
 .text.CLOCK_InitExternalClk
                0x600030c8       0x6c ./drivers/fsl_clock.o
                0x600030c8                CLOCK_InitExternalClk
 .text.CLOCK_SwitchOsc
                0x60003134       0x34 ./drivers/fsl_clock.o
                0x60003134                CLOCK_SwitchOsc
 .text.CLOCK_InitRcOsc24M
                0x60003168       0x24 ./drivers/fsl_clock.o
                0x60003168                CLOCK_InitRcOsc24M
 .text.CLOCK_InitArmPll
                0x6000318c       0x68 ./drivers/fsl_clock.o
                0x6000318c                CLOCK_InitArmPll
 .text.CLOCK_InitSysPll
                0x600031f4       0x9c ./drivers/fsl_clock.o
                0x600031f4                CLOCK_InitSysPll
 .text.CLOCK_DeinitUsb2Pll
                0x60003290       0x18 ./drivers/fsl_clock.o
                0x60003290                CLOCK_DeinitUsb2Pll
 .text.CLOCK_DeinitAudioPll
                0x600032a8       0x1c ./drivers/fsl_clock.o
                0x600032a8                CLOCK_DeinitAudioPll
 .text.CLOCK_DeinitEnetPll
                0x600032c4       0x1c ./drivers/fsl_clock.o
                0x600032c4                CLOCK_DeinitEnetPll
 .text.CLOCK_GetPllFreq
                0x600032e0      0x3a8 ./drivers/fsl_clock.o
                0x600032e0                CLOCK_GetPllFreq
 .text.CLOCK_InitSysPfd
                0x60003688       0x64 ./drivers/fsl_clock.o
                0x60003688                CLOCK_InitSysPfd
 .text.CLOCK_ControlGate
                0x600036ec       0x60 ./drivers/fsl_enc.o
 .text.ENC_GetInstance
                0x6000374c       0x4c ./drivers/fsl_enc.o
 .text.ENC_Init
                0x60003798      0x18c ./drivers/fsl_enc.o
                0x60003798                ENC_Init
 .text.ENC_GetDefaultConfig
                0x60003924       0x8c ./drivers/fsl_enc.o
                0x60003924                ENC_GetDefaultConfig
 .text.CLOCK_ControlGate
                0x600039b0       0x60 ./drivers/fsl_lpuart.o
 .text.LPUART_GetInstance
                0x60003a10       0x4c ./drivers/fsl_lpuart.o
                0x60003a10                LPUART_GetInstance
 .text.LPUART_Init
                0x60003a5c      0x320 ./drivers/fsl_lpuart.o
                0x60003a5c                LPUART_Init
 .text.LPUART_GetDefaultConfig
                0x60003d7c       0x88 ./drivers/fsl_lpuart.o
                0x60003d7c                LPUART_GetDefaultConfig
 .text.LPUART_GetStatusFlags
                0x60003e04       0x38 ./drivers/fsl_lpuart.o
                0x60003e04                LPUART_GetStatusFlags
 .text.LPUART_ClearStatusFlags
                0x60003e3c       0x7c ./drivers/fsl_lpuart.o
                0x60003e3c                LPUART_ClearStatusFlags
 .text.LPUART_WriteBlocking
                0x60003eb8       0x68 ./drivers/fsl_lpuart.o
                0x60003eb8                LPUART_WriteBlocking
 .text.LPUART_ReadBlocking
                0x60003f20      0x160 ./drivers/fsl_lpuart.o
                0x60003f20                LPUART_ReadBlocking
 .text.LPUART1_DriverIRQHandler
                0x60004080       0x28 ./drivers/fsl_lpuart.o
                0x60004080                LPUART1_DriverIRQHandler
 .text.LPUART2_DriverIRQHandler
                0x600040a8       0x28 ./drivers/fsl_lpuart.o
                0x600040a8                LPUART2_DriverIRQHandler
 .text.LPUART3_DriverIRQHandler
                0x600040d0       0x28 ./drivers/fsl_lpuart.o
                0x600040d0                LPUART3_DriverIRQHandler
 .text.LPUART4_DriverIRQHandler
                0x600040f8       0x28 ./drivers/fsl_lpuart.o
                0x600040f8                LPUART4_DriverIRQHandler
 .text.LPUART5_DriverIRQHandler
                0x60004120       0x28 ./drivers/fsl_lpuart.o
                0x60004120                LPUART5_DriverIRQHandler
 .text.LPUART6_DriverIRQHandler
                0x60004148       0x28 ./drivers/fsl_lpuart.o
                0x60004148                LPUART6_DriverIRQHandler
 .text.LPUART7_DriverIRQHandler
                0x60004170       0x28 ./drivers/fsl_lpuart.o
                0x60004170                LPUART7_DriverIRQHandler
 .text.LPUART8_DriverIRQHandler
                0x60004198       0x28 ./drivers/fsl_lpuart.o
                0x60004198                LPUART8_DriverIRQHandler
 .text.CLOCK_ControlGate
                0x600041c0       0x60 ./drivers/fsl_xbara.o
 .text.XBARA_GetInstance
                0x60004220       0x4c ./drivers/fsl_xbara.o
 .text.XBARA_Init
                0x6000426c       0x28 ./drivers/fsl_xbara.o
                0x6000426c                XBARA_Init
 .text.SystemInit
                0x60004294      0x144 ./device/system_MIMXRT1052.o
                0x60004294                SystemInit
 .text.HAL_UartInitCommon
                0x600043d8       0xe0 ./component/uart/fsl_adapter_lpuart.o
 .text.HAL_UartInit
                0x600044b8       0x84 ./component/uart/fsl_adapter_lpuart.o
                0x600044b8                HAL_UartInit
 .text.HAL_UartReceiveBlocking
                0x6000453c       0x6c ./component/uart/fsl_adapter_lpuart.o
                0x6000453c                HAL_UartReceiveBlocking
 .text.HAL_UartSendBlocking
                0x600045a8       0x64 ./component/uart/fsl_adapter_lpuart.o
                0x600045a8                HAL_UartSendBlocking
 .text.ARM_MPU_Enable
                0x6000460c       0x44 ./board/board.o
 .text.ARM_MPU_Disable
                0x60004650       0x40 ./board/board.o
 .text.CLOCK_GetMux
                0x60004690       0x44 ./board/board.o
 .text.CLOCK_GetDiv
                0x600046d4       0x44 ./board/board.o
 .text.CLOCK_GetOscFreq
                0x60004718       0x30 ./board/board.o
 .text.BOARD_DebugConsoleSrcFreq
                0x60004748       0x64 ./board/board.o
                0x60004748                BOARD_DebugConsoleSrcFreq
 .text.BOARD_ConfigMPU
                0x600047ac      0x324 ./board/board.o
                0x600047ac                BOARD_ConfigMPU
 .text.CLOCK_SetMux
                0x60004ad0       0x9c ./board/clock_config.o
 .text.CLOCK_SetDiv
                0x60004b6c       0x9c ./board/clock_config.o
 .text.CLOCK_ControlGate
                0x60004c08       0x60 ./board/clock_config.o
 .text.CLOCK_SetXtalFreq
                0x60004c68       0x20 ./board/clock_config.o
 .text.CLOCK_SetRtcXtalFreq
                0x60004c88       0x20 ./board/clock_config.o
 .text.IOMUXC_MQSConfig
                0x60004ca8       0x44 ./board/clock_config.o
 .text.BOARD_BootClockRUN
                0x60004cec      0x674 ./board/clock_config.o
                0x60004cec                BOARD_BootClockRUN
 .text.CLOCK_ControlGate
                0x60005360       0x60 ./board/pin_mux.o
 .text.BOARD_InitPins
                0x600053c0      0x12c ./board/pin_mux.o
                0x600053c0                BOARD_InitPins
 .text._initio  0x600054ec       0x78 c:/nxp/mcuxpressoide_11.9.0_2144/ide/plugins/com.nxp.mcuxpresso.tools.win32_11.9.0.202307121226/tools/bin/../lib/gcc/arm-none-eabi/12.3.1/../../../../arm-none-eabi/lib/thumb/v7e-m+dp/hard\libcr_c.a(initio.o)
                0x600054ec                _initio
 .text._Cwritebuf
                0x60005564       0x6c c:/nxp/mcuxpressoide_11.9.0_2144/ide/plugins/com.nxp.mcuxpresso.tools.win32_11.9.0.202307121226/tools/bin/../lib/gcc/arm-none-eabi/12.3.1/../../../../arm-none-eabi/lib/thumb/v7e-m+dp/hard\libcr_c.a(_writebuf.o)
                0x60005564                _Cwritebuf
 .text.fflush   0x600055d0       0x3c c:/nxp/mcuxpressoide_11.9.0_2144/ide/plugins/com.nxp.mcuxpresso.tools.win32_11.9.0.202307121226/tools/bin/../lib/gcc/arm-none-eabi/12.3.1/../../../../arm-none-eabi/lib/thumb/v7e-m+dp/hard\libcr_c.a(fflush.o)
                0x600055d0                fflush
 .text.fseek    0x6000560c       0xf8 c:/nxp/mcuxpressoide_11.9.0_2144/ide/plugins/com.nxp.mcuxpresso.tools.win32_11.9.0.202307121226/tools/bin/../lib/gcc/arm-none-eabi/12.3.1/../../../../arm-none-eabi/lib/thumb/v7e-m+dp/hard\libcr_c.a(fseek.o)
                0x6000560c                fseek
 .text.ftell    0x60005704       0x44 c:/nxp/mcuxpressoide_11.9.0_2144/ide/plugins/com.nxp.mcuxpresso.tools.win32_11.9.0.202307121226/tools/bin/../lib/gcc/arm-none-eabi/12.3.1/../../../../arm-none-eabi/lib/thumb/v7e-m+dp/hard\libcr_c.a(ftell.o)
                0x60005704                ftell
 .text.fsl_assert_hook
                0x60005748       0x1a ./utilities/fsl_assert.o
                0x60005748                fsl_assert_hook
 .text.DbgConsole_Printf
                0x60005762       0x2c ./utilities/fsl_debug_console.o
                0x60005762                DbgConsole_Printf
 .text.DbgConsole_PrintfPaddingCharacter
                0x6000578e       0x40 ./utilities/fsl_debug_console.o
 .text.DbgConsole_ConvertRadixNumToString
                0x600057ce      0x2b0 ./utilities/fsl_debug_console.o
 .text.DMA0_DMA16_IRQHandler
                0x60005a7e        0x8 ./startup/startup_mimxrt1052.o
                0x60005a7e                DMA0_DMA16_IRQHandler
 .text.DMA1_DMA17_IRQHandler
                0x60005a86        0x8 ./startup/startup_mimxrt1052.o
                0x60005a86                DMA1_DMA17_IRQHandler
 .text.DMA2_DMA18_IRQHandler
                0x60005a8e        0x8 ./startup/startup_mimxrt1052.o
                0x60005a8e                DMA2_DMA18_IRQHandler
 .text.DMA3_DMA19_IRQHandler
                0x60005a96        0x8 ./startup/startup_mimxrt1052.o
                0x60005a96                DMA3_DMA19_IRQHandler
 .text.DMA4_DMA20_IRQHandler
                0x60005a9e        0x8 ./startup/startup_mimxrt1052.o
                0x60005a9e                DMA4_DMA20_IRQHandler
 .text.DMA5_DMA21_IRQHandler
                0x60005aa6        0x8 ./startup/startup_mimxrt1052.o
                0x60005aa6                DMA5_DMA21_IRQHandler
 .text.DMA6_DMA22_IRQHandler
                0x60005aae        0x8 ./startup/startup_mimxrt1052.o
                0x60005aae                DMA6_DMA22_IRQHandler
 .text.DMA7_DMA23_IRQHandler
                0x60005ab6        0x8 ./startup/startup_mimxrt1052.o
                0x60005ab6                DMA7_DMA23_IRQHandler
 .text.DMA8_DMA24_IRQHandler
                0x60005abe        0x8 ./startup/startup_mimxrt1052.o
                0x60005abe                DMA8_DMA24_IRQHandler
 .text.DMA9_DMA25_IRQHandler
                0x60005ac6        0x8 ./startup/startup_mimxrt1052.o
                0x60005ac6                DMA9_DMA25_IRQHandler
 .text.DMA10_DMA26_IRQHandler
                0x60005ace        0x8 ./startup/startup_mimxrt1052.o
                0x60005ace                DMA10_DMA26_IRQHandler
 .text.DMA11_DMA27_IRQHandler
                0x60005ad6        0x8 ./startup/startup_mimxrt1052.o
                0x60005ad6                DMA11_DMA27_IRQHandler
 .text.DMA12_DMA28_IRQHandler
                0x60005ade        0x8 ./startup/startup_mimxrt1052.o
                0x60005ade                DMA12_DMA28_IRQHandler
 .text.DMA13_DMA29_IRQHandler
                0x60005ae6        0x8 ./startup/startup_mimxrt1052.o
                0x60005ae6                DMA13_DMA29_IRQHandler
 .text.DMA14_DMA30_IRQHandler
                0x60005aee        0x8 ./startup/startup_mimxrt1052.o
                0x60005aee                DMA14_DMA30_IRQHandler
 .text.DMA15_DMA31_IRQHandler
                0x60005af6        0x8 ./startup/startup_mimxrt1052.o
                0x60005af6                DMA15_DMA31_IRQHandler
 .text.DMA_ERROR_IRQHandler
                0x60005afe        0x8 ./startup/startup_mimxrt1052.o
                0x60005afe                DMA_ERROR_IRQHandler
 .text.CTI0_ERROR_IRQHandler
                0x60005b06        0x8 ./startup/startup_mimxrt1052.o
                0x60005b06                CTI0_ERROR_IRQHandler
 .text.CTI1_ERROR_IRQHandler
                0x60005b0e        0x8 ./startup/startup_mimxrt1052.o
                0x60005b0e                CTI1_ERROR_IRQHandler
 .text.CORE_IRQHandler
                0x60005b16        0x8 ./startup/startup_mimxrt1052.o
                0x60005b16                CORE_IRQHandler
 .text.LPUART1_IRQHandler
                0x60005b1e        0x8 ./startup/startup_mimxrt1052.o
                0x60005b1e                LPUART1_IRQHandler
 .text.LPUART2_IRQHandler
                0x60005b26        0x8 ./startup/startup_mimxrt1052.o
                0x60005b26                LPUART2_IRQHandler
 .text.LPUART3_IRQHandler
                0x60005b2e        0x8 ./startup/startup_mimxrt1052.o
                0x60005b2e                LPUART3_IRQHandler
 .text.LPUART4_IRQHandler
                0x60005b36        0x8 ./startup/startup_mimxrt1052.o
                0x60005b36                LPUART4_IRQHandler
 .text.LPUART5_IRQHandler
                0x60005b3e        0x8 ./startup/startup_mimxrt1052.o
                0x60005b3e                LPUART5_IRQHandler
 .text.LPUART6_IRQHandler
                0x60005b46        0x8 ./startup/startup_mimxrt1052.o
                0x60005b46                LPUART6_IRQHandler
 .text.LPUART7_IRQHandler
                0x60005b4e        0x8 ./startup/startup_mimxrt1052.o
                0x60005b4e                LPUART7_IRQHandler
 .text.LPUART8_IRQHandler
                0x60005b56        0x8 ./startup/startup_mimxrt1052.o
                0x60005b56                LPUART8_IRQHandler
 .text.LPI2C1_IRQHandler
                0x60005b5e        0x8 ./startup/startup_mimxrt1052.o
                0x60005b5e                LPI2C1_IRQHandler
 .text.LPI2C2_IRQHandler
                0x60005b66        0x8 ./startup/startup_mimxrt1052.o
                0x60005b66                LPI2C2_IRQHandler
 .text.LPI2C3_IRQHandler
                0x60005b6e        0x8 ./startup/startup_mimxrt1052.o
                0x60005b6e                LPI2C3_IRQHandler
 .text.LPI2C4_IRQHandler
                0x60005b76        0x8 ./startup/startup_mimxrt1052.o
                0x60005b76                LPI2C4_IRQHandler
 .text.LPSPI1_IRQHandler
                0x60005b7e        0x8 ./startup/startup_mimxrt1052.o
                0x60005b7e                LPSPI1_IRQHandler
 .text.LPSPI2_IRQHandler
                0x60005b86        0x8 ./startup/startup_mimxrt1052.o
                0x60005b86                LPSPI2_IRQHandler
 .text.LPSPI3_IRQHandler
                0x60005b8e        0x8 ./startup/startup_mimxrt1052.o
                0x60005b8e                LPSPI3_IRQHandler
 .text.LPSPI4_IRQHandler
                0x60005b96        0x8 ./startup/startup_mimxrt1052.o
                0x60005b96                LPSPI4_IRQHandler
 .text.CAN1_IRQHandler
                0x60005b9e        0x8 ./startup/startup_mimxrt1052.o
                0x60005b9e                CAN1_IRQHandler
 .text.CAN2_IRQHandler
                0x60005ba6        0x8 ./startup/startup_mimxrt1052.o
                0x60005ba6                CAN2_IRQHandler
 .text.FLEXRAM_IRQHandler
                0x60005bae        0x8 ./startup/startup_mimxrt1052.o
                0x60005bae                FLEXRAM_IRQHandler
 .text.KPP_IRQHandler
                0x60005bb6        0x8 ./startup/startup_mimxrt1052.o
                0x60005bb6                KPP_IRQHandler
 .text.TSC_DIG_IRQHandler
                0x60005bbe        0x8 ./startup/startup_mimxrt1052.o
                0x60005bbe                TSC_DIG_IRQHandler
 .text.GPR_IRQ_IRQHandler
                0x60005bc6        0x8 ./startup/startup_mimxrt1052.o
                0x60005bc6                GPR_IRQ_IRQHandler
 .text.LCDIF_IRQHandler
                0x60005bce        0x8 ./startup/startup_mimxrt1052.o
                0x60005bce                LCDIF_IRQHandler
 .text.CSI_IRQHandler
                0x60005bd6        0x8 ./startup/startup_mimxrt1052.o
                0x60005bd6                CSI_IRQHandler
 .text.PXP_IRQHandler
                0x60005bde        0x8 ./startup/startup_mimxrt1052.o
                0x60005bde                PXP_IRQHandler
 .text.WDOG2_IRQHandler
                0x60005be6        0x8 ./startup/startup_mimxrt1052.o
                0x60005be6                WDOG2_IRQHandler
 .text.SNVS_HP_WRAPPER_IRQHandler
                0x60005bee        0x8 ./startup/startup_mimxrt1052.o
                0x60005bee                SNVS_HP_WRAPPER_IRQHandler
 .text.SNVS_HP_WRAPPER_TZ_IRQHandler
                0x60005bf6        0x8 ./startup/startup_mimxrt1052.o
                0x60005bf6                SNVS_HP_WRAPPER_TZ_IRQHandler
 .text.SNVS_LP_WRAPPER_IRQHandler
                0x60005bfe        0x8 ./startup/startup_mimxrt1052.o
                0x60005bfe                SNVS_LP_WRAPPER_IRQHandler
 .text.CSU_IRQHandler
                0x60005c06        0x8 ./startup/startup_mimxrt1052.o
                0x60005c06                CSU_IRQHandler
 .text.DCP_IRQHandler
                0x60005c0e        0x8 ./startup/startup_mimxrt1052.o
                0x60005c0e                DCP_IRQHandler
 .text.DCP_VMI_IRQHandler
                0x60005c16        0x8 ./startup/startup_mimxrt1052.o
                0x60005c16                DCP_VMI_IRQHandler
 .text.Reserved68_IRQHandler
                0x60005c1e        0x8 ./startup/startup_mimxrt1052.o
                0x60005c1e                Reserved68_IRQHandler
 .text.TRNG_IRQHandler
                0x60005c26        0x8 ./startup/startup_mimxrt1052.o
                0x60005c26                TRNG_IRQHandler
 .text.SJC_IRQHandler
                0x60005c2e        0x8 ./startup/startup_mimxrt1052.o
                0x60005c2e                SJC_IRQHandler
 .text.BEE_IRQHandler
                0x60005c36        0x8 ./startup/startup_mimxrt1052.o
                0x60005c36                BEE_IRQHandler
 .text.SAI1_IRQHandler
                0x60005c3e        0x8 ./startup/startup_mimxrt1052.o
                0x60005c3e                SAI1_IRQHandler
 .text.SAI2_IRQHandler
                0x60005c46        0x8 ./startup/startup_mimxrt1052.o
                0x60005c46                SAI2_IRQHandler
 .text.SAI3_RX_IRQHandler
                0x60005c4e        0x8 ./startup/startup_mimxrt1052.o
                0x60005c4e                SAI3_RX_IRQHandler
 .text.SAI3_TX_IRQHandler
                0x60005c56        0x8 ./startup/startup_mimxrt1052.o
                0x60005c56                SAI3_TX_IRQHandler
 .text.SPDIF_IRQHandler
                0x60005c5e        0x8 ./startup/startup_mimxrt1052.o
                0x60005c5e                SPDIF_IRQHandler
 .text.PMU_EVENT_IRQHandler
                0x60005c66        0x8 ./startup/startup_mimxrt1052.o
                0x60005c66                PMU_EVENT_IRQHandler
 .text.Reserved78_IRQHandler
                0x60005c6e        0x8 ./startup/startup_mimxrt1052.o
                0x60005c6e                Reserved78_IRQHandler
 .text.TEMP_LOW_HIGH_IRQHandler
                0x60005c76        0x8 ./startup/startup_mimxrt1052.o
                0x60005c76                TEMP_LOW_HIGH_IRQHandler
 .text.TEMP_PANIC_IRQHandler
                0x60005c7e        0x8 ./startup/startup_mimxrt1052.o
                0x60005c7e                TEMP_PANIC_IRQHandler
 .text.USB_PHY1_IRQHandler
                0x60005c86        0x8 ./startup/startup_mimxrt1052.o
                0x60005c86                USB_PHY1_IRQHandler
 .text.USB_PHY2_IRQHandler
                0x60005c8e        0x8 ./startup/startup_mimxrt1052.o
                0x60005c8e                USB_PHY2_IRQHandler
 .text.ADC1_IRQHandler
                0x60005c96        0x8 ./startup/startup_mimxrt1052.o
                0x60005c96                ADC1_IRQHandler
 .text.ADC2_IRQHandler
                0x60005c9e        0x8 ./startup/startup_mimxrt1052.o
                0x60005c9e                ADC2_IRQHandler
 .text.DCDC_IRQHandler
                0x60005ca6        0x8 ./startup/startup_mimxrt1052.o
                0x60005ca6                DCDC_IRQHandler
 .text.Reserved86_IRQHandler
                0x60005cae        0x8 ./startup/startup_mimxrt1052.o
                0x60005cae                Reserved86_IRQHandler
 .text.Reserved87_IRQHandler
                0x60005cb6        0x8 ./startup/startup_mimxrt1052.o
                0x60005cb6                Reserved87_IRQHandler
 .text.GPIO1_INT0_IRQHandler
                0x60005cbe        0x8 ./startup/startup_mimxrt1052.o
                0x60005cbe                GPIO1_INT0_IRQHandler
 .text.GPIO1_INT1_IRQHandler
                0x60005cc6        0x8 ./startup/startup_mimxrt1052.o
                0x60005cc6                GPIO1_INT1_IRQHandler
 .text.GPIO1_INT2_IRQHandler
                0x60005cce        0x8 ./startup/startup_mimxrt1052.o
                0x60005cce                GPIO1_INT2_IRQHandler
 .text.GPIO1_INT3_IRQHandler
                0x60005cd6        0x8 ./startup/startup_mimxrt1052.o
                0x60005cd6                GPIO1_INT3_IRQHandler
 .text.GPIO1_INT4_IRQHandler
                0x60005cde        0x8 ./startup/startup_mimxrt1052.o
                0x60005cde                GPIO1_INT4_IRQHandler
 .text.GPIO1_INT5_IRQHandler
                0x60005ce6        0x8 ./startup/startup_mimxrt1052.o
                0x60005ce6                GPIO1_INT5_IRQHandler
 .text.GPIO1_INT6_IRQHandler
                0x60005cee        0x8 ./startup/startup_mimxrt1052.o
                0x60005cee                GPIO1_INT6_IRQHandler
 .text.GPIO1_INT7_IRQHandler
                0x60005cf6        0x8 ./startup/startup_mimxrt1052.o
                0x60005cf6                GPIO1_INT7_IRQHandler
 .text.GPIO1_Combined_0_15_IRQHandler
                0x60005cfe        0x8 ./startup/startup_mimxrt1052.o
                0x60005cfe                GPIO1_Combined_0_15_IRQHandler
 .text.GPIO1_Combined_16_31_IRQHandler
                0x60005d06        0x8 ./startup/startup_mimxrt1052.o
                0x60005d06                GPIO1_Combined_16_31_IRQHandler
 .text.GPIO2_Combined_0_15_IRQHandler
                0x60005d0e        0x8 ./startup/startup_mimxrt1052.o
                0x60005d0e                GPIO2_Combined_0_15_IRQHandler
 .text.GPIO2_Combined_16_31_IRQHandler
                0x60005d16        0x8 ./startup/startup_mimxrt1052.o
                0x60005d16                GPIO2_Combined_16_31_IRQHandler
 .text.GPIO3_Combined_0_15_IRQHandler
                0x60005d1e        0x8 ./startup/startup_mimxrt1052.o
                0x60005d1e                GPIO3_Combined_0_15_IRQHandler
 .text.GPIO3_Combined_16_31_IRQHandler
                0x60005d26        0x8 ./startup/startup_mimxrt1052.o
                0x60005d26                GPIO3_Combined_16_31_IRQHandler
 .text.GPIO4_Combined_0_15_IRQHandler
                0x60005d2e        0x8 ./startup/startup_mimxrt1052.o
                0x60005d2e                GPIO4_Combined_0_15_IRQHandler
 .text.GPIO4_Combined_16_31_IRQHandler
                0x60005d36        0x8 ./startup/startup_mimxrt1052.o
                0x60005d36                GPIO4_Combined_16_31_IRQHandler
 .text.GPIO5_Combined_0_15_IRQHandler
                0x60005d3e        0x8 ./startup/startup_mimxrt1052.o
                0x60005d3e                GPIO5_Combined_0_15_IRQHandler
 .text.GPIO5_Combined_16_31_IRQHandler
                0x60005d46        0x8 ./startup/startup_mimxrt1052.o
                0x60005d46                GPIO5_Combined_16_31_IRQHandler
 .text.FLEXIO1_IRQHandler
                0x60005d4e        0x8 ./startup/startup_mimxrt1052.o
                0x60005d4e                FLEXIO1_IRQHandler
 .text.FLEXIO2_IRQHandler
                0x60005d56        0x8 ./startup/startup_mimxrt1052.o
                0x60005d56                FLEXIO2_IRQHandler
 .text.WDOG1_IRQHandler
                0x60005d5e        0x8 ./startup/startup_mimxrt1052.o
                0x60005d5e                WDOG1_IRQHandler
 .text.RTWDOG_IRQHandler
                0x60005d66        0x8 ./startup/startup_mimxrt1052.o
                0x60005d66                RTWDOG_IRQHandler
 .text.EWM_IRQHandler
                0x60005d6e        0x8 ./startup/startup_mimxrt1052.o
                0x60005d6e                EWM_IRQHandler
 .text.CCM_1_IRQHandler
                0x60005d76        0x8 ./startup/startup_mimxrt1052.o
                0x60005d76                CCM_1_IRQHandler
 .text.CCM_2_IRQHandler
                0x60005d7e        0x8 ./startup/startup_mimxrt1052.o
                0x60005d7e                CCM_2_IRQHandler
 .text.GPC_IRQHandler
                0x60005d86        0x8 ./startup/startup_mimxrt1052.o
                0x60005d86                GPC_IRQHandler
 .text.SRC_IRQHandler
                0x60005d8e        0x8 ./startup/startup_mimxrt1052.o
                0x60005d8e                SRC_IRQHandler
 .text.Reserved115_IRQHandler
                0x60005d96        0x8 ./startup/startup_mimxrt1052.o
                0x60005d96                Reserved115_IRQHandler
 .text.GPT1_IRQHandler
                0x60005d9e        0x8 ./startup/startup_mimxrt1052.o
                0x60005d9e                GPT1_IRQHandler
 .text.GPT2_IRQHandler
                0x60005da6        0x8 ./startup/startup_mimxrt1052.o
                0x60005da6                GPT2_IRQHandler
 .text.PWM1_0_IRQHandler
                0x60005dae        0x8 ./startup/startup_mimxrt1052.o
                0x60005dae                PWM1_0_IRQHandler
 .text.PWM1_1_IRQHandler
                0x60005db6        0x8 ./startup/startup_mimxrt1052.o
                0x60005db6                PWM1_1_IRQHandler
 .text.PWM1_2_IRQHandler
                0x60005dbe        0x8 ./startup/startup_mimxrt1052.o
                0x60005dbe                PWM1_2_IRQHandler
 .text.PWM1_3_IRQHandler
                0x60005dc6        0x8 ./startup/startup_mimxrt1052.o
                0x60005dc6                PWM1_3_IRQHandler
 .text.PWM1_FAULT_IRQHandler
                0x60005dce        0x8 ./startup/startup_mimxrt1052.o
                0x60005dce                PWM1_FAULT_IRQHandler
 .text.Reserved123_IRQHandler
                0x60005dd6        0x8 ./startup/startup_mimxrt1052.o
                0x60005dd6                Reserved123_IRQHandler
 .text.FLEXSPI_IRQHandler
                0x60005dde        0x8 ./startup/startup_mimxrt1052.o
                0x60005dde                FLEXSPI_IRQHandler
 .text.SEMC_IRQHandler
                0x60005de6        0x8 ./startup/startup_mimxrt1052.o
                0x60005de6                SEMC_IRQHandler
 .text.USDHC1_IRQHandler
                0x60005dee        0x8 ./startup/startup_mimxrt1052.o
                0x60005dee                USDHC1_IRQHandler
 .text.USDHC2_IRQHandler
                0x60005df6        0x8 ./startup/startup_mimxrt1052.o
                0x60005df6                USDHC2_IRQHandler
 .text.USB_OTG2_IRQHandler
                0x60005dfe        0x8 ./startup/startup_mimxrt1052.o
                0x60005dfe                USB_OTG2_IRQHandler
 .text.USB_OTG1_IRQHandler
                0x60005e06        0x8 ./startup/startup_mimxrt1052.o
                0x60005e06                USB_OTG1_IRQHandler
 .text.ENET_IRQHandler
                0x60005e0e        0x8 ./startup/startup_mimxrt1052.o
                0x60005e0e                ENET_IRQHandler
 .text.ENET_1588_Timer_IRQHandler
                0x60005e16        0x8 ./startup/startup_mimxrt1052.o
                0x60005e16                ENET_1588_Timer_IRQHandler
 .text.XBAR1_IRQ_0_1_IRQHandler
                0x60005e1e        0x8 ./startup/startup_mimxrt1052.o
                0x60005e1e                XBAR1_IRQ_0_1_IRQHandler
 .text.XBAR1_IRQ_2_3_IRQHandler
                0x60005e26        0x8 ./startup/startup_mimxrt1052.o
                0x60005e26                XBAR1_IRQ_2_3_IRQHandler
 .text.ADC_ETC_IRQ0_IRQHandler
                0x60005e2e        0x8 ./startup/startup_mimxrt1052.o
                0x60005e2e                ADC_ETC_IRQ0_IRQHandler
 .text.ADC_ETC_IRQ1_IRQHandler
                0x60005e36        0x8 ./startup/startup_mimxrt1052.o
                0x60005e36                ADC_ETC_IRQ1_IRQHandler
 .text.ADC_ETC_IRQ2_IRQHandler
                0x60005e3e        0x8 ./startup/startup_mimxrt1052.o
                0x60005e3e                ADC_ETC_IRQ2_IRQHandler
 .text.ADC_ETC_ERROR_IRQ_IRQHandler
                0x60005e46        0x8 ./startup/startup_mimxrt1052.o
                0x60005e46                ADC_ETC_ERROR_IRQ_IRQHandler
 .text.PIT_IRQHandler
                0x60005e4e        0x8 ./startup/startup_mimxrt1052.o
                0x60005e4e                PIT_IRQHandler
 .text.ACMP1_IRQHandler
                0x60005e56        0x8 ./startup/startup_mimxrt1052.o
                0x60005e56                ACMP1_IRQHandler
 .text.ACMP2_IRQHandler
                0x60005e5e        0x8 ./startup/startup_mimxrt1052.o
                0x60005e5e                ACMP2_IRQHandler
 .text.ACMP3_IRQHandler
                0x60005e66        0x8 ./startup/startup_mimxrt1052.o
                0x60005e66                ACMP3_IRQHandler
 .text.ACMP4_IRQHandler
                0x60005e6e        0x8 ./startup/startup_mimxrt1052.o
                0x60005e6e                ACMP4_IRQHandler
 .text.Reserved143_IRQHandler
                0x60005e76        0x8 ./startup/startup_mimxrt1052.o
                0x60005e76                Reserved143_IRQHandler
 .text.Reserved144_IRQHandler
                0x60005e7e        0x8 ./startup/startup_mimxrt1052.o
                0x60005e7e                Reserved144_IRQHandler
 .text.ENC1_IRQHandler
                0x60005e86        0x8 ./startup/startup_mimxrt1052.o
                0x60005e86                ENC1_IRQHandler
 .text.ENC2_IRQHandler
                0x60005e8e        0x8 ./startup/startup_mimxrt1052.o
                0x60005e8e                ENC2_IRQHandler
 .text.ENC3_IRQHandler
                0x60005e96        0x8 ./startup/startup_mimxrt1052.o
                0x60005e96                ENC3_IRQHandler
 .text.ENC4_IRQHandler
                0x60005e9e        0x8 ./startup/startup_mimxrt1052.o
                0x60005e9e                ENC4_IRQHandler
 .text.TMR1_IRQHandler
                0x60005ea6        0x8 ./startup/startup_mimxrt1052.o
                0x60005ea6                TMR1_IRQHandler
 .text.TMR2_IRQHandler
                0x60005eae        0x8 ./startup/startup_mimxrt1052.o
                0x60005eae                TMR2_IRQHandler
 .text.TMR3_IRQHandler
                0x60005eb6        0x8 ./startup/startup_mimxrt1052.o
                0x60005eb6                TMR3_IRQHandler
 .text.TMR4_IRQHandler
                0x60005ebe        0x8 ./startup/startup_mimxrt1052.o
                0x60005ebe                TMR4_IRQHandler
 .text.PWM2_0_IRQHandler
                0x60005ec6        0x8 ./startup/startup_mimxrt1052.o
                0x60005ec6                PWM2_0_IRQHandler
 .text.PWM2_1_IRQHandler
                0x60005ece        0x8 ./startup/startup_mimxrt1052.o
                0x60005ece                PWM2_1_IRQHandler
 .text.PWM2_2_IRQHandler
                0x60005ed6        0x8 ./startup/startup_mimxrt1052.o
                0x60005ed6                PWM2_2_IRQHandler
 .text.PWM2_3_IRQHandler
                0x60005ede        0x8 ./startup/startup_mimxrt1052.o
                0x60005ede                PWM2_3_IRQHandler
 .text.PWM2_FAULT_IRQHandler
                0x60005ee6        0x8 ./startup/startup_mimxrt1052.o
                0x60005ee6                PWM2_FAULT_IRQHandler
 .text.PWM3_0_IRQHandler
                0x60005eee        0x8 ./startup/startup_mimxrt1052.o
                0x60005eee                PWM3_0_IRQHandler
 .text.PWM3_1_IRQHandler
                0x60005ef6        0x8 ./startup/startup_mimxrt1052.o
                0x60005ef6                PWM3_1_IRQHandler
 .text.PWM3_2_IRQHandler
                0x60005efe        0x8 ./startup/startup_mimxrt1052.o
                0x60005efe                PWM3_2_IRQHandler
 .text.PWM3_3_IRQHandler
                0x60005f06        0x8 ./startup/startup_mimxrt1052.o
                0x60005f06                PWM3_3_IRQHandler
 .text.PWM3_FAULT_IRQHandler
                0x60005f0e        0x8 ./startup/startup_mimxrt1052.o
                0x60005f0e                PWM3_FAULT_IRQHandler
 .text.PWM4_0_IRQHandler
                0x60005f16        0x8 ./startup/startup_mimxrt1052.o
                0x60005f16                PWM4_0_IRQHandler
 .text.PWM4_1_IRQHandler
                0x60005f1e        0x8 ./startup/startup_mimxrt1052.o
                0x60005f1e                PWM4_1_IRQHandler
 .text.PWM4_2_IRQHandler
                0x60005f26        0x8 ./startup/startup_mimxrt1052.o
                0x60005f26                PWM4_2_IRQHandler
 .text.PWM4_3_IRQHandler
                0x60005f2e        0x8 ./startup/startup_mimxrt1052.o
                0x60005f2e                PWM4_3_IRQHandler
 .text.PWM4_FAULT_IRQHandler
                0x60005f36        0x8 ./startup/startup_mimxrt1052.o
                0x60005f36                PWM4_FAULT_IRQHandler
 .text.GPIO_ReadPinInput
                0x60005f3e       0x1c ./source/enc_basic.o
 .text.ENC_GetHoldPositionDifferenceValue
                0x60005f5a       0x1a ./source/enc_basic.o
 .text.ENC_GetHoldRevolutionValue
                0x60005f74       0x1a ./source/enc_basic.o
 .text.HardFault_Handler
                0x60005f8e       0x36 ./source/semihost_hardfault.o
                0x60005f8e                HardFault_Handler
 .text.CLOCK_IsPllBypassed
                0x60005fc4       0x32 ./drivers/fsl_clock.o
 .text.CLOCK_IsPllEnabled
                0x60005ff6       0x3c ./drivers/fsl_clock.o
 .text.CLOCK_GetPllBypassRefClk
                0x60006032       0x34 ./drivers/fsl_clock.o
 .text._SDK_AtomicLocalClearAndSet4Byte
                0x60006066       0x50 ./drivers/fsl_enc.o
 .text.CLOCK_EnableClock
                0x600060b6       0x1e ./drivers/fsl_enc.o
 .text.ENC_DoSoftwareLoadInitialPositionValue
                0x600060d4       0x30 ./drivers/fsl_enc.o
                0x600060d4                ENC_DoSoftwareLoadInitialPositionValue
 .text.ENC_GetPositionValue
                0x60006104       0x32 ./drivers/fsl_enc.o
                0x60006104                ENC_GetPositionValue
 .text._SDK_AtomicLocalClearAndSet4Byte
                0x60006136       0x50 ./drivers/fsl_lpuart.o
 .text.CLOCK_EnableClock
                0x60006186       0x1e ./drivers/fsl_lpuart.o
 .text.LPUART_SoftwareReset
                0x600061a4       0x2c ./drivers/fsl_lpuart.o
 .text._SDK_AtomicLocalClearAndSet4Byte
                0x600061d0       0x50 ./drivers/fsl_xbara.o
 .text.CLOCK_EnableClock
                0x60006220       0x1e ./drivers/fsl_xbara.o
 .text.XBARA_SetSignalsConnection
                0x6000623e       0x58 ./drivers/fsl_xbara.o
                0x6000623e                XBARA_SetSignalsConnection
 .text.SystemInitHook
                0x60006296        0xe ./device/system_MIMXRT1052.o
                0x60006296                SystemInitHook
 .text.HAL_UartGetStatus
                0x600062a4       0x28 ./component/uart/fsl_adapter_lpuart.o
 .text.BOARD_InitDebugConsole
                0x600062cc       0x22 ./board/board.o
                0x600062cc                BOARD_InitDebugConsole
 .text._SDK_AtomicLocalClearAndSet4Byte
                0x600062ee       0x50 ./board/clock_config.o
 .text.CLOCK_DisableClock
                0x6000633e       0x1e ./board/clock_config.o
 .text.CLOCK_SetPllBypass
                0x6000635c       0x4e ./board/clock_config.o
 .text.IOMUXC_SetSaiMClkClockSource
                0x600063aa       0x6c ./board/clock_config.o
 .text.BOARD_InitBootClocks
                0x60006416        0xc ./board/clock_config.o
                0x60006416                BOARD_InitBootClocks
 .text._SDK_AtomicLocalClearAndSet4Byte
                0x60006422       0x50 ./board/pin_mux.o
 .text.CLOCK_EnableClock
                0x60006472       0x1e ./board/pin_mux.o
 .text.IOMUXC_SetPinMux
                0x60006490       0x3a ./board/pin_mux.o
 .text.IOMUXC_SetPinConfig
                0x600064ca       0x26 ./board/pin_mux.o
 .text.BOARD_InitBootPins
                0x600064f0        0xc ./board/pin_mux.o
                0x600064f0                BOARD_InitBootPins
 .text.__main   0x600064fc        0xe c:/nxp/mcuxpressoide_11.9.0_2144/ide/plugins/com.nxp.mcuxpresso.tools.win32_11.9.0.202307121226/tools/bin/../lib/gcc/arm-none-eabi/12.3.1/../../../../arm-none-eabi/lib/thumb/v7e-m+dp/hard\libcr_nohost_nf.a(_cr__main.o)
                0x600064fc                __main
 .text.memset   0x6000650a        0x4 c:/nxp/mcuxpressoide_11.9.0_2144/ide/plugins/com.nxp.mcuxpresso.tools.win32_11.9.0.202307121226/tools/bin/../lib/gcc/arm-none-eabi/12.3.1/../../../../arm-none-eabi/lib/thumb/v7e-m+dp/hard\libcr_c.a(memset.o)
                0x6000650a                memset
 .text.free     0x6000650e       0x30 c:/nxp/mcuxpressoide_11.9.0_2144/ide/plugins/com.nxp.mcuxpresso.tools.win32_11.9.0.202307121226/tools/bin/../lib/gcc/arm-none-eabi/12.3.1/../../../../arm-none-eabi/lib/thumb/v7e-m+dp/hard\libcr_c.a(alloc.o)
                0x6000650e                free
 .text.setvbuf  0x6000653e       0x3e c:/nxp/mcuxpressoide_11.9.0_2144/ide/plugins/com.nxp.mcuxpresso.tools.win32_11.9.0.202307121226/tools/bin/../lib/gcc/arm-none-eabi/12.3.1/../../../../arm-none-eabi/lib/thumb/v7e-m+dp/hard\libcr_c.a(setvbuf.o)
                0x6000653e                setvbuf
 .text.strlen   0x6000657c       0x4e c:/nxp/mcuxpressoide_11.9.0_2144/ide/plugins/com.nxp.mcuxpresso.tools.win32_11.9.0.202307121226/tools/bin/../lib/gcc/arm-none-eabi/12.3.1/../../../../arm-none-eabi/lib/thumb/v7e-m+dp/hard\libcr_c.a(strlen.o)
                0x6000657c                strlen
 .text._deferredlazyseek
                0x600065ca       0x40 c:/nxp/mcuxpressoide_11.9.0_2144/ide/plugins/com.nxp.mcuxpresso.tools.win32_11.9.0.202307121226/tools/bin/../lib/gcc/arm-none-eabi/12.3.1/../../../../arm-none-eabi/lib/thumb/v7e-m+dp/hard\libcr_c.a(_deferredlazyseek.o)
                0x600065ca                _deferredlazyseek
 .text._fdopen  0x6000660a       0x68 c:/nxp/mcuxpressoide_11.9.0_2144/ide/plugins/com.nxp.mcuxpresso.tools.win32_11.9.0.202307121226/tools/bin/../lib/gcc/arm-none-eabi/12.3.1/../../../../arm-none-eabi/lib/thumb/v7e-m+dp/hard\libcr_c.a(_fdopen.o)
                0x6000660a                _fdopen
 .text._fflush  0x60006672       0x52 c:/nxp/mcuxpressoide_11.9.0_2144/ide/plugins/com.nxp.mcuxpresso.tools.win32_11.9.0.202307121226/tools/bin/../lib/gcc/arm-none-eabi/12.3.1/../../../../arm-none-eabi/lib/thumb/v7e-m+dp/hard\libcr_c.a(_fflush.o)
                0x60006672                _fflush
 .text.fclose   0x600066c4       0x58 c:/nxp/mcuxpressoide_11.9.0_2144/ide/plugins/com.nxp.mcuxpresso.tools.win32_11.9.0.202307121226/tools/bin/../lib/gcc/arm-none-eabi/12.3.1/../../../../arm-none-eabi/lib/thumb/v7e-m+dp/hard\libcr_c.a(fclose.o)
                0x600066c4                fclose
 .text.remove   0x6000671c       0x14 c:/nxp/mcuxpressoide_11.9.0_2144/ide/plugins/com.nxp.mcuxpresso.tools.win32_11.9.0.202307121226/tools/bin/../lib/gcc/arm-none-eabi/12.3.1/../../../../arm-none-eabi/lib/thumb/v7e-m+dp/hard\libcr_c.a(remove.o)
                0x6000671c                remove
 .text._do_fflush
                0x60006730       0x40 c:/nxp/mcuxpressoide_11.9.0_2144/ide/plugins/com.nxp.mcuxpresso.tools.win32_11.9.0.202307121226/tools/bin/../lib/gcc/arm-none-eabi/12.3.1/../../../../arm-none-eabi/lib/thumb/v7e-m+dp/hard\libcr_c.a(_do_fflush.o)
                0x60006730                _do_fflush
 .text.__aeabi_division_ldivmod
                0x60006770       0x26 c:/nxp/mcuxpressoide_11.9.0_2144/ide/plugins/com.nxp.mcuxpresso.tools.win32_11.9.0.202307121226/tools/bin/../lib/gcc/arm-none-eabi/12.3.1/thumb/v7e-m+dp/hard\libcr_eabihelpers.a(division_64.o)
                0x60006770                __aeabi_ldivmod
 .text.__aeabi_division_uldivmod
                0x60006796      0x174 c:/nxp/mcuxpressoide_11.9.0_2144/ide/plugins/com.nxp.mcuxpresso.tools.win32_11.9.0.202307121226/tools/bin/../lib/gcc/arm-none-eabi/12.3.1/thumb/v7e-m+dp/hard\libcr_eabihelpers.a(division_64.o)
                0x60006796                __aeabi_uldivmod
                0x6000679a                __bhs_ldivmod1
 .text.__aeabi_division_idiv0
                0x6000690a        0x2 c:/nxp/mcuxpressoide_11.9.0_2144/ide/plugins/com.nxp.mcuxpresso.tools.win32_11.9.0.202307121226/tools/bin/../lib/gcc/arm-none-eabi/12.3.1/thumb/v7e-m+dp/hard\libcr_eabihelpers.a(division_idiv0.o)
                0x6000690a                __aeabi_idiv0
 .text.__aeabi_memset_lowlevel
                0x6000690c       0x32 c:/nxp/mcuxpressoide_11.9.0_2144/ide/plugins/com.nxp.mcuxpresso.tools.win32_11.9.0.202307121226/tools/bin/../lib/gcc/arm-none-eabi/12.3.1/thumb/v7e-m+dp/hard\libcr_eabihelpers.a(memcpy.o)
                0x6000690c                __aeabi_lowlevel_memset
 .text.__sys_close
                0x6000693e        0x6 c:/nxp/mcuxpressoide_11.9.0_2144/ide/plugins/com.nxp.mcuxpresso.tools.win32_11.9.0.202307121226/tools/bin/../lib/gcc/arm-none-eabi/12.3.1/../../../../arm-none-eabi/lib/thumb/v7e-m+dp/hard\libcr_nohost_nf.a(__sys_close.o)
                0x6000693e                __sys_close
 .text.__sys_flen
                0x60006944        0x6 c:/nxp/mcuxpressoide_11.9.0_2144/ide/plugins/com.nxp.mcuxpresso.tools.win32_11.9.0.202307121226/tools/bin/../lib/gcc/arm-none-eabi/12.3.1/../../../../arm-none-eabi/lib/thumb/v7e-m+dp/hard\libcr_nohost_nf.a(__sys_flen.o)
                0x60006944                __sys_flen
 .text.__sys_istty
                0x6000694a        0x6 c:/nxp/mcuxpressoide_11.9.0_2144/ide/plugins/com.nxp.mcuxpresso.tools.win32_11.9.0.202307121226/tools/bin/../lib/gcc/arm-none-eabi/12.3.1/../../../../arm-none-eabi/lib/thumb/v7e-m+dp/hard\libcr_nohost_nf.a(__sys_istty.o)
                0x6000694a                __sys_istty
 .text.__sys_remove
                0x60006950        0x6 c:/nxp/mcuxpressoide_11.9.0_2144/ide/plugins/com.nxp.mcuxpresso.tools.win32_11.9.0.202307121226/tools/bin/../lib/gcc/arm-none-eabi/12.3.1/../../../../arm-none-eabi/lib/thumb/v7e-m+dp/hard\libcr_nohost_nf.a(__sys_remove.o)
                0x60006950                __sys_remove
 .text.__sys_seek
                0x60006956        0x6 c:/nxp/mcuxpressoide_11.9.0_2144/ide/plugins/com.nxp.mcuxpresso.tools.win32_11.9.0.202307121226/tools/bin/../lib/gcc/arm-none-eabi/12.3.1/../../../../arm-none-eabi/lib/thumb/v7e-m+dp/hard\libcr_nohost_nf.a(__sys_seek.o)
                0x60006956                __sys_seek
 .text.__sys_tmpnam
                0x6000695c        0x6 c:/nxp/mcuxpressoide_11.9.0_2144/ide/plugins/com.nxp.mcuxpresso.tools.win32_11.9.0.202307121226/tools/bin/../lib/gcc/arm-none-eabi/12.3.1/../../../../arm-none-eabi/lib/thumb/v7e-m+dp/hard\libcr_nohost_nf.a(__sys_tmpnam.o)
                0x6000695c                __sys_tmpnam
 .text.__sys_write
                0x60006962        0x4 c:/nxp/mcuxpressoide_11.9.0_2144/ide/plugins/com.nxp.mcuxpresso.tools.win32_11.9.0.202307121226/tools/bin/../lib/gcc/arm-none-eabi/12.3.1/../../../../arm-none-eabi/lib/thumb/v7e-m+dp/hard\libcr_nohost_nf.a(__sys_write.o)
                0x60006962                __sys_write
 *(SORT_BY_ALIGNMENT(.rodata) SORT_BY_ALIGNMENT(.rodata.*) SORT_BY_ALIGNMENT(.constdata) SORT_BY_ALIGNMENT(.constdata.*))
 *fill*         0x60006966        0x2 ff
 .rodata.__assertion_failed.str1.4
                0x60006968       0x14 ./utilities/fsl_assert.o
 .rodata.GPIO_PinRead.str1.4
                0x6000697c       0x9c ./source/enc_basic.o
 .rodata.main.str1.4
                0x60006a18       0xc1 ./source/enc_basic.o
                                 0xc5 (size before relaxing)
 *fill*         0x60006ad9        0x3 ff
 .rodata.CLOCK_InitExternalClk.str1.4
                0x60006adc       0x21 ./drivers/fsl_clock.o
 *fill*         0x60006afd        0x3 ff
 .rodata.CLOCK_GetPllFreq.str1.4
                0x60006b00       0x6d ./drivers/fsl_clock.o
 *fill*         0x60006b6d        0x3 ff
 .rodata.enetRefClkFreq.1
                0x60006b70       0x10 ./drivers/fsl_clock.o
 .rodata.CLOCK_ControlGate.str1.4
                0x60006b80       0x20 ./drivers/fsl_enc.o
 .rodata.s_encBases
                0x60006ba0       0x14 ./drivers/fsl_enc.o
 .rodata.s_encClocks
                0x60006bb4        0xa ./drivers/fsl_enc.o
 *fill*         0x60006bbe        0x2 ff
 .rodata.ENC_GetInstance.str1.4
                0x60006bc0       0x31 ./drivers/fsl_enc.o
 *fill*         0x60006bf1        0x3 ff
 .rodata.ENC_Init.str1.4
                0x60006bf4       0x1e ./drivers/fsl_enc.o
 *fill*         0x60006c12        0x2 ff
 .rodata.ENC_GetDefaultConfig.str1.4
                0x60006c14       0x1f ./drivers/fsl_enc.o
 .rodata.CLOCK_ControlGate.str1.4
                0x60006c33       0x20 ./drivers/fsl_lpuart.o
 *fill*         0x60006c33        0x1 ff
 .rodata.s_lpuartBases
                0x60006c34       0x24 ./drivers/fsl_lpuart.o
 .rodata.s_lpuartClock
                0x60006c58       0x12 ./drivers/fsl_lpuart.o
 *fill*         0x60006c6a        0x2 ff
 .rodata.LPUART_GetInstance.str1.4
                0x60006c6c       0x38 ./drivers/fsl_lpuart.o
 .rodata.LPUART_Init.str1.4
                0x60006ca4      0x10a ./drivers/fsl_lpuart.o
 *fill*         0x60006dae        0x2 ff
 .rodata.LPUART_GetDefaultConfig.str1.4
                0x60006db0       0x22 ./drivers/fsl_lpuart.o
 *fill*         0x60006dd2        0x2 ff
 .rodata.LPUART_WriteBlocking.str1.4
                0x60006dd4       0x21 ./drivers/fsl_lpuart.o
 *fill*         0x60006df5        0x3 ff
 .rodata.LPUART_ReadBlocking.str1.4
                0x60006df8       0x21 ./drivers/fsl_lpuart.o
 .rodata.CLOCK_ControlGate.str1.4
                0x60006e19       0x20 ./drivers/fsl_xbara.o
 *fill*         0x60006e19        0x3 ff
 .rodata.s_xbaraBases
                0x60006e1c        0x8 ./drivers/fsl_xbara.o
 .rodata.s_xbaraClock
                0x60006e24        0x4 ./drivers/fsl_xbara.o
 .rodata.XBARA_GetInstance.str1.4
                0x60006e28       0x35 ./drivers/fsl_xbara.o
 *fill*         0x60006e5d        0x3 ff
 .rodata.s_LpuartAdapterBase
                0x60006e60       0x24 ./component/uart/fsl_adapter_lpuart.o
 .rodata.HAL_UartInit.str1.4
                0x60006e84      0x116 ./component/uart/fsl_adapter_lpuart.o
 *fill*         0x60006f9a        0x2 ff
 .rodata.HAL_UartReceiveBlocking.str1.4
                0x60006f9c       0x7b ./component/uart/fsl_adapter_lpuart.o
 *fill*         0x60007017        0x1 ff
 .rodata.HAL_UartSendBlocking.str1.4
                0x60007018       0x7b ./component/uart/fsl_adapter_lpuart.o
 *fill*         0x60007093        0x1 ff
 .rodata.BOARD_ConfigMPU.str1.4
                0x60007094       0x69 ./board/board.o
 *fill*         0x600070fd        0x3 ff
 .rodata.CLOCK_SetMux.str1.4
                0x60007100       0xb2 ./board/clock_config.o
 *fill*         0x600071b2        0x2 ff
 .rodata.CLOCK_SetDiv.str1.4
                0x600071b4       0xb2 ./board/clock_config.o
 *fill*         0x60007266        0x2 ff
 .rodata.CLOCK_ControlGate.str1.4
                0x60007268       0xa1 ./board/clock_config.o
 *fill*         0x60007309        0x3 ff
 .rodata.armPllConfig_BOARD_BootClockRUN
                0x6000730c        0x8 ./board/clock_config.o
                0x6000730c                armPllConfig_BOARD_BootClockRUN
 .rodata.sysPllConfig_BOARD_BootClockRUN
                0x60007314       0x14 ./board/clock_config.o
                0x60007314                sysPllConfig_BOARD_BootClockRUN
 .rodata.CLOCK_ControlGate.str1.4
                0x60007328       0xa1 ./board/pin_mux.o
 .rodata.__num_Ciob_streams
                0x60007328        0x4 c:/nxp/mcuxpressoide_11.9.0_2144/ide/plugins/com.nxp.mcuxpresso.tools.win32_11.9.0.202307121226/tools/bin/../lib/gcc/arm-none-eabi/12.3.1/../../../../arm-none-eabi/lib/thumb/v7e-m+dp/hard\libcr_nohost_nf.a(__ciob.o)
                0x60007328                __num_Ciob_streams
 .rodata._initio.str1.1
                0x6000732c        0x4 c:/nxp/mcuxpressoide_11.9.0_2144/ide/plugins/com.nxp.mcuxpresso.tools.win32_11.9.0.202307121226/tools/bin/../lib/gcc/arm-none-eabi/12.3.1/../../../../arm-none-eabi/lib/thumb/v7e-m+dp/hard\libcr_c.a(initio.o)
                0x600073cc                        . = ALIGN (0x4)

.glue_7         0x60007330        0x0
 .glue_7        0x60007330        0x0 linker stubs

.glue_7t        0x60007330        0x0
 .glue_7t       0x60007330        0x0 linker stubs

.vfp11_veneer   0x60007330        0x0
 .vfp11_veneer  0x60007330        0x0 linker stubs

.v4_bx          0x60007330        0x0
 .v4_bx         0x60007330        0x0 linker stubs

.iplt           0x60007330        0x0
 .iplt          0x60007330        0x0 ./xip/fsl_flexspi_nor_boot.o

.rel.dyn        0x60007330        0x0
 .rel.iplt      0x60007330        0x0 ./xip/fsl_flexspi_nor_boot.o

.ARM.extab
 *(SORT_BY_ALIGNMENT(.ARM.extab*) SORT_BY_ALIGNMENT(.gnu.linkonce.armextab.*))

.ARM.exidx      0x60007330        0x0
                0x60007330                        __exidx_start = .
 *(SORT_BY_ALIGNMENT(.ARM.exidx*) SORT_BY_ALIGNMENT(.gnu.linkonce.armexidx.*))
                0x60007330                        __exidx_end = .
                0x60007330                        _etext = .

.data_RAM2      0x00000000        0x0 load address 0x60007330
 FILL mask 0xff
                [!provide]                        PROVIDE (__start_data_RAM2 = .)
                [!provide]                        PROVIDE (__start_data_SRAM_ITC = .)
 *(SORT_BY_ALIGNMENT(.ramfunc.$RAM2))
 *(SORT_BY_ALIGNMENT(.ramfunc.$SRAM_ITC))
 *(SORT_BY_ALIGNMENT(.data.$RAM2))
 *(SORT_BY_ALIGNMENT(.data.$SRAM_ITC))
 *(SORT_BY_ALIGNMENT(.data.$RAM2.*))
 *(SORT_BY_ALIGNMENT(.data.$SRAM_ITC.*))
                0x00000000                        . = ALIGN (0x4)
                [!provide]                        PROVIDE (__end_data_RAM2 = .)
                [!provide]                        PROVIDE (__end_data_SRAM_ITC = .)

.data_RAM3      0x20200000        0x0 load address 0x60007330
 FILL mask 0xff
                [!provide]                        PROVIDE (__start_data_RAM3 = .)
                [!provide]                        PROVIDE (__start_data_SRAM_OC = .)
 *(SORT_BY_ALIGNMENT(.ramfunc.$RAM3))
 *(SORT_BY_ALIGNMENT(.ramfunc.$SRAM_OC))
 *(SORT_BY_ALIGNMENT(.data.$RAM3))
 *(SORT_BY_ALIGNMENT(.data.$SRAM_OC))
 *(SORT_BY_ALIGNMENT(.data.$RAM3.*))
 *(SORT_BY_ALIGNMENT(.data.$SRAM_OC.*))
                0x20200000                        . = ALIGN (0x4)
                [!provide]                        PROVIDE (__end_data_RAM3 = .)
                [!provide]                        PROVIDE (__end_data_SRAM_OC = .)

.data_RAM4      0x80000000        0x0 load address 0x60007330
 FILL mask 0xff
                [!provide]                        PROVIDE (__start_data_RAM4 = .)
                [!provide]                        PROVIDE (__start_data_BOARD_SDRAM = .)
 *(SORT_BY_ALIGNMENT(.ramfunc.$RAM4))
 *(SORT_BY_ALIGNMENT(.ramfunc.$BOARD_SDRAM))
 *(SORT_BY_ALIGNMENT(.data.$RAM4))
 *(SORT_BY_ALIGNMENT(.data.$BOARD_SDRAM))
 *(SORT_BY_ALIGNMENT(.data.$RAM4.*))
 *(SORT_BY_ALIGNMENT(.data.$BOARD_SDRAM.*))
                0x80000000                        . = ALIGN (0x4)
                [!provide]                        PROVIDE (__end_data_RAM4 = .)
                [!provide]                        PROVIDE (__end_data_BOARD_SDRAM = .)

.data_RAM5      0x81e00000        0x0 load address 0x60007330
 FILL mask 0xff
                [!provide]                        PROVIDE (__start_data_RAM5 = .)
                [!provide]                        PROVIDE (__start_data_NCACHE_REGION = .)
 *(SORT_BY_ALIGNMENT(.ramfunc.$RAM5))
 *(SORT_BY_ALIGNMENT(.ramfunc.$NCACHE_REGION))
 *(SORT_BY_ALIGNMENT(.data.$RAM5))
 *(SORT_BY_ALIGNMENT(.data.$NCACHE_REGION))
 *(SORT_BY_ALIGNMENT(.data.$RAM5.*))
 *(SORT_BY_ALIGNMENT(.data.$NCACHE_REGION.*))
                0x81e00000                        . = ALIGN (0x4)
                [!provide]                        PROVIDE (__end_data_RAM5 = .)
                [!provide]                        PROVIDE (__end_data_NCACHE_REGION = .)

.uninit_RESERVED
                0x20000000        0x0
                0x20000000                        _start_uninit_RESERVED = .
 *(SORT_BY_ALIGNMENT(.bss.$RESERVED*))
                0x20000000                        . = ALIGN (0x4)
                0x20000000                        _end_uninit_RESERVED = .

.data           0x20000000        0x4 load address 0x60007330
 FILL mask 0xff
                0x20000000                        _data = .
                [!provide]                        PROVIDE (__start_data_RAM = .)
                [!provide]                        PROVIDE (__start_data_SRAM_DTC = .)
 *(SORT_BY_ALIGNMENT(vtable))
 *(SORT_BY_ALIGNMENT(.ramfunc*))
 *(SORT_BY_ALIGNMENT(CodeQuickAccess))
 *(SORT_BY_ALIGNMENT(DataQuickAccess))
 *(SORT_BY_ALIGNMENT(RamFunction))
 *(SORT_BY_ALIGNMENT(NonCacheable.init))
 *(SORT_BY_ALIGNMENT(.data*))
 .data.SystemCoreClock
                0x20000000        0x4 ./device/system_MIMXRT1052.o
                0x20000000                SystemCoreClock
                0x20000004                        . = ALIGN (0x4)
                0x20000004                        _edata = .
                [!provide]                        PROVIDE (__end_data_RAM = .)
                [!provide]                        PROVIDE (__end_data_SRAM_DTC = .)

.igot.plt       0x20000004        0x0 load address 0x60007334
 .igot.plt      0x20000004        0x0 ./xip/fsl_flexspi_nor_boot.o

.bss_RAM2       0x00000000        0x0
                [!provide]                        PROVIDE (__start_bss_RAM2 = .)
                [!provide]                        PROVIDE (__start_bss_SRAM_ITC = .)
 *(SORT_BY_ALIGNMENT(.bss.$RAM2))
 *(SORT_BY_ALIGNMENT(.bss.$SRAM_ITC))
 *(SORT_BY_ALIGNMENT(.bss.$RAM2.*))
 *(SORT_BY_ALIGNMENT(.bss.$SRAM_ITC.*))
                0x00000000                        . = ALIGN ((. != 0x0)?0x4:0x1)
                [!provide]                        PROVIDE (__end_bss_RAM2 = .)
                [!provide]                        PROVIDE (__end_bss_SRAM_ITC = .)

.bss_RAM3       0x20200000        0x0
                [!provide]                        PROVIDE (__start_bss_RAM3 = .)
                [!provide]                        PROVIDE (__start_bss_SRAM_OC = .)
 *(SORT_BY_ALIGNMENT(.bss.$RAM3))
 *(SORT_BY_ALIGNMENT(.bss.$SRAM_OC))
 *(SORT_BY_ALIGNMENT(.bss.$RAM3.*))
 *(SORT_BY_ALIGNMENT(.bss.$SRAM_OC.*))
                0x20200000                        . = ALIGN ((. != 0x0)?0x4:0x1)
                [!provide]                        PROVIDE (__end_bss_RAM3 = .)
                [!provide]                        PROVIDE (__end_bss_SRAM_OC = .)

.bss_RAM4       0x80000000        0x0
                [!provide]                        PROVIDE (__start_bss_RAM4 = .)
                [!provide]                        PROVIDE (__start_bss_BOARD_SDRAM = .)
 *(SORT_BY_ALIGNMENT(.bss.$RAM4))
 *(SORT_BY_ALIGNMENT(.bss.$BOARD_SDRAM))
 *(SORT_BY_ALIGNMENT(.bss.$RAM4.*))
 *(SORT_BY_ALIGNMENT(.bss.$BOARD_SDRAM.*))
                0x80000000                        . = ALIGN ((. != 0x0)?0x4:0x1)
                [!provide]                        PROVIDE (__end_bss_RAM4 = .)
                [!provide]                        PROVIDE (__end_bss_BOARD_SDRAM = .)

.bss_RAM5       0x81e00000        0x0
                [!provide]                        PROVIDE (__start_bss_RAM5 = .)
                [!provide]                        PROVIDE (__start_bss_NCACHE_REGION = .)
 *(SORT_BY_ALIGNMENT(.bss.$RAM5))
 *(SORT_BY_ALIGNMENT(.bss.$NCACHE_REGION))
 *(SORT_BY_ALIGNMENT(.bss.$RAM5.*))
 *(SORT_BY_ALIGNMENT(.bss.$NCACHE_REGION.*))
                0x81e00000                        . = ALIGN ((. != 0x0)?0x4:0x1)
                [!provide]                        PROVIDE (__end_bss_RAM5 = .)
                [!provide]                        PROVIDE (__end_bss_NCACHE_REGION = .)

.bss            0x20000004      0x120
                0x20000004                        _bss = .
                [!provide]                        PROVIDE (__start_bss_RAM = .)
                [!provide]                        PROVIDE (__start_bss_SRAM_DTC = .)
 *(SORT_BY_ALIGNMENT(NonCacheable))
 *(SORT_BY_ALIGNMENT(.bss*))
 .bss.s_debugConsole
                0x20000004       0x14 ./utilities/fsl_debug_console.o
 .bss.g_xtalFreq
                0x20000018        0x4 ./drivers/fsl_clock.o
                0x20000018                g_xtalFreq
 .bss.g_rtcXtalFreq
                0x2000001c        0x4 ./drivers/fsl_clock.o
                0x2000001c                g_rtcXtalFreq
 .bss.s_lpuartHandle
                0x20000020       0x24 ./drivers/fsl_lpuart.o
                0x20000020                s_lpuartHandle
 .bss.s_lpuartIsr
                0x20000044       0x24 ./drivers/fsl_lpuart.o
                0x20000044                s_lpuartIsr
 .bss.errno     0x20000068        0x4 c:/nxp/mcuxpressoide_11.9.0_2144/ide/plugins/com.nxp.mcuxpresso.tools.win32_11.9.0.202307121226/tools/bin/../lib/gcc/arm-none-eabi/12.3.1/../../../../arm-none-eabi/lib/thumb/v7e-m+dp/hard\libcr_c.a(errno.o)
                0x20000068                errno
 .bss.__Ciob    0x2000006c       0xb4 c:/nxp/mcuxpressoide_11.9.0_2144/ide/plugins/com.nxp.mcuxpresso.tools.win32_11.9.0.202307121226/tools/bin/../lib/gcc/arm-none-eabi/12.3.1/../../../../arm-none-eabi/lib/thumb/v7e-m+dp/hard\libcr_nohost_nf.a(__ciob.o)
                0x2000006c                __Ciob
 .bss.button    0x20000120        0x1 ./source/enc_basic.o
                0x20000120                button
 *(SORT_BY_ALIGNMENT(COMMON))
                0x20000124                        . = ALIGN (0x4)
 *fill*         0x20000121        0x3 
                0x20000124                        _ebss = .
                [!provide]                        PROVIDE (__end_bss_RAM = .)
                [!provide]                        PROVIDE (__end_bss_SRAM_DTC = .)
                [!provide]                        PROVIDE (end = .)

.noinit_RAM2    0x00000000        0x0
                [!provide]                        PROVIDE (__start_noinit_RAM2 = .)
                [!provide]                        PROVIDE (__start_noinit_SRAM_ITC = .)
 *(SORT_BY_ALIGNMENT(.noinit.$RAM2))
 *(SORT_BY_ALIGNMENT(.noinit.$SRAM_ITC))
 *(SORT_BY_ALIGNMENT(.noinit.$RAM2.*))
 *(SORT_BY_ALIGNMENT(.noinit.$SRAM_ITC.*))
                0x00000000                        . = ALIGN (0x4)
                [!provide]                        PROVIDE (__end_noinit_RAM2 = .)
                [!provide]                        PROVIDE (__end_noinit_SRAM_ITC = .)

.noinit_RAM3    0x20200000        0x0
                [!provide]                        PROVIDE (__start_noinit_RAM3 = .)
                [!provide]                        PROVIDE (__start_noinit_SRAM_OC = .)
 *(SORT_BY_ALIGNMENT(.noinit.$RAM3))
 *(SORT_BY_ALIGNMENT(.noinit.$SRAM_OC))
 *(SORT_BY_ALIGNMENT(.noinit.$RAM3.*))
 *(SORT_BY_ALIGNMENT(.noinit.$SRAM_OC.*))
                0x20200000                        . = ALIGN (0x4)
                [!provide]                        PROVIDE (__end_noinit_RAM3 = .)
                [!provide]                        PROVIDE (__end_noinit_SRAM_OC = .)

.noinit_RAM4    0x80000000        0x0
                [!provide]                        PROVIDE (__start_noinit_RAM4 = .)
                [!provide]                        PROVIDE (__start_noinit_BOARD_SDRAM = .)
 *(SORT_BY_ALIGNMENT(.noinit.$RAM4))
 *(SORT_BY_ALIGNMENT(.noinit.$BOARD_SDRAM))
 *(SORT_BY_ALIGNMENT(.noinit.$RAM4.*))
 *(SORT_BY_ALIGNMENT(.noinit.$BOARD_SDRAM.*))
                0x80000000                        . = ALIGN (0x4)
                [!provide]                        PROVIDE (__end_noinit_RAM4 = .)
                [!provide]                        PROVIDE (__end_noinit_BOARD_SDRAM = .)

.noinit_RAM5    0x81e00000        0x0
                [!provide]                        PROVIDE (__start_noinit_RAM5 = .)
                [!provide]                        PROVIDE (__start_noinit_NCACHE_REGION = .)
 *(SORT_BY_ALIGNMENT(.noinit.$RAM5))
 *(SORT_BY_ALIGNMENT(.noinit.$NCACHE_REGION))
 *(SORT_BY_ALIGNMENT(.noinit.$RAM5.*))
 *(SORT_BY_ALIGNMENT(.noinit.$NCACHE_REGION.*))
                0x81e00000                        . = ALIGN (0x4)
                [!provide]                        PROVIDE (__end_noinit_RAM5 = .)
                [!provide]                        PROVIDE (__end_noinit_NCACHE_REGION = .)

.noinit         0x20000124        0x0
                0x20000124                        _noinit = .
                [!provide]                        PROVIDE (__start_noinit_RAM = .)
                [!provide]                        PROVIDE (__start_noinit_SRAM_DTC = .)
 *(SORT_BY_ALIGNMENT(.noinit*))
                0x20000124                        . = ALIGN (0x4)
                0x20000124                        _end_noinit = .
                [!provide]                        PROVIDE (__end_noinit_RAM = .)
                [!provide]                        PROVIDE (__end_noinit_SRAM_DTC = .)
                0x00001000                        _HeapSize = 0x1000

.heap           0x20000124     0x1000
                0x20000124                        _pvHeapStart = .
                0x20001124                        . = (. + _HeapSize)
 *fill*         0x20000124     0x1000 
                0x20001124                        . = ALIGN (0x4)
                0x20001124                        _pvHeapLimit = .
                0x00001000                        _StackSize = 0x1000

.heap2stackfill
                0x20001124     0x1000
                0x20002124                        . = (. + _StackSize)
 *fill*         0x20001124     0x1000 

.stack          0x2001f000        0x0
                0x2001f000                        _vStackBase = .
                0x2001f000                        . = ALIGN (0x4)
                0x20020000                        _vStackTop = (. + _StackSize)
                0x60002000                        _image_start = LOADADDR (.text)
                0x60007334                        _image_end = (LOADADDR (.data) + SIZEOF (.data))
                0x00005334                        _image_size = (_image_end - _image_start)
OUTPUT(evkbimxrt1050_enc_basic.axf elf32-littlearm)
LOAD linker stubs

.debug_info     0x00000000    0x138e2
 .debug_info    0x00000000      0x860 ./xip/evkbimxrt1050_flexspi_nor_config.o
 .debug_info    0x00000860      0x488 ./xip/fsl_flexspi_nor_boot.o
 .debug_info    0x00000ce8      0x135 ./utilities/fsl_assert.o
 .debug_info    0x00000e1d      0xd70 ./utilities/fsl_debug_console.o
 .debug_info    0x00001b8d       0x24 ./utilities/fsl_memcpy.o
 .debug_info    0x00001bb1     0x141f ./startup/startup_mimxrt1052.o
 .debug_info    0x00002fd0     0x17b7 ./source/enc_basic.o
 .debug_info    0x00004787       0x3c ./source/semihost_hardfault.o
 .debug_info    0x000047c3     0x2512 ./drivers/fsl_clock.o
 .debug_info    0x00006cd5     0x12f9 ./drivers/fsl_enc.o
 .debug_info    0x00007fce     0x2878 ./drivers/fsl_lpuart.o
 .debug_info    0x0000a846     0x1c2c ./drivers/fsl_xbara.o
 .debug_info    0x0000c472      0xc5a ./device/system_MIMXRT1052.o
 .debug_info    0x0000d0cc      0xbe6 ./component/uart/fsl_adapter_lpuart.o
 .debug_info    0x0000dcb2     0x1036 ./board/board.o
 .debug_info    0x0000ece8     0x1aa8 ./board/clock_config.o
 .debug_info    0x00010790      0x8d9 ./board/pin_mux.o
 .debug_info    0x00011069       0x85 c:/nxp/mcuxpressoide_11.9.0_2144/ide/plugins/com.nxp.mcuxpresso.tools.win32_11.9.0.202307121226/tools/bin/../lib/gcc/arm-none-eabi/12.3.1/../../../../arm-none-eabi/lib/thumb/v7e-m+dp/hard\libcr_nohost_nf.a(_cr__main.o)
 .debug_info    0x000110ee       0xe3 c:/nxp/mcuxpressoide_11.9.0_2144/ide/plugins/com.nxp.mcuxpresso.tools.win32_11.9.0.202307121226/tools/bin/../lib/gcc/arm-none-eabi/12.3.1/../../../../arm-none-eabi/lib/thumb/v7e-m+dp/hard\libcr_c.a(memset.o)
 .debug_info    0x000111d1      0x506 c:/nxp/mcuxpressoide_11.9.0_2144/ide/plugins/com.nxp.mcuxpresso.tools.win32_11.9.0.202307121226/tools/bin/../lib/gcc/arm-none-eabi/12.3.1/../../../../arm-none-eabi/lib/thumb/v7e-m+dp/hard\libcr_c.a(alloc.o)
 .debug_info    0x000116d7       0x44 c:/nxp/mcuxpressoide_11.9.0_2144/ide/plugins/com.nxp.mcuxpresso.tools.win32_11.9.0.202307121226/tools/bin/../lib/gcc/arm-none-eabi/12.3.1/../../../../arm-none-eabi/lib/thumb/v7e-m+dp/hard\libcr_c.a(errno.o)
 .debug_info    0x0001171b      0x339 c:/nxp/mcuxpressoide_11.9.0_2144/ide/plugins/com.nxp.mcuxpresso.tools.win32_11.9.0.202307121226/tools/bin/../lib/gcc/arm-none-eabi/12.3.1/../../../../arm-none-eabi/lib/thumb/v7e-m+dp/hard\libcr_c.a(initio.o)
 .debug_info    0x00011a54      0x1f6 c:/nxp/mcuxpressoide_11.9.0_2144/ide/plugins/com.nxp.mcuxpresso.tools.win32_11.9.0.202307121226/tools/bin/../lib/gcc/arm-none-eabi/12.3.1/../../../../arm-none-eabi/lib/thumb/v7e-m+dp/hard\libcr_c.a(setvbuf.o)
 .debug_info    0x00011c4a       0xda c:/nxp/mcuxpressoide_11.9.0_2144/ide/plugins/com.nxp.mcuxpresso.tools.win32_11.9.0.202307121226/tools/bin/../lib/gcc/arm-none-eabi/12.3.1/../../../../arm-none-eabi/lib/thumb/v7e-m+dp/hard\libcr_c.a(strlen.o)
 .debug_info    0x00011d24      0x362 c:/nxp/mcuxpressoide_11.9.0_2144/ide/plugins/com.nxp.mcuxpresso.tools.win32_11.9.0.202307121226/tools/bin/../lib/gcc/arm-none-eabi/12.3.1/../../../../arm-none-eabi/lib/thumb/v7e-m+dp/hard\libcr_c.a(_deferredlazyseek.o)
 .debug_info    0x00012086      0x244 c:/nxp/mcuxpressoide_11.9.0_2144/ide/plugins/com.nxp.mcuxpresso.tools.win32_11.9.0.202307121226/tools/bin/../lib/gcc/arm-none-eabi/12.3.1/../../../../arm-none-eabi/lib/thumb/v7e-m+dp/hard\libcr_c.a(_fdopen.o)
 .debug_info    0x000122ca      0x1e3 c:/nxp/mcuxpressoide_11.9.0_2144/ide/plugins/com.nxp.mcuxpresso.tools.win32_11.9.0.202307121226/tools/bin/../lib/gcc/arm-none-eabi/12.3.1/../../../../arm-none-eabi/lib/thumb/v7e-m+dp/hard\libcr_c.a(_fflush.o)
 .debug_info    0x000124ad      0x282 c:/nxp/mcuxpressoide_11.9.0_2144/ide/plugins/com.nxp.mcuxpresso.tools.win32_11.9.0.202307121226/tools/bin/../lib/gcc/arm-none-eabi/12.3.1/../../../../arm-none-eabi/lib/thumb/v7e-m+dp/hard\libcr_c.a(_writebuf.o)
 .debug_info    0x0001272f      0x318 c:/nxp/mcuxpressoide_11.9.0_2144/ide/plugins/com.nxp.mcuxpresso.tools.win32_11.9.0.202307121226/tools/bin/../lib/gcc/arm-none-eabi/12.3.1/../../../../arm-none-eabi/lib/thumb/v7e-m+dp/hard\libcr_c.a(fclose.o)
 .debug_info    0x00012a47      0x202 c:/nxp/mcuxpressoide_11.9.0_2144/ide/plugins/com.nxp.mcuxpresso.tools.win32_11.9.0.202307121226/tools/bin/../lib/gcc/arm-none-eabi/12.3.1/../../../../arm-none-eabi/lib/thumb/v7e-m+dp/hard\libcr_c.a(fflush.o)
 .debug_info    0x00012c49      0x276 c:/nxp/mcuxpressoide_11.9.0_2144/ide/plugins/com.nxp.mcuxpresso.tools.win32_11.9.0.202307121226/tools/bin/../lib/gcc/arm-none-eabi/12.3.1/../../../../arm-none-eabi/lib/thumb/v7e-m+dp/hard\libcr_c.a(fseek.o)
 .debug_info    0x00012ebf      0x190 c:/nxp/mcuxpressoide_11.9.0_2144/ide/plugins/com.nxp.mcuxpresso.tools.win32_11.9.0.202307121226/tools/bin/../lib/gcc/arm-none-eabi/12.3.1/../../../../arm-none-eabi/lib/thumb/v7e-m+dp/hard\libcr_c.a(ftell.o)
 .debug_info    0x0001304f      0x1ca c:/nxp/mcuxpressoide_11.9.0_2144/ide/plugins/com.nxp.mcuxpresso.tools.win32_11.9.0.202307121226/tools/bin/../lib/gcc/arm-none-eabi/12.3.1/../../../../arm-none-eabi/lib/thumb/v7e-m+dp/hard\libcr_c.a(remove.o)
 .debug_info    0x00013219      0x23a c:/nxp/mcuxpressoide_11.9.0_2144/ide/plugins/com.nxp.mcuxpresso.tools.win32_11.9.0.202307121226/tools/bin/../lib/gcc/arm-none-eabi/12.3.1/../../../../arm-none-eabi/lib/thumb/v7e-m+dp/hard\libcr_c.a(_do_fflush.o)
 .debug_info    0x00013453      0x18b c:/nxp/mcuxpressoide_11.9.0_2144/ide/plugins/com.nxp.mcuxpresso.tools.win32_11.9.0.202307121226/tools/bin/../lib/gcc/arm-none-eabi/12.3.1/../../../../arm-none-eabi/lib/thumb/v7e-m+dp/hard\libcr_nohost_nf.a(__ciob.o)
 .debug_info    0x000135de       0x5c c:/nxp/mcuxpressoide_11.9.0_2144/ide/plugins/com.nxp.mcuxpresso.tools.win32_11.9.0.202307121226/tools/bin/../lib/gcc/arm-none-eabi/12.3.1/../../../../arm-none-eabi/lib/thumb/v7e-m+dp/hard\libcr_nohost_nf.a(__sys_close.o)
 .debug_info    0x0001363a       0x5c c:/nxp/mcuxpressoide_11.9.0_2144/ide/plugins/com.nxp.mcuxpresso.tools.win32_11.9.0.202307121226/tools/bin/../lib/gcc/arm-none-eabi/12.3.1/../../../../arm-none-eabi/lib/thumb/v7e-m+dp/hard\libcr_nohost_nf.a(__sys_flen.o)
 .debug_info    0x00013696       0x5c c:/nxp/mcuxpressoide_11.9.0_2144/ide/plugins/com.nxp.mcuxpresso.tools.win32_11.9.0.202307121226/tools/bin/../lib/gcc/arm-none-eabi/12.3.1/../../../../arm-none-eabi/lib/thumb/v7e-m+dp/hard\libcr_nohost_nf.a(__sys_istty.o)
 .debug_info    0x000136f2       0x7c c:/nxp/mcuxpressoide_11.9.0_2144/ide/plugins/com.nxp.mcuxpresso.tools.win32_11.9.0.202307121226/tools/bin/../lib/gcc/arm-none-eabi/12.3.1/../../../../arm-none-eabi/lib/thumb/v7e-m+dp/hard\libcr_nohost_nf.a(__sys_remove.o)
 .debug_info    0x0001376e       0x6a c:/nxp/mcuxpressoide_11.9.0_2144/ide/plugins/com.nxp.mcuxpresso.tools.win32_11.9.0.202307121226/tools/bin/../lib/gcc/arm-none-eabi/12.3.1/../../../../arm-none-eabi/lib/thumb/v7e-m+dp/hard\libcr_nohost_nf.a(__sys_seek.o)
 .debug_info    0x000137d8       0x85 c:/nxp/mcuxpressoide_11.9.0_2144/ide/plugins/com.nxp.mcuxpresso.tools.win32_11.9.0.202307121226/tools/bin/../lib/gcc/arm-none-eabi/12.3.1/../../../../arm-none-eabi/lib/thumb/v7e-m+dp/hard\libcr_nohost_nf.a(__sys_tmpnam.o)
 .debug_info    0x0001385d       0x85 c:/nxp/mcuxpressoide_11.9.0_2144/ide/plugins/com.nxp.mcuxpresso.tools.win32_11.9.0.202307121226/tools/bin/../lib/gcc/arm-none-eabi/12.3.1/../../../../arm-none-eabi/lib/thumb/v7e-m+dp/hard\libcr_nohost_nf.a(__sys_write.o)

.debug_abbrev   0x00000000     0x373c
 .debug_abbrev  0x00000000      0x10a ./xip/evkbimxrt1050_flexspi_nor_config.o
 .debug_abbrev  0x0000010a       0xe2 ./xip/fsl_flexspi_nor_boot.o
 .debug_abbrev  0x000001ec       0xbd ./utilities/fsl_assert.o
 .debug_abbrev  0x000002a9      0x23a ./utilities/fsl_debug_console.o
 .debug_abbrev  0x000004e3       0x14 ./utilities/fsl_memcpy.o
 .debug_abbrev  0x000004f7      0x147 ./startup/startup_mimxrt1052.o
 .debug_abbrev  0x0000063e      0x26e ./source/enc_basic.o
 .debug_abbrev  0x000008ac       0x31 ./source/semihost_hardfault.o
 .debug_abbrev  0x000008dd      0x35a ./drivers/fsl_clock.o
 .debug_abbrev  0x00000c37      0x2c0 ./drivers/fsl_enc.o
 .debug_abbrev  0x00000ef7      0x488 ./drivers/fsl_lpuart.o
 .debug_abbrev  0x0000137f      0x2cf ./drivers/fsl_xbara.o
 .debug_abbrev  0x0000164e      0x16e ./device/system_MIMXRT1052.o
 .debug_abbrev  0x000017bc      0x1e7 ./component/uart/fsl_adapter_lpuart.o
 .debug_abbrev  0x000019a3      0x301 ./board/board.o
 .debug_abbrev  0x00001ca4      0x327 ./board/clock_config.o
 .debug_abbrev  0x00001fcb      0x22d ./board/pin_mux.o
 .debug_abbrev  0x000021f8       0x70 c:/nxp/mcuxpressoide_11.9.0_2144/ide/plugins/com.nxp.mcuxpresso.tools.win32_11.9.0.202307121226/tools/bin/../lib/gcc/arm-none-eabi/12.3.1/../../../../arm-none-eabi/lib/thumb/v7e-m+dp/hard\libcr_nohost_nf.a(_cr__main.o)
 .debug_abbrev  0x00002268       0xa8 c:/nxp/mcuxpressoide_11.9.0_2144/ide/plugins/com.nxp.mcuxpresso.tools.win32_11.9.0.202307121226/tools/bin/../lib/gcc/arm-none-eabi/12.3.1/../../../../arm-none-eabi/lib/thumb/v7e-m+dp/hard\libcr_c.a(memset.o)
 .debug_abbrev  0x00002310      0x284 c:/nxp/mcuxpressoide_11.9.0_2144/ide/plugins/com.nxp.mcuxpresso.tools.win32_11.9.0.202307121226/tools/bin/../lib/gcc/arm-none-eabi/12.3.1/../../../../arm-none-eabi/lib/thumb/v7e-m+dp/hard\libcr_c.a(alloc.o)
 .debug_abbrev  0x00002594       0x44 c:/nxp/mcuxpressoide_11.9.0_2144/ide/plugins/com.nxp.mcuxpresso.tools.win32_11.9.0.202307121226/tools/bin/../lib/gcc/arm-none-eabi/12.3.1/../../../../arm-none-eabi/lib/thumb/v7e-m+dp/hard\libcr_c.a(errno.o)
 .debug_abbrev  0x000025d8      0x169 c:/nxp/mcuxpressoide_11.9.0_2144/ide/plugins/com.nxp.mcuxpresso.tools.win32_11.9.0.202307121226/tools/bin/../lib/gcc/arm-none-eabi/12.3.1/../../../../arm-none-eabi/lib/thumb/v7e-m+dp/hard\libcr_c.a(initio.o)
 .debug_abbrev  0x00002741       0xe1 c:/nxp/mcuxpressoide_11.9.0_2144/ide/plugins/com.nxp.mcuxpresso.tools.win32_11.9.0.202307121226/tools/bin/../lib/gcc/arm-none-eabi/12.3.1/../../../../arm-none-eabi/lib/thumb/v7e-m+dp/hard\libcr_c.a(setvbuf.o)
 .debug_abbrev  0x00002822       0xa7 c:/nxp/mcuxpressoide_11.9.0_2144/ide/plugins/com.nxp.mcuxpresso.tools.win32_11.9.0.202307121226/tools/bin/../lib/gcc/arm-none-eabi/12.3.1/../../../../arm-none-eabi/lib/thumb/v7e-m+dp/hard\libcr_c.a(strlen.o)
 .debug_abbrev  0x000028c9      0x152 c:/nxp/mcuxpressoide_11.9.0_2144/ide/plugins/com.nxp.mcuxpresso.tools.win32_11.9.0.202307121226/tools/bin/../lib/gcc/arm-none-eabi/12.3.1/../../../../arm-none-eabi/lib/thumb/v7e-m+dp/hard\libcr_c.a(_deferredlazyseek.o)
 .debug_abbrev  0x00002a1b      0x119 c:/nxp/mcuxpressoide_11.9.0_2144/ide/plugins/com.nxp.mcuxpresso.tools.win32_11.9.0.202307121226/tools/bin/../lib/gcc/arm-none-eabi/12.3.1/../../../../arm-none-eabi/lib/thumb/v7e-m+dp/hard\libcr_c.a(_fdopen.o)
 .debug_abbrev  0x00002b34       0xf1 c:/nxp/mcuxpressoide_11.9.0_2144/ide/plugins/com.nxp.mcuxpresso.tools.win32_11.9.0.202307121226/tools/bin/../lib/gcc/arm-none-eabi/12.3.1/../../../../arm-none-eabi/lib/thumb/v7e-m+dp/hard\libcr_c.a(_fflush.o)
 .debug_abbrev  0x00002c25      0x126 c:/nxp/mcuxpressoide_11.9.0_2144/ide/plugins/com.nxp.mcuxpresso.tools.win32_11.9.0.202307121226/tools/bin/../lib/gcc/arm-none-eabi/12.3.1/../../../../arm-none-eabi/lib/thumb/v7e-m+dp/hard\libcr_c.a(_writebuf.o)
 .debug_abbrev  0x00002d4b      0x155 c:/nxp/mcuxpressoide_11.9.0_2144/ide/plugins/com.nxp.mcuxpresso.tools.win32_11.9.0.202307121226/tools/bin/../lib/gcc/arm-none-eabi/12.3.1/../../../../arm-none-eabi/lib/thumb/v7e-m+dp/hard\libcr_c.a(fclose.o)
 .debug_abbrev  0x00002ea0      0x125 c:/nxp/mcuxpressoide_11.9.0_2144/ide/plugins/com.nxp.mcuxpresso.tools.win32_11.9.0.202307121226/tools/bin/../lib/gcc/arm-none-eabi/12.3.1/../../../../arm-none-eabi/lib/thumb/v7e-m+dp/hard\libcr_c.a(fflush.o)
 .debug_abbrev  0x00002fc5      0x11b c:/nxp/mcuxpressoide_11.9.0_2144/ide/plugins/com.nxp.mcuxpresso.tools.win32_11.9.0.202307121226/tools/bin/../lib/gcc/arm-none-eabi/12.3.1/../../../../arm-none-eabi/lib/thumb/v7e-m+dp/hard\libcr_c.a(fseek.o)
 .debug_abbrev  0x000030e0       0xc2 c:/nxp/mcuxpressoide_11.9.0_2144/ide/plugins/com.nxp.mcuxpresso.tools.win32_11.9.0.202307121226/tools/bin/../lib/gcc/arm-none-eabi/12.3.1/../../../../arm-none-eabi/lib/thumb/v7e-m+dp/hard\libcr_c.a(ftell.o)
 .debug_abbrev  0x000031a2       0xfb c:/nxp/mcuxpressoide_11.9.0_2144/ide/plugins/com.nxp.mcuxpresso.tools.win32_11.9.0.202307121226/tools/bin/../lib/gcc/arm-none-eabi/12.3.1/../../../../arm-none-eabi/lib/thumb/v7e-m+dp/hard\libcr_c.a(remove.o)
 .debug_abbrev  0x0000329d      0x12c c:/nxp/mcuxpressoide_11.9.0_2144/ide/plugins/com.nxp.mcuxpresso.tools.win32_11.9.0.202307121226/tools/bin/../lib/gcc/arm-none-eabi/12.3.1/../../../../arm-none-eabi/lib/thumb/v7e-m+dp/hard\libcr_c.a(_do_fflush.o)